Archive member included to satisfy reference by file (symbol)

C:/devkitPro/libgba/lib\libmm.a(mm_mas.o)
                              bn_hw_audio.o (mmStart)
C:/devkitPro/libgba/lib\libmm.a(mm_main.o)
                              C:/devkitPro/libgba/lib\libmm.a(mm_mas.o) (mmCallback)
C:/devkitPro/libgba/lib\libmm.a(mm_effect.o)
                              C:/devkitPro/libgba/lib\libmm.a(mm_main.o) (mmResetEffects)
C:/devkitPro/libgba/lib\libmm.a(mm_mas_arm.o)
                              C:/devkitPro/libgba/lib\libmm.a(mm_mas.o) (mmAllocChannel)
C:/devkitPro/libgba/lib\libmm.a(mm_mixer_gba.o)
                              bn_hw_audio.o (mmVBlank)
c:/devkitpro/devkitarm/bin/../lib/gcc/arm-none-eabi/11.1.0/thumb\libgcc.a(_call_via_rX.o)
                              C:/devkitPro/libgba/lib\libmm.a(mm_main.o) (_call_via_r1)
c:/devkitpro/devkitarm/bin/../lib/gcc/arm-none-eabi/11.1.0/thumb\libgcc.a(_aeabi_ldivmod.o)
                              bn_hw_text.o (__aeabi_ldivmod)
c:/devkitpro/devkitarm/bin/../lib/gcc/arm-none-eabi/11.1.0/thumb\libgcc.a(_aeabi_uldivmod.o)
                              bn_hw_text.o (__aeabi_uldivmod)
c:/devkitpro/devkitarm/bin/../lib/gcc/arm-none-eabi/11.1.0/thumb\libgcc.a(_udivmoddi4.o)
                              c:/devkitpro/devkitarm/bin/../lib/gcc/arm-none-eabi/11.1.0/thumb\libgcc.a(_aeabi_ldivmod.o) (__udivmoddi4)
c:/devkitpro/devkitarm/bin/../lib/gcc/arm-none-eabi/11.1.0/thumb\libgcc.a(_clzdi2.o)
                              c:/devkitpro/devkitarm/bin/../lib/gcc/arm-none-eabi/11.1.0/thumb\libgcc.a(_udivmoddi4.o) (__clzdi2)
c:/devkitpro/devkitarm/bin/../lib/gcc/arm-none-eabi/11.1.0/thumb\libgcc.a(_clzsi2.o)
                              c:/devkitpro/devkitarm/bin/../lib/gcc/arm-none-eabi/11.1.0/thumb\libgcc.a(_clzdi2.o) (__clzsi2)
c:/devkitpro/devkitarm/bin/../lib/gcc/arm-none-eabi/11.1.0/../../../../arm-none-eabi/lib/thumb\libg.a(lib_a-init.o)
                              c:/devkitpro/devkitarm/bin/../lib/gcc/arm-none-eabi/11.1.0/../../../../arm-none-eabi/lib/thumb/gba_crt0.o (__libc_init_array)
c:/devkitpro/devkitarm/bin/../lib/gcc/arm-none-eabi/11.1.0/../../../../arm-none-eabi/lib/thumb\libg.a(lib_a-memcpy-stub.o)
                              main.o (memcpy)
c:/devkitpro/devkitarm/bin/../lib/gcc/arm-none-eabi/11.1.0/../../../../arm-none-eabi/lib/thumb\libg.a(lib_a-memmove.o)
                              bn_display_manager.o (memmove)
c:/devkitpro/devkitarm/bin/../lib/gcc/arm-none-eabi/11.1.0/../../../../arm-none-eabi/lib/thumb\libg.a(lib_a-memset.o)
                              bn_bg_blocks_manager.o (memset)
c:/devkitpro/devkitarm/bin/../lib/gcc/arm-none-eabi/11.1.0/../../../../arm-none-eabi/lib/thumb\libsysbase.a(malloc_vars.o)
                              c:/devkitpro/devkitarm/bin/../lib/gcc/arm-none-eabi/11.1.0/../../../../arm-none-eabi/lib/thumb/gba_crt0.o (fake_heap_end)

Discarded input sections

 .text          0x0000000000000000        0x0 c:/devkitpro/devkitarm/bin/../lib/gcc/arm-none-eabi/11.1.0/../../../../arm-none-eabi/lib/thumb/gba_crt0.o
 .data          0x0000000000000000        0x0 c:/devkitpro/devkitarm/bin/../lib/gcc/arm-none-eabi/11.1.0/../../../../arm-none-eabi/lib/thumb/gba_crt0.o
 .bss           0x0000000000000000        0x0 c:/devkitpro/devkitarm/bin/../lib/gcc/arm-none-eabi/11.1.0/../../../../arm-none-eabi/lib/thumb/gba_crt0.o
 .text          0x0000000000000000        0x0 c:/devkitpro/devkitarm/bin/../lib/gcc/arm-none-eabi/11.1.0/thumb/crti.o
 .data          0x0000000000000000        0x0 c:/devkitpro/devkitarm/bin/../lib/gcc/arm-none-eabi/11.1.0/thumb/crti.o
 .bss           0x0000000000000000        0x0 c:/devkitpro/devkitarm/bin/../lib/gcc/arm-none-eabi/11.1.0/thumb/crti.o
 .text          0x0000000000000000        0x0 c:/devkitpro/devkitarm/bin/../lib/gcc/arm-none-eabi/11.1.0/thumb/crtbegin.o
 .data          0x0000000000000000        0x0 c:/devkitpro/devkitarm/bin/../lib/gcc/arm-none-eabi/11.1.0/thumb/crtbegin.o
 .bss           0x0000000000000000        0x0 c:/devkitpro/devkitarm/bin/../lib/gcc/arm-none-eabi/11.1.0/thumb/crtbegin.o
 .rodata.all_implied_fbits
                0x0000000000000000       0x24 c:/devkitpro/devkitarm/bin/../lib/gcc/arm-none-eabi/11.1.0/thumb/crtbegin.o
 .data.__dso_handle
                0x0000000000000000        0x4 c:/devkitpro/devkitarm/bin/../lib/gcc/arm-none-eabi/11.1.0/thumb/crtbegin.o
 .text          0x0000000000000000        0x0 _bn_audio_soundbank.bin.o
 .data          0x0000000000000000        0x0 _bn_audio_soundbank.bin.o
 .bss           0x0000000000000000        0x0 _bn_audio_soundbank.bin.o
 .text          0x0000000000000000        0x0 background_bn_graphics.o
 .data          0x0000000000000000        0x0 background_bn_graphics.o
 .bss           0x0000000000000000        0x0 background_bn_graphics.o
 .text          0x0000000000000000        0x0 bullet_bn_graphics.o
 .data          0x0000000000000000        0x0 bullet_bn_graphics.o
 .bss           0x0000000000000000        0x0 bullet_bn_graphics.o
[...]
Memory Configuration

Name             Origin             Length             Attributes
rom              0x0000000008000000 0x0000000002000000
iwram            0x0000000003000000 0x0000000000008000
ewram            0x0000000002000000 0x0000000000040000
*default*        0x0000000000000000 0xffffffffffffffff

Linker script and memory map

                0x0000000008000000                __text_start = ORIGIN (rom)
                0x0000000002040000                __eheap_end = (ORIGIN (ewram) + LENGTH (ewram))
                0x0000000003000000                __iwram_start = ORIGIN (iwram)
                0x0000000003008000                __iwram_top = (ORIGIN (iwram) + LENGTH (iwram))
                0x0000000003007fa0                __sp_irq = (__iwram_top - 0x60)
                0x0000000003007f00                __sp_usr = (__sp_irq - 0xa0)
                0x0000000003007ff8                __irq_flags = 0x3007ff8
                0x0000000008000000                . = __text_start

.crt0           0x0000000008000000      0x210
 *(.crt0)
 .crt0          0x0000000008000000      0x210 c:/devkitpro/devkitarm/bin/../lib/gcc/arm-none-eabi/11.1.0/../../../../arm-none-eabi/lib/thumb/gba_crt0.o
                0x0000000008000000                _start
                0x00000000080000c4                __boot_method
                0x00000000080000c5                __slave_number
                0x00000000080000e0                start_vector
                0x0000000008000210                . = ALIGN (0x4)

.init           0x0000000008000210        0xc
 *(SORT_NONE(.init))
 .init          0x0000000008000210        0x4 c:/devkitpro/devkitarm/bin/../lib/gcc/arm-none-eabi/11.1.0/thumb/crti.o
                0x0000000008000210                _init
 .init          0x0000000008000214        0x8 c:/devkitpro/devkitarm/bin/../lib/gcc/arm-none-eabi/11.1.0/thumb/crtn.o

.plt            0x000000000800021c        0x0
 *(.plt)
                0x000000000800021c                . = ALIGN (0x4)

.text           0x0000000008000220    0x160e0
 *(EXCLUDE_FILE(*.iwram*) .text*)
 .text.__do_global_dtors_aux
                0x0000000008000220       0x2c c:/devkitpro/devkitarm/bin/../lib/gcc/arm-none-eabi/11.1.0/thumb/crtbegin.o
 .text.frame_dummy
                0x000000000800024c       0x24 c:/devkitpro/devkitarm/bin/../lib/gcc/arm-none-eabi/11.1.0/thumb/crtbegin.o
 .text.startup.main
                0x0000000008000270      0x3c0 main.o
                0x0000000008000270                main
 .text._ZN4info15_update_spritesEv
                0x0000000008000630       0x98 info.o
                0x0000000008000630                info::_update_sprites()
 .text._ZN4info15set_show_alwaysEb
                0x00000000080006c8       0x28 info.o
                0x00000000080006c8                info::set_show_always(bool)
 .text._ZN3_bn6assert9show_argsIJA16_ciEEEvPKcS4_S4_iDpRKT_
                0x00000000080006f0       0x58 info.o
                0x00000000080006f0                void _bn::assert::show_args<char [16], int>(char const*, char const*, char const*, int, char const (&) [16], int const&)
 .text._ZN4infoC2ERKN2bn11string_viewERKNS0_4spanIS2_EERNS0_21sprite_text_generatorE
                0x0000000008000748      0x160 info.o
                0x0000000008000748                info::info(bn::string_view const&, bn::span<bn::string_view const> const&, bn::sprite_text_generator&)
                0x0000000008000748                info::info(bn::string_view const&, bn::span<bn::string_view const> const&, bn::sprite_text_generator&)
 .text._ZN3_bn6assert9show_argsIJA15_ciEEEvPKcS4_S4_iDpRKT_
                0x00000000080008a8       0x58 stats.o
                0x00000000080008a8                void _bn::assert::show_args<char [15], int>(char const*, char const*, char const*, int, char const (&) [15], int const&)
 .text._ZN2bn13audio_manager4initEPFvvES2_
                0x0000000008000900        0xc bn_audio_manager.o
                0x0000000008000900                bn::audio_manager::init(void (*)(), void (*)())
 .text._ZN2bn13audio_manager7disableEv
                0x000000000800090c        0xc bn_audio_manager.o
                0x000000000800090c                bn::audio_manager::disable()
 .text._ZN2bn13audio_manager22disable_vblank_handlerEv
                0x0000000008000918        0xc bn_audio_manager.o
                0x0000000008000918                bn::audio_manager::disable_vblank_handler()
 .text._ZN3_bn6assert9show_argsIJA19_ciEEEvPKcS4_S4_iDpRKT_
                0x0000000008000924       0x58 bn_audio_manager.o
                0x0000000008000924                void _bn::assert::show_args<char [19], int>(char const*, char const*, char const*, int, char const (&) [19], int const&)
 .text._ZN2bn13audio_manager6commitEv
                0x000000000800097c       0xe0 bn_audio_manager.o
                0x000000000800097c                bn::audio_manager::commit()
 .text._ZN3_bn6assert9show_argsIJA33_cEEEvPKcS4_S4_iDpRKT_
                0x0000000008000a5c       0x50 bn_audio_manager.o
                0x0000000008000a5c                void _bn::assert::show_args<char [33]>(char const*, char const*, char const*, int, char const (&) [33])
 .text._ZN3_bn6assert9show_argsIJA25_cEEEvPKcS4_S4_iDpRKT_
                0x0000000008000aac       0x50 bn_audio_manager.o
                0x0000000008000aac                void _bn::assert::show_args<char [25]>(char const*, char const*, char const*, int, char const (&) [25])
 .text._ZN3_bn6assert9show_argsIJA21_cEEEvPKcS4_S4_iDpRKT_
                0x0000000008000afc       0x50 bn_audio_manager.o
                0x0000000008000afc                void _bn::assert::show_args<char [21]>(char const*, char const*, char const*, int, char const (&) [21])
 .text._ZN3_bn6assert9show_argsIJA15_cEEEvPKcS4_S4_iDpRKT_
                0x0000000008000b4c       0x50 bn_audio_manager.o
                0x0000000008000b4c                void _bn::assert::show_args<char [15]>(char const*, char const*, char const*, int, char const (&) [15])
 .text._ZNK2bn10sound_item4playEv
                0x0000000008000b9c       0x58 bn_audio_manager.o
                0x0000000008000b9c                bn::sound_item::play() const
 .text._ZN2bn13audio_manager10play_musicENS_10music_itemENS_7fixed_tILi12EEEb
                0x0000000008000bf4       0x68 bn_audio_manager.o
                0x0000000008000bf4                bn::audio_manager::play_music(bn::music_item, bn::fixed_t<12>, bool)
 .text._ZN2bn13audio_manager10stop_musicEv
                0x0000000008000c5c       0x74 bn_audio_manager.o
                0x0000000008000c5c                bn::audio_manager::stop_music()
 .text._ZN2bn5music4stopEv
                0x0000000008000cd0        0xc bn_audio_manager.o
                0x0000000008000cd0                bn::music::stop()
 .text._ZN2bn13audio_manager4stopEv
                0x0000000008000cdc       0x6c bn_audio_manager.o
                0x0000000008000cdc                bn::audio_manager::stop()
 .text._ZN3_bn6assert9show_argsIJA25_cN2bn7fixed_tILi12EEEEEEvPKcS7_S7_iDpRKT_
                0x0000000008000d48      0x11c bn_audio_manager.o
                0x0000000008000d48                void _bn::assert::show_args<char [25], bn::fixed_t<12> >(char const*, char const*, char const*, int, char const (&) [25], bn::fixed_t<12> const&)
 .text._ZNK2bn10music_item4playENS_7fixed_tILi12EEE
                0x0000000008000e64       0x48 bn_audio_manager.o
                0x0000000008000e64                bn::music_item::play(bn::fixed_t<12>) const
 .text.startup._GLOBAL__sub_I__ZN2bn5music7playingEv
                0x0000000008000eac       0x24 bn_audio_manager.o
 .text._ZN2bn13ostringstream11append_argsIiJA4_ctEEEvRKT_DpRKT0_.isra.0
                0x0000000008000ed0       0x24 bn_bg_blocks_manager.o
 .text._ZN2bn13ostringstream11append_argsIiJA4_ciEEEvRKT_DpRKT0_.isra.0
                0x0000000008000ef4       0x24 bn_bg_blocks_manager.o
 .text._ZN2bn17bg_blocks_manager15decrease_usagesEi.part.0
                0x0000000008000f18       0xc0 bn_bg_blocks_manager.o
 .text._ZNK2bn18regular_bg_map_ptr2idEv
                0x0000000008000fd8       0x18 bn_bg_blocks_manager.o
                0x0000000008000fd8                bn::regular_bg_map_ptr::id() const
 .text._ZN2bn18regular_bg_map_ptr8_destroyEv
                0x0000000008000ff0       0x2c bn_bg_blocks_manager.o
                0x0000000008000ff0                bn::regular_bg_map_ptr::_destroy()
 .text._ZNK2bn20regular_bg_tiles_ptr3cbbEv
                0x000000000800101c       0x18 bn_bg_blocks_manager.o
                0x000000000800101c                bn::regular_bg_tiles_ptr::cbb() const
 .text._ZNK2bn17affine_bg_map_ptr2idEv
                0x0000000008001034       0x18 bn_bg_blocks_manager.o
                0x0000000008001034                bn::affine_bg_map_ptr::id() const
 .text._ZN2bn17affine_bg_map_ptr8_destroyEv
                0x000000000800104c       0x2c bn_bg_blocks_manager.o
                0x000000000800104c                bn::affine_bg_map_ptr::_destroy()
 .text._ZNK2bn19affine_bg_tiles_ptr3cbbEv
                0x0000000008001078       0x18 bn_bg_blocks_manager.o
                0x0000000008001078                bn::affine_bg_tiles_ptr::cbb() const
 .text._ZN2bn17bg_blocks_manager15decrease_usagesEi
                0x0000000008001090       0x28 bn_bg_blocks_manager.o
                0x0000000008001090                bn::bg_blocks_manager::decrease_usages(int)
 .text._ZN2bn17bg_blocks_manager11must_commitEi
                0x00000000080010b8       0x18 bn_bg_blocks_manager.o
                0x00000000080010b8                bn::bg_blocks_manager::must_commit(int)
 .text._ZN3_bn6assert9show_argsIJA27_ciEEEvPKcS4_S4_iDpRKT_
                0x00000000080010d0       0x58 bn_bg_blocks_manager.o
                0x00000000080010d0                void _bn::assert::show_args<char [27], int>(char const*, char const*, char const*, int, char const (&) [27], int const&)
 .text._ZN3_bn6assert9show_argsIJA17_ciEEEvPKcS4_S4_iDpRKT_
                0x0000000008001128       0x58 bn_bg_blocks_manager.o
                0x0000000008001128                void _bn::assert::show_args<char [17], int>(char const*, char const*, char const*, int, char const (&) [17], int const&)
 .text._ZNK2bn17affine_bg_map_ptr10dimensionsEv
                0x0000000008001180       0x20 bn_bg_blocks_manager.o
                0x0000000008001180                bn::affine_bg_map_ptr::dimensions() const
 .text._ZNK2bn18regular_bg_map_ptr10dimensionsEv
                0x00000000080011a0       0x20 bn_bg_blocks_manager.o
                0x00000000080011a0                bn::regular_bg_map_ptr::dimensions() const
 .text._ZN3_bn6assert9show_argsIJA26_cEEEvPKcS4_S4_iDpRKT_
                0x00000000080011c0       0x50 bn_bg_blocks_manager.o
                0x00000000080011c0                void _bn::assert::show_args<char [26]>(char const*, char const*, char const*, int, char const (&) [26])
 .text._ZN3_bn6assert9show_argsIJA22_ciA4_ciEEEvPKcS5_S5_iDpRKT_
                0x0000000008001210       0x5c bn_bg_blocks_manager.o
                0x0000000008001210                void _bn::assert::show_args<char [22], int, char [4], int>(char const*, char const*, char const*, int, char const (&) [22], int const&, char const (&) [4], int const&)
 .text._ZN3_bn6assert9show_argsIJA22_cEEEvPKcS4_S4_iDpRKT_
                0x000000000800126c       0x50 bn_bg_blocks_manager.o
                0x000000000800126c                void _bn::assert::show_args<char [22]>(char const*, char const*, char const*, int, char const (&) [22])
 .text._ZN2bn8optionalINS_14bg_palette_ptrEEdeEv
                0x00000000080012bc       0x34 bn_bg_blocks_manager.o
                0x00000000080012bc                bn::optional<bn::bg_palette_ptr>::operator*()
 .text._ZN2bn8optionalINS_14bg_palette_ptrEEptEv
                0x00000000080012f0       0x34 bn_bg_blocks_manager.o
                0x00000000080012f0                bn::optional<bn::bg_palette_ptr>::operator->()
 .text._ZNK2bn18regular_bg_map_ptr5tilesEv
                0x0000000008001324       0x48 bn_bg_blocks_manager.o
                0x0000000008001324                bn::regular_bg_map_ptr::tiles() const
 .text._ZNK2bn17affine_bg_map_ptr5tilesEv
                0x000000000800136c       0x48 bn_bg_blocks_manager.o
                0x000000000800136c                bn::affine_bg_map_ptr::tiles() const
 .text._ZNK2bn18regular_bg_map_ptr3bppEv
                0x00000000080013b4       0x4c bn_bg_blocks_manager.o
                0x00000000080013b4                bn::regular_bg_map_ptr::bpp() const
 .text._ZN2bn17bg_blocks_manager21update_affine_map_rowEiii
                0x0000000008001400       0xfc bn_bg_blocks_manager.o
                0x0000000008001400                bn::bg_blocks_manager::update_affine_map_row(int, int, int)
 .text._ZN2bn17bg_blocks_manager23set_affine_map_positionEiii
                0x00000000080014fc      0x180 bn_bg_blocks_manager.o
                0x00000000080014fc                bn::bg_blocks_manager::set_affine_map_position(int, int, int)
 .text._ZN2bn17bg_blocks_manager21update_affine_map_colEiii
                0x000000000800167c      0x240 bn_bg_blocks_manager.o
                0x000000000800167c                bn::bg_blocks_manager::update_affine_map_col(int, int, int)
 .text._ZN2bn17bg_blocks_manager10log_statusEv
                0x00000000080018bc      0x420 bn_bg_blocks_manager.o
                0x00000000080018bc                bn::bg_blocks_manager::log_status()
 .text._ZN2bn17bg_blocks_manager22update_regular_map_rowEiii
                0x0000000008001cdc      0x250 bn_bg_blocks_manager.o
                0x0000000008001cdc                bn::bg_blocks_manager::update_regular_map_row(int, int, int)
 .text._ZN2bn17bg_blocks_manager22update_regular_map_colEiii
                0x0000000008001f2c      0x2c0 bn_bg_blocks_manager.o
                0x0000000008001f2c                bn::bg_blocks_manager::update_regular_map_col(int, int, int)
 .text._ZN2bn17bg_blocks_manager24set_regular_map_positionEiii
                0x00000000080021ec      0x398 bn_bg_blocks_manager.o
                0x00000000080021ec                bn::bg_blocks_manager::set_regular_map_position(int, int, int)
 .text._ZN2bn17bg_blocks_manager12_GLOBAL__N_112_commit_itemERKNS1_9item_typeE
                0x0000000008002584      0x2d8 bn_bg_blocks_manager.o
 .text._ZN2bn17bg_blocks_manager6commitEv
                0x000000000800285c       0x60 bn_bg_blocks_manager.o
                0x000000000800285c                bn::bg_blocks_manager::commit()
 .text._ZN3_bn6assert9show_argsIJA58_ciA4_ciEEEvPKcS5_S5_iDpRKT_
                0x00000000080028bc       0x5c bn_bg_blocks_manager.o
                0x00000000080028bc                void _bn::assert::show_args<char [58], int, char [4], int>(char const*, char const*, char const*, int, char const (&) [58], int const&, char const (&) [4], int const&)
 .text._ZN3_bn6assert9show_argsIJA22_ciEEEvPKcS4_S4_iDpRKT_
                0x0000000008002918       0x58 bn_bg_blocks_manager.o
                0x0000000008002918                void _bn::assert::show_args<char [22], int>(char const*, char const*, char const*, int, char const (&) [22], int const&)
 .text._ZN3_bn6assert9show_argsIJA44_cPKtA4_cS4_EEEvPKcS7_S7_iDpRKT_
                0x0000000008002970       0x6c bn_bg_blocks_manager.o
                0x0000000008002970                void _bn::assert::show_args<char [44], unsigned short const*, char [4], unsigned short const*>(char const*, char const*, char const*, int, char const (&) [44], unsigned short const* const&, char const (&) [4], unsigned short const* const&)
 .text._ZN3_bn6assert9show_argsIJA46_ciA4_ciEEEvPKcS5_S5_iDpRKT_
                0x00000000080029dc       0x5c bn_bg_blocks_manager.o
                0x00000000080029dc                void _bn::assert::show_args<char [46], int, char [4], int>(char const*, char const*, char const*, int, char const (&) [46], int const&, char const (&) [4], int const&)
 .text._ZN3_bn6assert9show_argsIJA37_cbA4_cbEEEvPKcS5_S5_iDpRKT_
                0x0000000008002a38       0x84 bn_bg_blocks_manager.o
                0x0000000008002a38                void _bn::assert::show_args<char [37], bool, char [4], bool>(char const*, char const*, char const*, int, char const (&) [37], bool const&, char const (&) [4], bool const&)
 .text._ZN3_bn6assert9show_argsIJA19_cEEEvPKcS4_S4_iDpRKT_
                0x0000000008002abc       0x50 bn_bg_blocks_manager.o
                0x0000000008002abc                void _bn::assert::show_args<char [19]>(char const*, char const*, char const*, int, char const (&) [19])
 .text._ZN2bn17bg_blocks_manager12_GLOBAL__N_116_find_tiles_implEPKtNS_16compression_typeEib
                0x0000000008002b0c      0x1f4 bn_bg_blocks_manager.o
 .text._ZN3_bn6assert9show_argsIJA34_ciA4_ctEEEvPKcS5_S5_iDpRKT_
                0x0000000008002d00       0x5c bn_bg_blocks_manager.o
                0x0000000008002d00                void _bn::assert::show_args<char [34], int, char [4], unsigned short>(char const*, char const*, char const*, int, char const (&) [34], int const&, char const (&) [4], unsigned short const&)
 .text._ZN3_bn6assert9show_argsIJA36_ciA4_ctEEEvPKcS5_S5_iDpRKT_
                0x0000000008002d5c       0x5c bn_bg_blocks_manager.o
                0x0000000008002d5c                void _bn::assert::show_args<char [36], int, char [4], unsigned short>(char const*, char const*, char const*, int, char const (&) [36], int const&, char const (&) [4], unsigned short const&)
 .text._ZN3_bn6assert9show_argsIJA54_ciA4_ciEEEvPKcS5_S5_iDpRKT_
                0x0000000008002db8       0x5c bn_bg_blocks_manager.o
                0x0000000008002db8                void _bn::assert::show_args<char [54], int, char [4], int>(char const*, char const*, char const*, int, char const (&) [54], int const&, char const (&) [4], int const&)
 .text._ZN3_bn6assert9show_argsIJA34_ciA4_ciEEEvPKcS5_S5_iDpRKT_
                0x0000000008002e14       0x5c bn_bg_blocks_manager.o
                0x0000000008002e14                void _bn::assert::show_args<char [34], int, char [4], int>(char const*, char const*, char const*, int, char const (&) [34], int const&, char const (&) [4], int const&)
 .text._ZN3_bn6assert9show_argsIJA38_ciA4_ciEEEvPKcS5_S5_iDpRKT_
                0x0000000008002e70       0x5c bn_bg_blocks_manager.o
                0x0000000008002e70                void _bn::assert::show_args<char [38], int, char [4], int>(char const*, char const*, char const*, int, char const (&) [38], int const&, char const (&) [4], int const&)
 .text._ZN2bn17bg_blocks_manager12_GLOBAL__N_122_find_regular_map_implERKNS_19regular_bg_map_itemERKNS_20regular_bg_tiles_ptrERKNS_14bg_palette_ptrE
                0x0000000008002ecc      0x388 bn_bg_blocks_manager.o
 .text._ZN3_bn6assert9show_argsIJA32_cA15_cPKtA16_ciA17_ciA44_cEEEvPKcSA_SA_iDpRKT_
                0x0000000008003254       0x8c bn_bg_blocks_manager.o
                0x0000000008003254                void _bn::assert::show_args<char [32], char [15], unsigned short const*, char [16], int, char [17], int, char [44]>(char const*, char const*, char const*, int, char const (&) [32], char const (&) [15], unsigned short const* const&, char const (&) [16], int const&, char const (&) [17], int const&, char const (&) [44])
 .text._ZN3_bn6assert9show_argsIJA46_cEEEvPKcS4_S4_iDpRKT_
                0x00000000080032e0       0x50 bn_bg_blocks_manager.o
                0x00000000080032e0                void _bn::assert::show_args<char [46]>(char const*, char const*, char const*, int, char const (&) [46])
 .text._ZN3_bn6assert9show_argsIJA30_cA13_cPKtA14_ciA15_ciA17_ciA44_cEEEvPKcSB_SB_iDpRKT_
                0x0000000008003330       0xa0 bn_bg_blocks_manager.o
                0x0000000008003330                void _bn::assert::show_args<char [30], char [13], unsigned short const*, char [14], int, char [15], int, char [17], int, char [44]>(char const*, char const*, char const*, int, char const (&) [30], char const (&) [13], unsigned short const* const&, char const (&) [14], int const&, char const (&) [15], int const&, char const (&) [17], int const&, char const (&) [44])
 .text._ZN3_bn6assert9show_argsIJA20_ciEEEvPKcS4_S4_iDpRKT_
                0x00000000080033d0       0x58 bn_bg_blocks_manager.o
                0x00000000080033d0                void _bn::assert::show_args<char [20], int>(char const*, char const*, char const*, int, char const (&) [20], int const&)
 .text._ZN3_bn6assert9show_argsIJA17_cEEEvPKcS4_S4_iDpRKT_
                0x0000000008003428       0x50 bn_bg_blocks_manager.o
                0x0000000008003428                void _bn::assert::show_args<char [17]>(char const*, char const*, char const*, int, char const (&) [17])
 .text._ZN3_bn6assert9show_argsIJA16_ciA4_ciEEEvPKcS5_S5_iDpRKT_
                0x0000000008003478       0x5c bn_bg_blocks_manager.o
                0x0000000008003478                void _bn::assert::show_args<char [16], int, char [4], int>(char const*, char const*, char const*, int, char const (&) [16], int const&, char const (&) [4], int const&)
 .text._ZN3_bn6assert9show_argsIJA16_cEEEvPKcS4_S4_iDpRKT_
                0x00000000080034d4       0x50 bn_bg_blocks_manager.o
                0x00000000080034d4                void _bn::assert::show_args<char [16]>(char const*, char const*, char const*, int, char const (&) [16])
 .text._ZN2bn17bg_blocks_manager12_GLOBAL__N_110items_list12insert_afterEiRKNS1_9item_typeE.constprop.0
                0x0000000008003524      0x2b8 bn_bg_blocks_manager.o
 .text._ZN2bn17bg_blocks_manager4initEv
                0x00000000080037dc      0x178 bn_bg_blocks_manager.o
                0x00000000080037dc                bn::bg_blocks_manager::init()
 .text._ZN2bn13ostringstream11append_argsIA4_cJiEEEvRKT_DpRKT0_
                0x0000000008003954       0x18 bn_bg_blocks_manager.o
                0x0000000008003954                void bn::ostringstream::append_args<char [4], int>(char const (&) [4], int const&)
 .text._ZN3_bn6assert9show_argsIJA39_cPKN2bn4tileEA4_ciEEEvPKcS9_S9_iDpRKT_
                0x000000000800396c       0x64 bn_bg_blocks_manager.o
                0x000000000800396c                void _bn::assert::show_args<char [39], bn::tile const*, char [4], int>(char const*, char const*, char const*, int, char const (&) [39], bn::tile const* const&, char const (&) [4], int const&)
 .text._ZN3_bn6assert9show_argsIJA25_ciEEEvPKcS4_S4_iDpRKT_
                0x00000000080039d0       0x58 bn_bg_blocks_manager.o
                0x00000000080039d0                void _bn::assert::show_args<char [25], int>(char const*, char const*, char const*, int, char const (&) [25], int const&)
 .text._ZN2bn14iunordered_mapIPKviNS_4hashIS2_EENS_8equal_toIS2_EEE5eraseERKNS7_14const_iteratorE.isra.0
                0x0000000008003a28      0x12c bn_bg_blocks_manager.o
 .text._ZN2bn17bg_blocks_manager12_GLOBAL__N_121_remove_adjacent_itemEiRNS1_9item_typeE
                0x0000000008003b54       0xe0 bn_bg_blocks_manager.o
 .text._ZN2bn17bg_blocks_manager6updateEv.part.0
                0x0000000008003c34      0x1f8 bn_bg_blocks_manager.o
 .text._ZN2bn17bg_blocks_manager6updateEv
                0x0000000008003e2c       0x1c bn_bg_blocks_manager.o
                0x0000000008003e2c                bn::bg_blocks_manager::update()
 .text._ZN2bn17bg_blocks_manager12_GLOBAL__N_112_create_itemEiibONS1_11create_dataE
                0x0000000008003e48      0x550 bn_bg_blocks_manager.o
 .text._ZN2bn17bg_blocks_manager12_GLOBAL__N_112_create_implILNS1_11create_typeE2EEEiONS1_11create_dataE
                0x0000000008004398       0xfc bn_bg_blocks_manager.o
 .text._ZN2bn17bg_blocks_manager18create_regular_mapERKNS_19regular_bg_map_itemEONS_20regular_bg_tiles_ptrEONS_14bg_palette_ptrEb
                0x0000000008004494      0x2cc bn_bg_blocks_manager.o
                0x0000000008004494                bn::bg_blocks_manager::create_regular_map(bn::regular_bg_map_item const&, bn::regular_bg_tiles_ptr&&, bn::bg_palette_ptr&&, bool)
 .text._ZN2bn17bg_blocks_manager12_GLOBAL__N_112_create_implILNS1_11create_typeE0EEEiONS1_11create_dataE.constprop.0
                0x0000000008004760      0x19c bn_bg_blocks_manager.o
 .text._ZN2bn17bg_blocks_manager20create_regular_tilesERKNS_21regular_bg_tiles_itemEb
                0x00000000080048fc      0x14c bn_bg_blocks_manager.o
                0x00000000080048fc                bn::bg_blocks_manager::create_regular_tiles(bn::regular_bg_tiles_item const&, bool)
 .text._ZN2bn18regular_bg_map_ptr6createERKNS_15regular_bg_itemE
                0x0000000008004a48       0x70 bn_bg_blocks_manager.o
                0x0000000008004a48                bn::regular_bg_map_ptr::create(bn::regular_bg_item const&)
 .text.startup._GLOBAL__sub_I__ZN2bn7bg_maps16used_cells_countEv
                0x0000000008004ab8       0x88 bn_bg_blocks_manager.o
 .text.exit._GLOBAL__sub_D__ZN2bn7bg_maps16used_cells_countEv
                0x0000000008004b40       0x80 bn_bg_blocks_manager.o
 .text._ZN2bn11bgs_manager12_GLOBAL__N_129_check_unique_regular_big_mapERNS1_9item_typeE.part.0
                0x0000000008004bc0       0x54 bn_bgs_manager.o
 .text._ZN2bn13ostringstream11append_argsIiJA4_ciEEEvRKT_DpRKT0_.isra.0
                0x0000000008004c14       0x24 bn_bgs_manager.o
 .text._ZNK2bn14regular_bg_ptr1xEv
                0x0000000008004c38        0x8 bn_bgs_manager.o
                0x0000000008004c38                bn::regular_bg_ptr::x() const
 .text._ZN2bn11bgs_manager5hw_idEPv
                0x0000000008004c40       0x24 bn_bgs_manager.o
                0x0000000008004c40                bn::bgs_manager::hw_id(void*)
 .text._ZN2bn11bgs_manager11hw_positionEPv
                0x0000000008004c64        0x4 bn_bgs_manager.o
                0x0000000008004c64                bn::bgs_manager::hw_position(void*)
 .text._ZN2bn11bgs_manager14mat_attributesEPv
                0x0000000008004c68        0x4 bn_bgs_manager.o
                0x0000000008004c68                bn::bgs_manager::mat_attributes(void*)
 .text._ZN2bn11bgs_manager36fill_hblank_effect_regular_positionsEiPKNS_7fixed_tILi12EEEPt
                0x0000000008004c6c       0x38 bn_bgs_manager.o
                0x0000000008004c6c                bn::bgs_manager::fill_hblank_effect_regular_positions(int, bn::fixed_t<12> const*, unsigned short*)
 .text._ZN2bn11bgs_manager45fill_hblank_effect_pivot_horizontal_positionsEPvPKNS_7fixed_tILi12EEEPj
                0x0000000008004ca4       0x24 bn_bgs_manager.o
                0x0000000008004ca4                bn::bgs_manager::fill_hblank_effect_pivot_horizontal_positions(void*, bn::fixed_t<12> const*, unsigned int*)
 .text._ZN2bn11bgs_manager43fill_hblank_effect_pivot_vertical_positionsEPvPKNS_7fixed_tILi12EEEPj
                0x0000000008004cc8       0x24 bn_bgs_manager.o
                0x0000000008004cc8                bn::bgs_manager::fill_hblank_effect_pivot_vertical_positions(void*, bn::fixed_t<12> const*, unsigned int*)
 .text._ZN2bn11bgs_manager6commitEv
                0x0000000008004cec       0xf8 bn_bgs_manager.o
                0x0000000008004cec                bn::bgs_manager::commit()
 .text._ZN2bn11bgs_manager4stopEv
                0x0000000008004de4       0x28 bn_bgs_manager.o
                0x0000000008004de4                bn::bgs_manager::stop()
 .text._ZN3_bn6assert9show_argsIJA18_ciEEEvPKcS4_S4_iDpRKT_
                0x0000000008004e0c       0x58 bn_bgs_manager.o
                0x0000000008004e0c                void _bn::assert::show_args<char [18], int>(char const*, char const*, char const*, int, char const (&) [18], int const&)
 .text._ZN3_bn6assert9show_argsIJA23_cEEEvPKcS4_S4_iDpRKT_
                0x0000000008004e64       0x50 bn_bgs_manager.o
                0x0000000008004e64                void _bn::assert::show_args<char [23]>(char const*, char const*, char const*, int, char const (&) [23])
 .text._ZN2bn11bgs_manager15commit_big_mapsEv
                0x0000000008004eb4      0x2f8 bn_bgs_manager.o
                0x0000000008004eb4                bn::bgs_manager::commit_big_maps()
 .text._ZN2bn11bgs_manager10affine_mapEPv
                0x00000000080051ac       0x34 bn_bgs_manager.o
                0x00000000080051ac                bn::bgs_manager::affine_map(void*)
 .text._ZN2bn11bgs_manager11regular_mapEPv
                0x00000000080051e0       0x34 bn_bgs_manager.o
                0x00000000080051e0                bn::bgs_manager::regular_map(void*)
 .text._ZN3_bn6assert9show_argsIJA30_cEEEvPKcS4_S4_iDpRKT_
                0x0000000008005214       0x50 bn_bgs_manager.o
                0x0000000008005214                void _bn::assert::show_args<char [30]>(char const*, char const*, char const*, int, char const (&) [30])
 .text._ZN2bn18regular_bg_builder11release_mapEv
                0x0000000008005264       0x50 bn_bgs_manager.o
                0x0000000008005264                bn::regular_bg_builder::release_map()
 .text._ZN2bn11bgs_manager6updateEv
                0x00000000080052b4      0x168 bn_bgs_manager.o
                0x00000000080052b4                bn::bgs_manager::update()
 .text._ZN3_bn6assert9show_argsIJA60_ciA4_ciEEEvPKcS5_S5_iDpRKT_
                0x000000000800541c       0x5c bn_bgs_manager.o
                0x000000000800541c                void _bn::assert::show_args<char [60], int, char [4], int>(char const*, char const*, char const*, int, char const (&) [60], int const&, char const (&) [4], int const&)
 .text._ZN2bn14regular_bg_ptr5set_xENS_7fixed_tILi12EEE
                0x0000000008005478       0xb4 bn_bgs_manager.o
                0x0000000008005478                bn::regular_bg_ptr::set_x(bn::fixed_t<12>)
 .text._ZN2bn11bgs_manager12_GLOBAL__N_19item_type26update_regular_hw_positionEv
                0x000000000800552c       0xe0 bn_bgs_manager.o
 .text._ZN2bn11bgs_manager12_GLOBAL__N_19item_type18update_regular_mapEv
                0x000000000800560c      0x1b8 bn_bgs_manager.o
 .text._ZN3_bn6assert9show_argsIJA59_ciA4_ciEEEvPKcS5_S5_iDpRKT_
                0x00000000080057c4       0x5c bn_bgs_manager.o
                0x00000000080057c4                void _bn::assert::show_args<char [59], int, char [4], int>(char const*, char const*, char const*, int, char const (&) [59], int const&, char const (&) [4], int const&)
 .text._ZN3_bn6assert9show_argsIJA57_ciA4_ciEEEvPKcS5_S5_iDpRKT_
                0x0000000008005820       0x5c bn_bgs_manager.o
                0x0000000008005820                void _bn::assert::show_args<char [57], int, char [4], int>(char const*, char const*, char const*, int, char const (&) [57], int const&, char const (&) [4], int const&)
 .text._ZN2bn11bgs_manager12_GLOBAL__N_19item_type18update_affine_hw_yEv
                0x000000000800587c       0x84 bn_bgs_manager.o
 .text._ZN2bn11bgs_manager14update_camerasEv
                0x0000000008005900      0x19c bn_bgs_manager.o
                0x0000000008005900                bn::bgs_manager::update_cameras()
 .text._ZN3_bn6assert9show_argsIJA24_cEEEvPKcS4_S4_iDpRKT_
                0x0000000008005a9c       0x50 bn_bgs_manager.o
                0x0000000008005a9c                void _bn::assert::show_args<char [24]>(char const*, char const*, char const*, int, char const (&) [24])
 .text._ZN2bn11bgs_manager37fill_hblank_effect_regular_attributesEPvPKNS_21regular_bg_attributesEPt
                0x0000000008005aec      0x118 bn_bgs_manager.o
                0x0000000008005aec                bn::bgs_manager::fill_hblank_effect_regular_attributes(void*, bn::regular_bg_attributes const*, unsigned short*)
 .text._ZN2bn11bgs_manager36fill_hblank_effect_affine_attributesEPvPKNS_20affine_bg_attributesEPt
                0x0000000008005c04      0x118 bn_bgs_manager.o
                0x0000000008005c04                bn::bgs_manager::fill_hblank_effect_affine_attributes(void*, bn::affine_bg_attributes const*, unsigned short*)
 .text._ZN3_bn6assert9show_argsIJA18_cEEEvPKcS4_S4_iDpRKT_
                0x0000000008005d1c       0x50 bn_bgs_manager.o
                0x0000000008005d1c                void _bn::assert::show_args<char [18]>(char const*, char const*, char const*, int, char const (&) [18])
 .text._ZN2bn11bgs_manager12_GLOBAL__N_112_insert_itemERNS1_9item_typeE
                0x0000000008005d6c       0xf4 bn_bgs_manager.o
 .text._ZN3_bn6assert9show_argsIJA13_cEEEvPKcS4_S4_iDpRKT_
                0x0000000008005e60       0x50 bn_bgs_manager.o
                0x0000000008005e60                void _bn::assert::show_args<char [13]>(char const*, char const*, char const*, int, char const (&) [13])
 .text._ZN2bn11bgs_manager6createEONS_18regular_bg_builderE.part.0
                0x0000000008005eb0      0x1d8 bn_bgs_manager.o
 .text._ZNK2bn15regular_bg_item9create_bgENS_7fixed_tILi12EEES2_
                0x0000000008006088       0xbc bn_bgs_manager.o
                0x0000000008006088                bn::regular_bg_item::create_bg(bn::fixed_t<12>, bn::fixed_t<12>) const
 .text._ZN3_bn6assert9show_argsIJA14_cEEEvPKcS4_S4_iDpRKT_
                0x0000000008006144       0x50 bn_bgs_manager.o
                0x0000000008006144                void _bn::assert::show_args<char [14]>(char const*, char const*, char const*, int, char const (&) [14])
 .text._ZN3_bn6assert9show_argsIJA23_ciA4_ciEEEvPKcS5_S5_iDpRKT_
                0x0000000008006194       0x5c bn_bgs_manager.o
                0x0000000008006194                void _bn::assert::show_args<char [23], int, char [4], int>(char const*, char const*, char const*, int, char const (&) [23], int const&, char const (&) [4], int const&)
 .text._ZN2bn5eraseERNS_7ivectorIPNS_11bgs_manager12_GLOBAL__N_19item_typeEEERKS4_.constprop.0.isra.0
                0x00000000080061f0      0x144 bn_bgs_manager.o
 .text._ZN2bn11bgs_manager15decrease_usagesEPv
                0x0000000008006334      0x130 bn_bgs_manager.o
                0x0000000008006334                bn::bgs_manager::decrease_usages(void*)
 .text._ZN2bn14regular_bg_ptr8_destroyEv
                0x0000000008006464       0x10 bn_bgs_manager.o
                0x0000000008006464                bn::regular_bg_ptr::_destroy()
 .text._ZN2bn14regular_bg_ptr12set_priorityEi
                0x0000000008006474       0x64 bn_bgs_manager.o
                0x0000000008006474                bn::regular_bg_ptr::set_priority(int)
 .text.startup._GLOBAL__sub_I__ZN2bn3bgs16used_items_countEv
                0x00000000080064d8       0x64 bn_bgs_manager.o
 .text.exit._GLOBAL__sub_D__ZN2bn3bgs16used_items_countEv
                0x000000000800653c       0x38 bn_bgs_manager.o
 .text._ZNK2bn10camera_ptr8positionEv
                0x0000000008006574       0x14 bn_cameras_manager.o
                0x0000000008006574                bn::camera_ptr::position() const
 .text._ZN2bn15cameras_manager6updateEv
                0x0000000008006588       0x28 bn_cameras_manager.o
                0x0000000008006588                bn::cameras_manager::update()
 .text._ZN3_bn6assert9show_argsIJA31_cEEEvPKcS4_S4_iDpRKT_
                0x00000000080065b0       0x50 bn_cameras_manager.o
                0x00000000080065b0                void _bn::assert::show_args<char [31]>(char const*, char const*, char const*, int, char const (&) [31])
 .text._ZN2bn15cameras_manager4initEv
                0x0000000008006600       0x50 bn_cameras_manager.o
                0x0000000008006600                bn::cameras_manager::init()
 .text._ZN2bn10camera_ptr8_destroyEv
                0x0000000008006650       0x5c bn_cameras_manager.o
                0x0000000008006650                bn::camera_ptr::_destroy()
 .text.startup._GLOBAL__sub_I__ZN2bn7cameras16used_items_countEv
                0x00000000080066ac       0x2c bn_cameras_manager.o
 .text._ZN2bn4core12_GLOBAL__N_118hp_vblank_functionEv
                0x00000000080066d8       0x24 bn_core.o
 .text._ZN2bn4core12_GLOBAL__N_111update_implEv
                0x00000000080066fc       0x80 bn_core.o
 .text._ZN2bn4core12_GLOBAL__N_14stopEb
                0x000000000800677c       0x48 bn_core.o
 .text._ZN2bn11string_viewC2EPKc
                0x00000000080067c4       0x1c bn_core.o
                0x00000000080067c4                bn::string_view::string_view(char const*)
                0x00000000080067c4                bn::string_view::string_view(char const*)
 .text._ZN2bn4core6updateEv
                0x00000000080067e0       0x74 bn_core.o
                0x00000000080067e0                bn::core::update()
 .text._ZN2bn4core4initERKNS_11string_viewE
                0x0000000008006854       0xc0 bn_core.o
                0x0000000008006854                bn::core::init(bn::string_view const&)
 .text._ZN2bn4core4initEv
                0x0000000008006914       0x18 bn_core.o
                0x0000000008006914                bn::core::init()
 .text._ZN3_bn6assert4showEPKcS2_S2_iRKN2bn12istring_baseE
                0x000000000800692c       0x58 bn_core.o
                0x000000000800692c                _bn::assert::show(char const*, char const*, char const*, int, bn::istring_base const&)
 .text.startup._GLOBAL__sub_I__ZN2bn4core4initEv
                0x0000000008006984       0x24 bn_core.o
 .text._ZN2bn15display_manager8set_modeEi
                0x00000000080069a8       0x1c bn_display_manager.o
                0x00000000080069a8                bn::display_manager::set_mode(int)
 .text._ZN2bn15display_manager14set_bg_enabledEib
                0x00000000080069c4       0x1c bn_display_manager.o
                0x00000000080069c4                bn::display_manager::set_bg_enabled(int, bool)
 .text._ZN2bn15display_manager36fill_mosaic_hblank_effect_attributesEPKNS_17mosaic_attributesEPt
                0x00000000080069e0       0xb4 bn_display_manager.o
                0x00000000080069e0                bn::display_manager::fill_mosaic_hblank_effect_attributes(bn::mosaic_attributes const*, unsigned short*)
 .text._ZN2bn15display_manager23set_blending_bg_enabledEib
                0x0000000008006a94       0x14 bn_display_manager.o
                0x0000000008006a94                bn::display_manager::set_blending_bg_enabled(int, bool)
 .text._ZN2bn15display_manager27blending_transparency_alphaEv
                0x0000000008006aa8        0xc bn_display_manager.o
                0x0000000008006aa8                bn::display_manager::blending_transparency_alpha()
 .text._ZN2bn15display_manager24blending_intensity_alphaEv
                0x0000000008006ab4        0xc bn_display_manager.o
                0x0000000008006ab4                bn::display_manager::blending_intensity_alpha()
 .text._ZN2bn15display_manager51fill_blending_transparency_hblank_effect_attributesEPKNS_32blending_transparency_attributesEPt
                0x0000000008006ac0       0x3c bn_display_manager.o
                0x0000000008006ac0                bn::display_manager::fill_blending_transparency_hblank_effect_attributes(bn::blending_transparency_attributes const*, unsigned short*)
 .text._ZN2bn15display_manager21blending_fade_enabledEv
                0x0000000008006afc       0x10 bn_display_manager.o
                0x0000000008006afc                bn::display_manager::blending_fade_enabled()
 .text._ZN2bn15display_manager39fill_blending_fade_hblank_effect_alphasEPKNS_19blending_fade_alphaEPt
                0x0000000008006b0c       0x24 bn_display_manager.o
                0x0000000008006b0c                bn::display_manager::fill_blending_fade_hblank_effect_alphas(bn::blending_fade_alpha const*, unsigned short*)
 .text._ZN2bn15display_manager26update_windows_visible_bgsEv
                0x0000000008006b30       0x10 bn_display_manager.o
                0x0000000008006b30                bn::display_manager::update_windows_visible_bgs()
 .text._ZN2bn15display_manager36rect_window_hw_horizontal_boundariesEi
                0x0000000008006b40       0x18 bn_display_manager.o
                0x0000000008006b40                bn::display_manager::rect_window_hw_horizontal_boundaries(int)
 .text._ZN2bn15display_manager34rect_window_hw_vertical_boundariesEi
                0x0000000008006b58       0x18 bn_display_manager.o
                0x0000000008006b58                bn::display_manager::rect_window_hw_vertical_boundaries(int)
 .text._ZN2bn15display_manager52fill_rect_window_hblank_effect_horizontal_boundariesERKNS_4pairIiiEEPKNS1_INS_7fixed_tILi12EEES6_EEPt
                0x0000000008006b70      0x13c bn_display_manager.o
                0x0000000008006b70                bn::display_manager::fill_rect_window_hblank_effect_horizontal_boundaries(bn::pair<int, int> const&, bn::pair<bn::fixed_t<12>, bn::fixed_t<12> > const*, unsigned short*)
 .text._ZN2bn15display_manager50fill_rect_window_hblank_effect_vertical_boundariesERKNS_4pairIiiEEPKNS1_INS_7fixed_tILi12EEES6_EEPt
                0x0000000008006cac      0x13c bn_display_manager.o
                0x0000000008006cac                bn::display_manager::fill_rect_window_hblank_effect_vertical_boundaries(bn::pair<int, int> const&, bn::pair<bn::fixed_t<12>, bn::fixed_t<12> > const*, unsigned short*)
 .text._ZN2bn15display_manager36fill_green_swap_hblank_effect_statesEPKbPt
                0x0000000008006de8       0x38 bn_display_manager.o
                0x0000000008006de8                bn::display_manager::fill_green_swap_hblank_effect_states(bool const*, unsigned short*)
 .text._ZN2bn15display_manager6commitEv
                0x0000000008006e20      0x2b0 bn_display_manager.o
                0x0000000008006e20                bn::display_manager::commit()
 .text._ZN2bn15display_manager4stopEv
                0x00000000080070d0       0x2c bn_display_manager.o
                0x00000000080070d0                bn::display_manager::stop()
 .text._ZN2bn15display_manager12_GLOBAL__N_134_update_rect_windows_hw_boundariesEi
                0x00000000080070fc       0x8c bn_display_manager.o
 .text._ZN2bn15display_manager4initEv
                0x0000000008007188       0x48 bn_display_manager.o
                0x0000000008007188                bn::display_manager::init()
 .text._ZN2bn15display_manager14update_camerasEv
                0x00000000080071d0       0x40 bn_display_manager.o
                0x00000000080071d0                bn::display_manager::update_cameras()
 .text._ZN2bn15display_manager6updateEv
                0x0000000008007210      0x108 bn_display_manager.o
                0x0000000008007210                bn::display_manager::update()
 .text._ZN2bn15display_manager21set_show_bg_in_windowEiPvb
                0x0000000008007318      0x178 bn_display_manager.o
                0x0000000008007318                bn::display_manager::set_show_bg_in_window(int, void*, bool)
 .text._ZN2bn15display_manager26set_show_bg_in_all_windowsEPvb
                0x0000000008007490       0x20 bn_display_manager.o
                0x0000000008007490                bn::display_manager::set_show_bg_in_all_windows(void*, bool)
 .text.startup._GLOBAL__sub_I__ZNK2bn6window7show_bgERKNS_14regular_bg_ptrE
                0x00000000080074b0       0x8c bn_display_manager.o
 .text.exit._GLOBAL__sub_D__ZNK2bn6window7show_bgERKNS_14regular_bg_ptrE
                0x000000000800753c       0x48 bn_display_manager.o
 .text._ZN2bn12gpio_manager4initEv
                0x0000000008007584       0x10 bn_gpio_manager.o
                0x0000000008007584                bn::gpio_manager::init()
 .text._ZN2bn12gpio_manager6commitEv
                0x0000000008007594       0x30 bn_gpio_manager.o
                0x0000000008007594                bn::gpio_manager::commit()
 .text._ZN2bn12gpio_manager4stopEv
                0x00000000080075c4       0x1c bn_gpio_manager.o
                0x00000000080075c4                bn::gpio_manager::stop()
 .text._ZN2bn7type_idINS_4pairIiiEEEENS_9type_id_tEv
                0x00000000080075e0        0x8 bn_hblank_effects_manager.o
                0x00000000080075e0                bn::type_id_t bn::type_id<bn::pair<int, int> >()
 .text._ZN2bn7type_idINS_33regular_bg_attributes_hbe_handler15last_value_typeEEENS_9type_id_tEv
                0x00000000080075e8        0x8 bn_hblank_effects_manager.o
                0x00000000080075e8                bn::type_id_t bn::type_id<bn::regular_bg_attributes_hbe_handler::last_value_type>()
 .text._ZN2bn7type_idINS_32affine_bg_attributes_hbe_handler15last_value_typeEEENS_9type_id_tEv
                0x00000000080075f0        0x8 bn_hblank_effects_manager.o
                0x00000000080075f0                bn::type_id_t bn::type_id<bn::affine_bg_attributes_hbe_handler::last_value_type>()
 .text._ZN2bn7type_idIiEENS_9type_id_tEv
                0x00000000080075f8        0x8 bn_hblank_effects_manager.o
                0x00000000080075f8                bn::type_id_t bn::type_id<int>()
 .text._ZN2bn7type_idINS_47affine_bg_pivot_horizontal_position_hbe_handler15last_value_typeEEENS_9type_id_tEv
                0x0000000008007600        0x8 bn_hblank_effects_manager.o
                0x0000000008007600                bn::type_id_t bn::type_id<bn::affine_bg_pivot_horizontal_position_hbe_handler::last_value_type>()
 .text._ZN2bn7type_idINS_45affine_bg_pivot_vertical_position_hbe_handler15last_value_typeEEENS_9type_id_tEv
                0x0000000008007608        0x8 bn_hblank_effects_manager.o
                0x0000000008007608                bn::type_id_t bn::type_id<bn::affine_bg_pivot_vertical_position_hbe_handler::last_value_type>()
 .text._ZN2bn7type_idINS_35sprite_first_attributes_hbe_handler15last_value_typeEEENS_9type_id_tEv
                0x0000000008007610        0x8 bn_hblank_effects_manager.o
                0x0000000008007610                bn::type_id_t bn::type_id<bn::sprite_first_attributes_hbe_handler::last_value_type>()
 .text._ZN2bn7type_idINS_35sprite_second_attributes_last_valueEEENS_9type_id_tEv
                0x0000000008007618        0x8 bn_hblank_effects_manager.o
                0x0000000008007618                bn::type_id_t bn::type_id<bn::sprite_second_attributes_last_value>()
 .text._ZN2bn7type_idINS_17sprite_shape_sizeEEENS_9type_id_tEv
                0x0000000008007620        0x8 bn_hblank_effects_manager.o
                0x0000000008007620                bn::type_id_t bn::type_id<bn::sprite_shape_size>()
 .text._ZN2bn4iany5resetEv.part.0
                0x0000000008007628       0x24 bn_hblank_effects_manager.o
 .text._ZN2bn22hblank_effects_manager7disableEv
                0x000000000800764c       0x24 bn_hblank_effects_manager.o
                0x000000000800764c                bn::hblank_effects_manager::disable()
 .text._ZN2bn22hblank_effects_manager6commitEv
                0x0000000008007670       0x74 bn_hblank_effects_manager.o
                0x0000000008007670                bn::hblank_effects_manager::commit()
 .text._ZN3_bn6assert9show_argsIJA66_cEEEvPKcS4_S4_iDpRKT_
                0x00000000080076e4       0x50 bn_hblank_effects_manager.o
                0x00000000080076e4                void _bn::assert::show_args<char [66]>(char const*, char const*, char const*, int, char const (&) [66])
 .text._ZN3_bn6assert9show_argsIJA63_cEEEvPKcS4_S4_iDpRKT_
                0x0000000008007734       0x50 bn_hblank_effects_manager.o
                0x0000000008007734                void _bn::assert::show_args<char [63]>(char const*, char const*, char const*, int, char const (&) [63])
 .text._ZN3_bn6assert9show_argsIJA34_cEEEvPKcS4_S4_iDpRKT_
                0x0000000008007784       0x50 bn_hblank_effects_manager.o
                0x0000000008007784                void _bn::assert::show_args<char [34]>(char const*, char const*, char const*, int, char const (&) [34])
 .text._ZN2bn22hblank_effects_manager12_GLOBAL__N_19item_type18_check_update_implINS_32affine_bg_attributes_hbe_handlerEEEbv
                0x00000000080077d4      0x1bc bn_hblank_effects_manager.o
 .text._ZN2bn22hblank_effects_manager12_GLOBAL__N_19item_type18_check_update_implINS_33regular_bg_attributes_hbe_handlerEEEbv
                0x0000000008007990      0x1dc bn_hblank_effects_manager.o
 .text._ZN2bn22hblank_effects_manager12_GLOBAL__N_19item_type12check_updateEv
                0x0000000008007b6c     0x27d0 bn_hblank_effects_manager.o
 .text._ZN2bn22hblank_effects_manager6updateEv
                0x000000000800a33c      0x248 bn_hblank_effects_manager.o
                0x000000000800a33c                bn::hblank_effects_manager::update()
 .text._ZN2bn22hblank_effects_manager4initEv
                0x000000000800a584       0xd0 bn_hblank_effects_manager.o
                0x000000000800a584                bn::hblank_effects_manager::init()
 .text._ZN3_bn6assert9show_argsIJA39_cPKN2bn5colorEA4_ciEEEvPKcS9_S9_iDpRKT_
                0x000000000800a654       0x64 bn_hblank_effects_manager.o
                0x000000000800a654                void _bn::assert::show_args<char [39], bn::color const*, char [4], int>(char const*, char const*, char const*, int, char const (&) [39], bn::color const* const&, char const (&) [4], int const&)
 .text.startup._GLOBAL__sub_I__ZN2bn4hbes10used_countEv
                0x000000000800a6b8       0xf8 bn_hblank_effects_manager.o
 .text.exit._GLOBAL__sub_D__ZN2bn4hbes10used_countEv
                0x000000000800a7b0       0x28 bn_hblank_effects_manager.o
 .text._ZN2bn12hdma_manager7disableEv
                0x000000000800a7d8       0x30 bn_hdma_manager.o
                0x000000000800a7d8                bn::hdma_manager::disable()
 .text._ZN2bn12hdma_manager10force_stopEv
                0x000000000800a808       0x3c bn_hdma_manager.o
                0x000000000800a808                bn::hdma_manager::force_stop()
 .text._ZN2bn12hdma_manager6updateEv
                0x000000000800a844       0x6c bn_hdma_manager.o
                0x000000000800a844                bn::hdma_manager::update()
 .text._ZN2bn12hdma_manager6commitEv
                0x000000000800a8b0       0xd0 bn_hdma_manager.o
                0x000000000800a8b0                bn::hdma_manager::commit()
 .text.startup._GLOBAL__sub_I__ZN2bn4hdma7runningEv
                0x000000000800a980       0x34 bn_hdma_manager.o
 .text._ZN2bn6keypad13start_pressedEv
                0x000000000800a9b4       0x10 bn_keypad_manager.o
                0x000000000800a9b4                bn::keypad::start_pressed()
 .text._ZN2bn14keypad_manager4stopEv
                0x000000000800a9c4        0x4 bn_keypad_manager.o
                0x000000000800a9c4                bn::keypad_manager::stop()
 .text._ZN3_bn6assert9show_argsIJA19_ciA4_ciEEEvPKcS5_S5_iDpRKT_
                0x000000000800a9c8       0x6c bn_keypad_manager.o
                0x000000000800a9c8                void _bn::assert::show_args<char [19], int, char [4], int>(char const*, char const*, char const*, int, char const (&) [19], int const&, char const (&) [4], int const&)
 .text._ZN2bn14keypad_manager6updateEv
                0x000000000800aa34       0xa8 bn_keypad_manager.o
                0x000000000800aa34                bn::keypad_manager::update()
 .text._ZN3_bn6assert9show_argsIJA24_ciEEEvPKcS4_S4_iDpRKT_
                0x000000000800aadc       0x58 bn_keypad_manager.o
                0x000000000800aadc                void _bn::assert::show_args<char [24], int>(char const*, char const*, char const*, int, char const (&) [24], int const&)
 .text._ZN2bn14keypad_manager4initERKNS_11string_viewE
                0x000000000800ab34       0x58 bn_keypad_manager.o
                0x000000000800ab34                bn::keypad_manager::init(bn::string_view const&)
 .text._ZN2bn12link_manager4initEv
                0x000000000800ab8c       0xdc bn_link_manager.o
                0x000000000800ab8c                bn::link_manager::init()
 .text._ZN2bn12link_manager7disableEv
                0x000000000800ac68       0x90 bn_link_manager.o
                0x000000000800ac68                bn::link_manager::disable()
 .text._ZN2bn12link_manager6commitEv
                0x000000000800acf8       0x40 bn_link_manager.o
                0x000000000800acf8                bn::link_manager::commit()
 .text.startup._GLOBAL__sub_I__ZN2bn4link4sendEi
                0x000000000800ad38       0x48 bn_link_manager.o
 .text._ZN2bn3logERKNS_12istring_baseE
                0x000000000800ad80        0xc bn_log.o
                0x000000000800ad80                bn::log(bn::istring_base const&)
 .text._ZN2bn14memory_manager4initEv
                0x000000000800ad8c       0xfc bn_memory_manager.o
                0x000000000800ad8c                bn::memory_manager::init()
 .text.startup._GLOBAL__sub_I__Znwj
                0x000000000800ae88       0x54 bn_memory_manager.o
 .text.exit._GLOBAL__sub_D__Znwj
                0x000000000800aedc       0xa0 bn_memory_manager.o
 .text._ZN2bn2hw8palettes9grayscaleEiiPNS_5colorE
                0x000000000800af7c       0x40 bn_palettes_manager.o
                0x000000000800af7c                bn::hw::palettes::grayscale(int, int, bn::color*)
 .text._ZN2bn11bg_palettes21set_transparent_colorENS_5colorE
                0x000000000800afbc       0x40 bn_palettes_manager.o
                0x000000000800afbc                bn::bg_palettes::set_transparent_color(bn::color)
 .text._ZN2bn14bg_palette_ptrC2ERKS0_
                0x000000000800affc       0x28 bn_palettes_manager.o
                0x000000000800affc                bn::bg_palette_ptr::bg_palette_ptr(bn::bg_palette_ptr const&)
                0x000000000800affc                bn::bg_palette_ptr::bg_palette_ptr(bn::bg_palette_ptr const&)
 .text._ZNK2bn14bg_palette_ptr3bppEv
                0x000000000800b024       0x24 bn_palettes_manager.o
                0x000000000800b024                bn::bg_palette_ptr::bpp() const
 .text._ZN2bn18sprite_palette_ptrC2ERKS0_
                0x000000000800b048       0x1c bn_palettes_manager.o
                0x000000000800b048                bn::sprite_palette_ptr::sprite_palette_ptr(bn::sprite_palette_ptr const&)
                0x000000000800b048                bn::sprite_palette_ptr::sprite_palette_ptr(bn::sprite_palette_ptr const&)
 .text._ZNK2bn18sprite_palette_ptr3bppEv
                0x000000000800b064       0x1c bn_palettes_manager.o
                0x000000000800b064                bn::sprite_palette_ptr::bpp() const
 .text._ZN2bn13palettes_bank11colors_hashERKNS_4spanIKNS_5colorEEE
                0x000000000800b080       0x28 bn_palettes_manager.o
                0x000000000800b080                bn::palettes_bank::colors_hash(bn::span<bn::color const> const&)
 .text._ZNK2bn13palettes_bank10log_statusEv
                0x000000000800b0a8      0x148 bn_palettes_manager.o
                0x000000000800b0a8                bn::palettes_bank::log_status() const
 .text._ZNK2bn13palettes_bank20retrieve_commit_dataEv
                0x000000000800b1f0       0x60 bn_palettes_manager.o
                0x000000000800b1f0                bn::palettes_bank::retrieve_commit_data() const
 .text._ZNK2bn13palettes_bank12_same_colorsERKNS_4spanIKNS_5colorEEEi
                0x000000000800b250       0x50 bn_palettes_manager.o
                0x000000000800b250                bn::palettes_bank::_same_colors(bn::span<bn::color const> const&, int) const
 .text._ZN2bn13palettes_bank10find_bpp_4ERKNS_4spanIKNS_5colorEEEt
                0x000000000800b2a0       0xe8 bn_palettes_manager.o
                0x000000000800b2a0                bn::palettes_bank::find_bpp_4(bn::span<bn::color const> const&, unsigned short)
 .text._ZNK2bn13palettes_bank21_apply_global_effectsEiPNS_5colorE
                0x000000000800b388       0xe8 bn_palettes_manager.o
                0x000000000800b388                bn::palettes_bank::_apply_global_effects(int, bn::color*) const
 .text._ZNK2bn13palettes_bank25fill_hblank_effect_colorsEPKNS_5colorEPt
                0x000000000800b470       0x38 bn_palettes_manager.o
                0x000000000800b470                bn::palettes_bank::fill_hblank_effect_colors(bn::color const*, unsigned short*) const
 .text._ZNK2bn13palettes_bank25fill_hblank_effect_colorsEiPKNS_5colorEPt
                0x000000000800b4a8       0xc0 bn_palettes_manager.o
                0x000000000800b4a8                bn::palettes_bank::fill_hblank_effect_colors(int, bn::color const*, unsigned short*) const
 .text._ZNK2bn13palettes_bank7palette13apply_effectsEiPNS_5colorE
                0x000000000800b568       0x74 bn_palettes_manager.o
                0x000000000800b568                bn::palettes_bank::palette::apply_effects(int, bn::color*) const
 .text._ZN2bn13palettes_bank15_update_paletteEi
                0x000000000800b5dc       0x58 bn_palettes_manager.o
                0x000000000800b5dc                bn::palettes_bank::_update_palette(int)
 .text._ZN2bn13palettes_bankC2Ev
                0x000000000800b634       0xa8 bn_palettes_manager.o
                0x000000000800b634                bn::palettes_bank::palettes_bank()
                0x000000000800b634                bn::palettes_bank::palettes_bank()
 .text._ZN2bn16palettes_manager20sprite_palettes_bankEv
                0x000000000800b6dc        0x8 bn_palettes_manager.o
                0x000000000800b6dc                bn::palettes_manager::sprite_palettes_bank()
 .text._ZN2bn16palettes_manager16bg_palettes_bankEv
                0x000000000800b6e4        0x8 bn_palettes_manager.o
                0x000000000800b6e4                bn::palettes_manager::bg_palettes_bank()
 .text._ZN2bn16palettes_manager4stopEv
                0x000000000800b6ec       0x20 bn_palettes_manager.o
                0x000000000800b6ec                bn::palettes_manager::stop()
 .text._ZN3_bn6assert9show_argsIJA43_ciS2_EEEvPKcS4_S4_iDpRKT_
                0x000000000800b70c       0x60 bn_palettes_manager.o
                0x000000000800b70c                void _bn::assert::show_args<char [43], int, char [43]>(char const*, char const*, char const*, int, char const (&) [43], int const&, char const (&) [43])
 .text._ZN2bn13palettes_bank6updateEv
                0x000000000800b76c      0x10c bn_palettes_manager.o
                0x000000000800b76c                bn::palettes_bank::update()
 .text._ZN2bn16palettes_manager6updateEv
                0x000000000800b878       0x20 bn_palettes_manager.o
                0x000000000800b878                bn::palettes_manager::update()
 .text._ZN2bn16palettes_manager6commitEv
                0x000000000800b898       0xb4 bn_palettes_manager.o
                0x000000000800b898                bn::palettes_manager::commit()
 .text._ZN2bn13palettes_bank12create_bpp_8ERKNS_4spanIKNS_5colorEEENS_16compression_typeEb
                0x000000000800b94c      0x1cc bn_palettes_manager.o
                0x000000000800b94c                bn::palettes_bank::create_bpp_8(bn::span<bn::color const> const&, bn::compression_type, bool)
 .text._ZNK2bn15bg_palette_item10uncompressENS_4spanINS_5colorEEE
                0x000000000800bb18      0x120 bn_palettes_manager.o
                0x000000000800bb18                bn::bg_palette_item::uncompress(bn::span<bn::color>) const
 .text._ZNK2bn19sprite_palette_item10uncompressENS_4spanINS_5colorEEE
                0x000000000800bc38      0x120 bn_palettes_manager.o
                0x000000000800bc38                bn::sprite_palette_item::uncompress(bn::span<bn::color>) const
 .text._ZN2bn14iunordered_mapItsNS_13palettes_bank15identity_hasherENS_8equal_toItEEE21insert_or_assign_hashEjONS_4pairIKtsEE
                0x000000000800bd58      0x134 bn_palettes_manager.o
                0x000000000800bd58                bn::iunordered_map<unsigned short, short, bn::palettes_bank::identity_hasher, bn::equal_to<unsigned short> >::insert_or_assign_hash(unsigned int, bn::pair<unsigned short const, short>&&)
 .text._ZN2bn13palettes_bank12create_bpp_4ERKNS_4spanIKNS_5colorEEEtb
                0x000000000800be8c      0x15c bn_palettes_manager.o
                0x000000000800be8c                bn::palettes_bank::create_bpp_4(bn::span<bn::color const> const&, unsigned short, bool)
 .text._ZN2bn12_GLOBAL__N_112_create_implERKNS_15bg_palette_itemEb
                0x000000000800bfe8       0x94 bn_palettes_manager.o
 .text._ZN2bn14bg_palette_ptr6createERKNS_15bg_palette_itemE
                0x000000000800c07c       0x54 bn_palettes_manager.o
                0x000000000800c07c                bn::bg_palette_ptr::create(bn::bg_palette_item const&)
 .text._ZNK2bn15bg_palette_item14create_paletteEv
                0x000000000800c0d0       0x10 bn_palettes_manager.o
                0x000000000800c0d0                bn::bg_palette_item::create_palette() const
 .text._ZN2bn12_GLOBAL__N_112_create_implERKNS_19sprite_palette_itemEb
                0x000000000800c0e0       0x7c bn_palettes_manager.o
 .text._ZNK2bn19sprite_palette_item14create_paletteEv
                0x000000000800c15c       0x48 bn_palettes_manager.o
                0x000000000800c15c                bn::sprite_palette_item::create_palette() const
 .text._ZN2bn14iunordered_mapItsNS_13palettes_bank15identity_hasherENS_8equal_toItEEE5eraseERKNS5_14const_iteratorE.isra.0
                0x000000000800c1a4      0x12c bn_palettes_manager.o
 .text._ZN2bn13palettes_bank15decrease_usagesEi.part.0
                0x000000000800c2d0       0xd0 bn_palettes_manager.o
 .text._ZN2bn18sprite_palette_ptr8_destroyEv
                0x000000000800c3a0       0x28 bn_palettes_manager.o
                0x000000000800c3a0                bn::sprite_palette_ptr::_destroy()
 .text._ZN2bn14bg_palette_ptr8_destroyEv
                0x000000000800c3c8       0x30 bn_palettes_manager.o
                0x000000000800c3c8                bn::bg_palette_ptr::_destroy()
 .text._ZN2bn14bg_palette_ptraSERKS0_
                0x000000000800c3f8       0x5c bn_palettes_manager.o
                0x000000000800c3f8                bn::bg_palette_ptr::operator=(bn::bg_palette_ptr const&)
 .text.startup._GLOBAL__sub_I__ZN2bn11bg_palettes17used_colors_countEv
                0x000000000800c454       0x20 bn_palettes_manager.o
 .text._ZNK2bn21sprite_affine_mat_ptr15horizontal_flipEv
                0x000000000800c474       0x20 bn_sprite_affine_mats_manager.o
                0x000000000800c474                bn::sprite_affine_mat_ptr::horizontal_flip() const
 .text._ZNK2bn21sprite_affine_mat_ptr13vertical_flipEv
                0x000000000800c494       0x20 bn_sprite_affine_mats_manager.o
                0x000000000800c494                bn::sprite_affine_mat_ptr::vertical_flip() const
 .text._ZNK2bn21sprite_affine_mat_ptr16flipped_identityEv
                0x000000000800c4b4       0x18 bn_sprite_affine_mats_manager.o
                0x000000000800c4b4                bn::sprite_affine_mat_ptr::flipped_identity() const
 .text._ZN2bn26sprite_affine_mats_manager13attach_spriteEiRNS_24intrusive_list_node_typeE
                0x000000000800c4cc       0x2c bn_sprite_affine_mats_manager.o
                0x000000000800c4cc                bn::sprite_affine_mats_manager::attach_sprite(int, bn::intrusive_list_node_type&)
 .text._ZN2bn26sprite_affine_mats_manager18sprite_double_sizeEiii
                0x000000000800c4f8      0x14c bn_sprite_affine_mats_manager.o
                0x000000000800c4f8                bn::sprite_affine_mats_manager::sprite_double_size(int, int, int)
 .text._ZN2bn26sprite_affine_mats_manager20retrieve_commit_dataEv
                0x000000000800c644       0x44 bn_sprite_affine_mats_manager.o
                0x000000000800c644                bn::sprite_affine_mats_manager::retrieve_commit_data()
 .text._ZN3_bn6assert9show_argsIJA37_cEEEvPKcS4_S4_iDpRKT_
                0x000000000800c688       0x50 bn_sprite_affine_mats_manager.o
                0x000000000800c688                void _bn::assert::show_args<char [37]>(char const*, char const*, char const*, int, char const (&) [37])
 .text._ZN2bn26sprite_affine_mats_manager15decrease_usagesEi.part.0
                0x000000000800c6d8       0x64 bn_sprite_affine_mats_manager.o
 .text._ZN2bn21sprite_affine_mat_ptr8_destroyEv
                0x000000000800c73c       0x2c bn_sprite_affine_mats_manager.o
                0x000000000800c73c                bn::sprite_affine_mat_ptr::_destroy()
 .text._ZN2bn26sprite_affine_mats_manager6updateEv
                0x000000000800c768       0xa0 bn_sprite_affine_mats_manager.o
                0x000000000800c768                bn::sprite_affine_mats_manager::update()
 .text._ZN2bn26sprite_affine_mats_manager4initEPv
                0x000000000800c808       0x64 bn_sprite_affine_mats_manager.o
                0x000000000800c808                bn::sprite_affine_mats_manager::init(void*)
 .text._ZN2bn26sprite_affine_mats_manager14dettach_spriteEiRNS_24intrusive_list_node_typeE
                0x000000000800c86c       0x4c bn_sprite_affine_mats_manager.o
                0x000000000800c86c                bn::sprite_affine_mats_manager::dettach_sprite(int, bn::intrusive_list_node_type&)
 .text.startup._GLOBAL__sub_I__ZN2bn18sprite_affine_mats10used_countEv
                0x000000000800c8b8       0x98 bn_sprite_affine_mats_manager.o
 .text.exit._GLOBAL__sub_D__ZN2bn18sprite_affine_mats10used_countEv
                0x000000000800c950       0x3c bn_sprite_affine_mats_manager.o
 .text._ZN3_bn6assert9show_argsIJA54_cEEEvPKcS4_S4_iDpRKT_
                0x000000000800c98c       0x50 bn_sprite_text_generator.o
                0x000000000800c98c                void _bn::assert::show_args<char [54]>(char const*, char const*, char const*, int, char const (&) [54])
 .text._ZN2bn14utf8_characterC2ERKc
                0x000000000800c9dc      0x144 bn_sprite_text_generator.o
                0x000000000800c9dc                bn::utf8_character::utf8_character(char const&)
                0x000000000800c9dc                bn::utf8_character::utf8_character(char const&)
 .text._ZN2bn21sprite_text_generator15set_bg_priorityEi
                0x000000000800cb20       0x40 bn_sprite_text_generator.o
                0x000000000800cb20                bn::sprite_text_generator::set_bg_priority(int)
 .text._ZN3_bn6assert9show_argsIJA28_cN2bn11string_viewEEEEvPKcS6_S6_iDpRKT_
                0x000000000800cb60       0x58 bn_sprite_text_generator.o
                0x000000000800cb60                void _bn::assert::show_args<char [28], bn::string_view>(char const*, char const*, char const*, int, char const (&) [28], bn::string_view const&)
 .text._ZN3_bn6assert9show_argsIJA20_ccA9_cN2bn11string_viewEA2_cEEEvPKcS8_S8_iDpRKT_
                0x000000000800cbb8       0x70 bn_sprite_text_generator.o
                0x000000000800cbb8                void _bn::assert::show_args<char [20], char, char [9], bn::string_view, char [2]>(char const*, char const*, char const*, int, char const (&) [20], char const&, char const (&) [9], bn::string_view const&, char const (&) [2])
 .text._ZNK2bn21sprite_text_generator5widthERKNS_11string_viewE
                0x000000000800cc28      0x424 bn_sprite_text_generator.o
                0x000000000800cc28                bn::sprite_text_generator::width(bn::string_view const&) const
 .text._ZN2bn21sprite_text_generator5_initEv
                0x000000000800d04c      0x204 bn_sprite_text_generator.o
                0x000000000800d04c                bn::sprite_text_generator::_init()
 .text._ZN2bn21sprite_text_generatorC2ERKNS_11sprite_fontE
                0x000000000800d250       0x50 bn_sprite_text_generator.o
                0x000000000800d250                bn::sprite_text_generator::sprite_text_generator(bn::sprite_font const&)
                0x000000000800d250                bn::sprite_text_generator::sprite_text_generator(bn::sprite_font const&)
 .text._ZN3_bn6assert9show_argsIJA25_ciA4_ciEEEvPKcS5_S5_iDpRKT_
                0x000000000800d2a0       0x64 bn_sprite_text_generator.o
                0x000000000800d2a0                void _bn::assert::show_args<char [25], int, char [4], int>(char const*, char const*, char const*, int, char const (&) [25], int const&, char const (&) [4], int const&)
 .text._ZN3_bn6assert9show_argsIJA55_cEEEvPKcS4_S4_iDpRKT_
                0x000000000800d304       0x50 bn_sprite_text_generator.o
                0x000000000800d304                void _bn::assert::show_args<char [55]>(char const*, char const*, char const*, int, char const (&) [55])
 .text._ZN2bn12_GLOBAL__N_113_build_spriteILNS_11sprite_sizeE2ELb0EEEPNS_4tileERKNS_21sprite_text_generatorERKNS_18sprite_palette_ptrERKNS_11fixed_pointERNS_7ivectorINS_10sprite_ptrEEE
                0x000000000800d354      0x230 bn_sprite_text_generator.o
 .text._ZN2bn12_GLOBAL__N_113_build_spriteILNS_11sprite_sizeE1ELb0EEEPNS_4tileERKNS_21sprite_text_generatorERKNS_18sprite_palette_ptrERKNS_11fixed_pointERNS_7ivectorINS_10sprite_ptrEEE
                0x000000000800d584      0x22c bn_sprite_text_generator.o
 .text._ZN2bn12_GLOBAL__N_19_generateILb0EEEbRKNS_21sprite_text_generatorERKNS_11fixed_pointERKNS_11string_viewERKNS_14iunordered_mapIiiNS_4hashIiEENS_8equal_toIiEEEEiibRNS_7ivectorINS_10sprite_ptrEEE.isra.0
                0x000000000800d7b0     0x1648 bn_sprite_text_generator.o
 .text._ZNK2bn21sprite_text_generator8generateENS_7fixed_tILi12EEES2_RKNS_11string_viewERNS_7ivectorINS_10sprite_ptrEEE
                0x000000000800edf8       0x4c bn_sprite_text_generator.o
                0x000000000800edf8                bn::sprite_text_generator::generate(bn::fixed_t<12>, bn::fixed_t<12>, bn::string_view const&, bn::ivector<bn::sprite_ptr>&) const
 .text._ZNK2bn16sprite_tiles_ptr2idEv
                0x000000000800ee44       0x18 bn_sprite_tiles_manager.o
                0x000000000800ee44                bn::sprite_tiles_ptr::id() const
 .text._ZNK2bn16sprite_tiles_ptr11tiles_countEv
                0x000000000800ee5c       0x18 bn_sprite_tiles_manager.o
                0x000000000800ee5c                bn::sprite_tiles_ptr::tiles_count() const
 .text._ZN2bn20sprite_tiles_manager10log_statusEv
                0x000000000800ee74      0x1f4 bn_sprite_tiles_manager.o
                0x000000000800ee74                bn::sprite_tiles_manager::log_status()
 .text._ZN2bn20sprite_tiles_manager6commitEv
                0x000000000800f068       0xd8 bn_sprite_tiles_manager.o
                0x000000000800f068                bn::sprite_tiles_manager::commit()
 .text._ZN2bn14iunordered_mapIPKNS_4tileEiNS_4hashIS3_EENS_8equal_toIS3_EEE5eraseERKNS8_14const_iteratorE.isra.0
                0x000000000800f140      0x12c bn_sprite_tiles_manager.o
 .text._ZN3_bn6assert9show_argsIJA44_cPKN2bn4tileEA4_cS6_EEEvPKcS9_S9_iDpRKT_
                0x000000000800f26c       0x6c bn_sprite_tiles_manager.o
                0x000000000800f26c                void _bn::assert::show_args<char [44], bn::tile const*, char [4], bn::tile const*>(char const*, char const*, char const*, int, char const (&) [44], bn::tile const* const&, char const (&) [4], bn::tile const* const&)
 .text._ZN3_bn6assert9show_argsIJA46_ciA4_cjEEEvPKcS5_S5_iDpRKT_
                0x000000000800f2d8       0x6c bn_sprite_tiles_manager.o
                0x000000000800f2d8                void _bn::assert::show_args<char [46], int, char [4], unsigned int>(char const*, char const*, char const*, int, char const (&) [46], int const&, char const (&) [4], unsigned int const&)
 .text._ZN3_bn6assert9show_argsIJA28_cA15_cPKN2bn4tileEA16_ciA47_cEEEvPKcSB_SB_iDpRKT_
                0x000000000800f344       0x7c bn_sprite_tiles_manager.o
                0x000000000800f344                void _bn::assert::show_args<char [28], char [15], bn::tile const*, char [16], int, char [47]>(char const*, char const*, char const*, int, char const (&) [28], char const (&) [15], bn::tile const* const&, char const (&) [16], int const&, char const (&) [47])
 .text._ZN3_bn6assert9show_argsIJA44_ciA47_cEEEvPKcS5_S5_iDpRKT_
                0x000000000800f3c0       0x60 bn_sprite_tiles_manager.o
                0x000000000800f3c0                void _bn::assert::show_args<char [44], int, char [47]>(char const*, char const*, char const*, int, char const (&) [44], int const&, char const (&) [47])
 .text._ZN2bn20sprite_tiles_manager12_GLOBAL__N_112_create_itemEiPKNS_4tileENS_16compression_typeEib
                0x000000000800f420      0x2dc bn_sprite_tiles_manager.o
 .text._ZN2bn20sprite_tiles_manager12_GLOBAL__N_116_erase_free_itemEi
                0x000000000800f6fc       0xe4 bn_sprite_tiles_manager.o
 .text._ZN2bn20sprite_tiles_manager15decrease_usagesEi.part.0
                0x000000000800f7e0      0x10c bn_sprite_tiles_manager.o
 .text._ZN2bn16sprite_tiles_ptr8_destroyEv
                0x000000000800f8ec       0x28 bn_sprite_tiles_manager.o
                0x000000000800f8ec                bn::sprite_tiles_ptr::_destroy()
 .text._ZN2bn20sprite_tiles_manager12_GLOBAL__N_117_insert_free_itemEiPt
                0x000000000800f914       0xd0 bn_sprite_tiles_manager.o
 .text._ZN2bn20sprite_tiles_manager12_GLOBAL__N_114_allocate_implEi
                0x000000000800f9e4      0x104 bn_sprite_tiles_manager.o
 .text._ZN2bn20sprite_tiles_manager6updateEv.part.0
                0x000000000800fae8      0x254 bn_sprite_tiles_manager.o
 .text._ZN2bn20sprite_tiles_manager6updateEv
                0x000000000800fd3c       0x1c bn_sprite_tiles_manager.o
                0x000000000800fd3c                bn::sprite_tiles_manager::update()
 .text._ZN2bn20sprite_tiles_manager12_GLOBAL__N_112_create_implEPKNS_4tileENS_16compression_typeEi
                0x000000000800fd58      0x1f0 bn_sprite_tiles_manager.o
 .text._ZN2bn16sprite_tiles_ptr4vramEv
                0x000000000800ff48       0x4c bn_sprite_tiles_manager.o
                0x000000000800ff48                bn::sprite_tiles_ptr::vram()
 .text._ZN2bn20sprite_tiles_manager8allocateEiNS_8bpp_modeE
                0x000000000800ff94       0xc4 bn_sprite_tiles_manager.o
                0x000000000800ff94                bn::sprite_tiles_manager::allocate(int, bn::bpp_mode)
 .text._ZN2bn16sprite_tiles_ptr8allocateEiNS_8bpp_modeE
                0x0000000008010058       0x18 bn_sprite_tiles_manager.o
                0x0000000008010058                bn::sprite_tiles_ptr::allocate(int, bn::bpp_mode)
 .text._ZN2bn20sprite_tiles_manager4initEv
                0x0000000008010070      0x148 bn_sprite_tiles_manager.o
                0x0000000008010070                bn::sprite_tiles_manager::init()
 .text._ZN2bn20sprite_tiles_manager12_GLOBAL__N_110_find_implEPKNS_4tileENS_16compression_typeEi
                0x00000000080101b8      0x26c bn_sprite_tiles_manager.o
 .text._ZN2bn20sprite_tiles_manager6createERKNS_4spanIKNS_4tileEEENS_16compression_typeE
                0x0000000008010424      0x12c bn_sprite_tiles_manager.o
                0x0000000008010424                bn::sprite_tiles_manager::create(bn::span<bn::tile const> const&, bn::compression_type)
 .text._ZNK2bn17sprite_tiles_item12create_tilesEv
                0x0000000008010550       0xb4 bn_sprite_tiles_manager.o
                0x0000000008010550                bn::sprite_tiles_item::create_tiles() const
 .text._ZNK2bn17sprite_tiles_item12create_tilesEi
                0x0000000008010604      0x104 bn_sprite_tiles_manager.o
                0x0000000008010604                bn::sprite_tiles_item::create_tiles(int) const
 .text._ZN2bn16sprite_tiles_ptr6createERKNS_17sprite_tiles_itemEi
                0x0000000008010708      0x104 bn_sprite_tiles_manager.o
                0x0000000008010708                bn::sprite_tiles_ptr::create(bn::sprite_tiles_item const&, int)
 .text.startup._GLOBAL__sub_I__ZN2bn12sprite_tiles16used_tiles_countEv
                0x000000000801080c       0xf0 bn_sprite_tiles_manager.o
 .text._ZN2bn15sprites_manager12_GLOBAL__N_125_update_indexes_to_commitERKNS_20sprites_manager_itemE
                0x00000000080108fc       0x48 bn_sprites_manager.o
 .text._ZN2bn13ostringstream11append_argsIiJA4_ciEEEvRKT_DpRKT0_.isra.0
                0x0000000008010944       0x24 bn_sprites_manager.o
 .text._ZN2bn10sprite_ptrC2ERKS0_
                0x0000000008010968        0xc bn_sprites_manager.o
                0x0000000008010968                bn::sprite_ptr::sprite_ptr(bn::sprite_ptr const&)
                0x0000000008010968                bn::sprite_ptr::sprite_ptr(bn::sprite_ptr const&)
 .text._ZNK2bn10sprite_ptr8positionEv
                0x0000000008010974        0x8 bn_sprites_manager.o
                0x0000000008010974                bn::sprite_ptr::position() const
 .text._ZN2bn10sprite_ptr11set_visibleEb
                0x000000000801097c       0x64 bn_sprites_manager.o
                0x000000000801097c                bn::sprite_ptr::set_visible(bool)
 .text._ZN2bn15sprites_manager4initEv
                0x00000000080109e0       0x34 bn_sprites_manager.o
                0x00000000080109e0                bn::sprites_manager::init()
 .text._ZN2bn15sprites_manager5hw_idEPv
                0x0000000008010a14       0x24 bn_sprites_manager.o
                0x0000000008010a14                bn::sprites_manager::hw_id(void*)
 .text._ZN2bn15sprites_manager5shapeEPv
                0x0000000008010a38        0x8 bn_sprites_manager.o
                0x0000000008010a38                bn::sprites_manager::shape(void*)
 .text._ZN2bn15sprites_manager4sizeEPv
                0x0000000008010a40        0x8 bn_sprites_manager.o
                0x0000000008010a40                bn::sprites_manager::size(void*)
 .text._ZN2bn15sprites_manager10shape_sizeEPv
                0x0000000008010a48       0x14 bn_sprites_manager.o
                0x0000000008010a48                bn::sprites_manager::shape_size(void*)
 .text._ZN2bn15sprites_manager11hw_positionEPv
                0x0000000008010a5c        0x4 bn_sprites_manager.o
                0x0000000008010a5c                bn::sprites_manager::hw_position(void*)
 .text._ZN2bn15sprites_manager9view_modeEPv
                0x0000000008010a60        0xc bn_sprites_manager.o
                0x0000000008010a60                bn::sprites_manager::view_mode(void*)
 .text._ZN2bn15sprites_manager10affine_matEPv
                0x0000000008010a6c        0x4 bn_sprites_manager.o
                0x0000000008010a6c                bn::sprites_manager::affine_mat(void*)
 .text._ZN2bn15sprites_manager39fill_hblank_effect_horizontal_positionsEPviPKNS_7fixed_tILi12EEEPt
                0x0000000008010a70       0x48 bn_sprites_manager.o
                0x0000000008010a70                bn::sprites_manager::fill_hblank_effect_horizontal_positions(void*, int, bn::fixed_t<12> const*, unsigned short*)
 .text._ZN2bn15sprites_manager37fill_hblank_effect_vertical_positionsEPviPKNS_7fixed_tILi12EEEPt
                0x0000000008010ab8       0x48 bn_sprites_manager.o
                0x0000000008010ab8                bn::sprites_manager::fill_hblank_effect_vertical_positions(void*, int, bn::fixed_t<12> const*, unsigned short*)
 .text._ZN2bn15sprites_manager35fill_hblank_effect_first_attributesEiNS_12sprite_shapeENS_8bpp_modeEiPKNS_23sprite_first_attributesEPt
                0x0000000008010b00      0x108 bn_sprites_manager.o
                0x0000000008010b00                bn::sprites_manager::fill_hblank_effect_first_attributes(int, bn::sprite_shape, bn::bpp_mode, int, bn::sprite_first_attributes const*, unsigned short*)
 .text._ZN2bn15sprites_manager44fill_hblank_effect_regular_second_attributesEPviNS_11sprite_sizeEPKNS_32sprite_regular_second_attributesEPt
                0x0000000008010c08       0x60 bn_sprites_manager.o
                0x0000000008010c08                bn::sprites_manager::fill_hblank_effect_regular_second_attributes(void*, int, bn::sprite_size, bn::sprite_regular_second_attributes const*, unsigned short*)
 .text._ZN2bn15sprites_manager43fill_hblank_effect_affine_second_attributesEPviNS_11sprite_sizeEPKNS_31sprite_affine_second_attributesEPt
                0x0000000008010c68       0x58 bn_sprites_manager.o
                0x0000000008010c68                bn::sprites_manager::fill_hblank_effect_affine_second_attributes(void*, int, bn::sprite_size, bn::sprite_affine_second_attributes const*, unsigned short*)
 .text._ZN2bn15sprites_manager14update_camerasEv
                0x0000000008010cc0       0x2c bn_sprites_manager.o
                0x0000000008010cc0                bn::sprites_manager::update_cameras()
 .text._ZN2bn15sprites_manager6updateEv
                0x0000000008010cec       0xa8 bn_sprites_manager.o
                0x0000000008010cec                bn::sprites_manager::update()
 .text._ZNK2bn17sprite_shape_size11tiles_countENS_8bpp_modeE
                0x0000000008010d94      0x120 bn_sprites_manager.o
                0x0000000008010d94                bn::sprite_shape_size::tiles_count(bn::bpp_mode) const
 .text._ZN2bn15sprites_manager6commitEv
                0x0000000008010eb4       0x88 bn_sprites_manager.o
                0x0000000008010eb4                bn::sprites_manager::commit()
 .text._ZN2bn15sprites_manager7paletteEPv
                0x0000000008010f3c       0x34 bn_sprites_manager.o
                0x0000000008010f3c                bn::sprites_manager::palette(void*)
 .text._ZN2bn15sprites_manager12_GLOBAL__N_123_update_item_dimensionsERNS_20sprites_manager_itemE
                0x0000000008010f70       0xd0 bn_sprites_manager.o
 .text._ZN2bn15sprites_manager12_GLOBAL__N_118_remove_affine_matERNS_20sprites_manager_itemE
                0x0000000008011040       0xc8 bn_sprites_manager.o
 .text._ZN2bn15sprites_manager40remove_identity_affine_mat_if_not_neededEPv
                0x0000000008011108       0x18 bn_sprites_manager.o
                0x0000000008011108                bn::sprites_manager::remove_identity_affine_mat_if_not_needed(void*)
 .text._ZN2bn20sprites_manager_itemC2EONS_14sprite_builderEONS_16sprite_tiles_ptrEONS_18sprite_palette_ptrE
                0x0000000008011120      0x464 bn_sprites_manager.o
                0x0000000008011120                bn::sprites_manager_item::sprites_manager_item(bn::sprite_builder&&, bn::sprite_tiles_ptr&&, bn::sprite_palette_ptr&&)
                0x0000000008011120                bn::sprites_manager_item::sprites_manager_item(bn::sprite_builder&&, bn::sprite_tiles_ptr&&, bn::sprite_palette_ptr&&)
 .text._ZN2bn14sprite_builder11set_z_orderEi
                0x0000000008011584       0x48 bn_sprites_manager.o
                0x0000000008011584                bn::sprite_builder::set_z_order(int)
 .text._ZN2bn14sprite_builderC2ERKNS_17sprite_shape_sizeENS_16sprite_tiles_ptrENS_18sprite_palette_ptrE
                0x00000000080115cc      0x118 bn_sprites_manager.o
                0x00000000080115cc                bn::sprite_builder::sprite_builder(bn::sprite_shape_size const&, bn::sprite_tiles_ptr, bn::sprite_palette_ptr)
                0x00000000080115cc                bn::sprite_builder::sprite_builder(bn::sprite_shape_size const&, bn::sprite_tiles_ptr, bn::sprite_palette_ptr)
 .text._ZN2bn14sprite_builder15set_bg_priorityEi
                0x00000000080116e4       0x38 bn_sprites_manager.o
                0x00000000080116e4                bn::sprite_builder::set_bg_priority(int)
 .text._ZN2bn14sprite_builder13release_tilesEv
                0x000000000801171c       0x58 bn_sprites_manager.o
                0x000000000801171c                bn::sprite_builder::release_tiles()
 .text._ZN2bn14sprite_builder15release_paletteEv
                0x0000000008011774       0x54 bn_sprites_manager.o
                0x0000000008011774                bn::sprite_builder::release_palette()
 .text._ZN3_bn6assert9show_argsIJA27_ciA4_ciEEEvPKcS5_S5_iDpRKT_
                0x00000000080117c8       0x5c bn_sprites_manager.o
                0x00000000080117c8                void _bn::assert::show_args<char [27], int, char [4], int>(char const*, char const*, char const*, int, char const (&) [27], int const&, char const (&) [4], int const&)
 .text._ZN2bn15sprites_manager35fill_hblank_effect_third_attributesENS_17sprite_shape_sizeEPKNS_23sprite_third_attributesEPt
                0x0000000008011824       0xb8 bn_sprites_manager.o
                0x0000000008011824                bn::sprites_manager::fill_hblank_effect_third_attributes(bn::sprite_shape_size, bn::sprite_third_attributes const*, unsigned short*)
 .text._ZN2bn14sorted_sprites6sorter6insertERNS_20sprites_manager_itemE
                0x00000000080118dc      0x198 bn_sprites_manager.o
                0x00000000080118dc                bn::sorted_sprites::sorter::insert(bn::sprites_manager_item&)
 .text._ZN2bn15sprites_manager6createERKNS_11fixed_pointERKNS_17sprite_shape_sizeEONS_16sprite_tiles_ptrEONS_18sprite_palette_ptrE
                0x0000000008011a74      0x1d4 bn_sprites_manager.o
                0x0000000008011a74                bn::sprites_manager::create(bn::fixed_point const&, bn::sprite_shape_size const&, bn::sprite_tiles_ptr&&, bn::sprite_palette_ptr&&)
 .text._ZN2bn10sprite_ptr6createENS_7fixed_tILi12EEES2_RKNS_11sprite_itemE
                0x0000000008011c48       0x54 bn_sprites_manager.o
                0x0000000008011c48                bn::sprite_ptr::create(bn::fixed_t<12>, bn::fixed_t<12>, bn::sprite_item const&)
 .text._ZNK2bn11sprite_item13create_spriteENS_7fixed_tILi12EEES2_
                0x0000000008011c9c       0x1c bn_sprites_manager.o
                0x0000000008011c9c                bn::sprite_item::create_sprite(bn::fixed_t<12>, bn::fixed_t<12>) const
 .text._ZN2bn15sprites_manager6createEONS_14sprite_builderE
                0x0000000008011cb8       0xec bn_sprites_manager.o
                0x0000000008011cb8                bn::sprites_manager::create(bn::sprite_builder&&)
 .text._ZN2bn10sprite_ptr6createEONS_14sprite_builderE
                0x0000000008011da4       0x14 bn_sprites_manager.o
                0x0000000008011da4                bn::sprite_ptr::create(bn::sprite_builder&&)
 .text._ZN2bn15sprites_manager15decrease_usagesEPv.part.0
                0x0000000008011db8      0x18c bn_sprites_manager.o
 .text._ZN2bn10sprite_ptr8_destroyEv
                0x0000000008011f44       0x1c bn_sprites_manager.o
                0x0000000008011f44                bn::sprite_ptr::_destroy()
 .text.startup._GLOBAL__sub_I__ZN2bn7sprites16used_items_countEv
                0x0000000008011f60       0x9c bn_sprites_manager.o
 .text.exit._GLOBAL__sub_D__ZN2bn7sprites16used_items_countEv
                0x0000000008011ffc       0x68 bn_sprites_manager.o
 .text._ZN2bn13ostringstreamC2ERNS_12istring_baseE
                0x0000000008012064        0x8 bn_sstream.o
                0x0000000008012064                bn::ostringstream::ostringstream(bn::istring_base&)
                0x0000000008012064                bn::ostringstream::ostringstream(bn::istring_base&)
 .text._ZNK2bn13ostringstream4sizeEv
                0x000000000801206c        0x8 bn_sstream.o
                0x000000000801206c                bn::ostringstream::size() const
 .text._ZN3_bn6assert9show_argsIJA26_ciEEEvPKcS4_S4_iDpRKT_
                0x0000000008012074       0xf8 bn_sstream.o
                0x0000000008012074                void _bn::assert::show_args<char [26], int>(char const*, char const*, char const*, int, char const (&) [26], int const&)
 .text._ZN2bn13ostringstream6appendEi
                0x000000000801216c       0xa0 bn_sstream.o
                0x000000000801216c                bn::ostringstream::append(int)
 .text._ZN3_bn6assert9show_argsIJA29_ciA4_ciEEEvPKcS5_S5_iDpRKT_
                0x000000000801220c       0x68 bn_sstream.o
                0x000000000801220c                void _bn::assert::show_args<char [29], int, char [4], int>(char const*, char const*, char const*, int, char const (&) [29], int const&, char const (&) [4], int const&)
 .text._ZN2bn13ostringstream6appendEPKc
                0x0000000008012274       0xa0 bn_sstream.o
                0x0000000008012274                bn::ostringstream::append(char const*)
 .text._ZN2bn13ostringstream6appendERKNS_11string_viewE
                0x0000000008012314       0x98 bn_sstream.o
                0x0000000008012314                bn::ostringstream::append(bn::string_view const&)
 .text._ZN2bn13ostringstream6appendEj
                0x00000000080123ac       0xa0 bn_sstream.o
                0x00000000080123ac                bn::ostringstream::append(unsigned int)
 .text._ZN2bn13ostringstream6appendEPKv
                0x000000000801244c      0x118 bn_sstream.o
                0x000000000801244c                bn::ostringstream::append(void const*)
 .text._ZN2bn7istring6appendEPKc.isra.0
                0x0000000008012564       0xa0 bn_sstream.o
 .text._ZN2bn13ostringstream6appendEc
                0x0000000008012604       0x48 bn_sstream.o
                0x0000000008012604                bn::ostringstream::append(char)
 .text._ZN2bn13ostringstream16_append_fractionEji
                0x000000000801264c      0x108 bn_sstream.o
                0x000000000801264c                bn::ostringstream::_append_fraction(unsigned int, int)
 .text._ZN2bn5timerC2Ev
                0x0000000008012754       0x18 bn_timer.o
                0x0000000008012754                bn::timer::timer()
                0x0000000008012754                bn::timer::timer()
 .text._ZNK2bn5timer13elapsed_ticksEv
                0x000000000801276c       0x38 bn_timer.o
                0x000000000801276c                bn::timer::elapsed_ticks() const
 .text._ZN2bn5timer7restartEv
                0x00000000080127a4       0x18 bn_timer.o
                0x00000000080127a4                bn::timer::restart()
 .text._ZN2bn2hw5audio12_GLOBAL__N_137_update_frame_with_hp_vblank_functionEv
                0x00000000080127bc       0x28 bn_hw_audio.o
 .text._ZN2bn2hw5audio4initEPFvvES3_
                0x00000000080127e4       0x64 bn_hw_audio.o
                0x00000000080127e4                bn::hw::audio::init(void (*)(), void (*)())
 .text._ZN2bn2hw5audio7disableEv
                0x0000000008012848       0x34 bn_hw_audio.o
                0x0000000008012848                bn::hw::audio::disable()
 .text._ZN2bn2hw5audio13music_playingEv
                0x000000000801287c       0x10 bn_hw_audio.o
                0x000000000801287c                bn::hw::audio::music_playing()
 .text._ZN2bn2hw5audio10play_musicEiib
                0x000000000801288c       0x2c bn_hw_audio.o
                0x000000000801288c                bn::hw::audio::play_music(int, int, bool)
 .text._ZN2bn2hw5audio10stop_musicEv
                0x00000000080128b8        0xc bn_hw_audio.o
                0x00000000080128b8                bn::hw::audio::stop_music()
 .text._ZN2bn2hw5audio11pause_musicEv
                0x00000000080128c4        0xc bn_hw_audio.o
                0x00000000080128c4                bn::hw::audio::pause_music()
 .text._ZN2bn2hw5audio12resume_musicEv
                0x00000000080128d0        0xc bn_hw_audio.o
                0x00000000080128d0                bn::hw::audio::resume_music()
 .text._ZN2bn2hw5audio14music_positionEv
                0x00000000080128dc        0xc bn_hw_audio.o
                0x00000000080128dc                bn::hw::audio::music_position()
 .text._ZN2bn2hw5audio18set_music_positionEi
                0x00000000080128e8        0xc bn_hw_audio.o
                0x00000000080128e8                bn::hw::audio::set_music_position(int)
 .text._ZN2bn2hw5audio16set_music_volumeEi
                0x00000000080128f4        0xc bn_hw_audio.o
                0x00000000080128f4                bn::hw::audio::set_music_volume(int)
 .text._ZN2bn2hw5audio22disable_vblank_handlerEv
                0x0000000008012900       0x14 bn_hw_audio.o
                0x0000000008012900                bn::hw::audio::disable_vblank_handler()
 .text._ZN2bn2hw5audio21enable_vblank_handlerEv
                0x0000000008012914       0x14 bn_hw_audio.o
                0x0000000008012914                bn::hw::audio::enable_vblank_handler()
 .text._ZN2bn2hw5audio12_GLOBAL__N_119_add_sound_to_queueEit
                0x0000000008012928       0xc0 bn_hw_audio.o
 .text._ZN2bn2hw5audio15stop_all_soundsEv
                0x00000000080129e8       0x70 bn_hw_audio.o
                0x00000000080129e8                bn::hw::audio::stop_all_sounds()
 .text._ZN2bn2hw5audio12_GLOBAL__N_119_check_sounds_queueEv.part.0
                0x0000000008012a58       0xa4 bn_hw_audio.o
 .text._ZN2bn2hw5audio10play_soundEiiiii
                0x0000000008012afc       0x44 bn_hw_audio.o
                0x0000000008012afc                bn::hw::audio::play_sound(int, int, int, int, int)
 .text._ZN2bn2hw5audio10play_soundEii
                0x0000000008012b40       0x30 bn_hw_audio.o
                0x0000000008012b40                bn::hw::audio::play_sound(int, int)
 .text._ZN2bn2hw5audio6commitEv
                0x0000000008012b70       0xb0 bn_hw_audio.o
                0x0000000008012b70                bn::hw::audio::commit()
 .text.startup._GLOBAL__sub_I__ZN2bn2hw5audio4initEPFvvES3_
                0x0000000008012c20       0x2c bn_hw_audio.o
 .text.exit._GLOBAL__sub_D__ZN2bn2hw5audio4initEPFvvES3_
                0x0000000008012c4c       0x94 bn_hw_audio.o
 .text._ZN3_bn6assert9show_argsIJA40_cEEEvPKcS4_S4_iDpRKT_
                0x0000000008012ce0       0x50 bn_hw_common.bn_noflto.o
                0x0000000008012ce0                void _bn::assert::show_args<char [40]>(char const*, char const*, char const*, int, char const (&) [40])
 .text.__aeabi_idiv0
                0x0000000008012d30       0x24 bn_hw_common.bn_noflto.o
                0x0000000008012d30                __aeabi_idiv0
 .text._ZN2bn2hw4link11_timer_intrEv
                0x0000000008012d54      0x110 bn_hw_link.o
                0x0000000008012d54                bn::hw::link::_timer_intr()
 .text._ZN2bn2hw4link12_serial_intrEv
                0x0000000008012e64      0x238 bn_hw_link.o
                0x0000000008012e64                bn::hw::link::_serial_intr()
 .text._ZN2bn2hw3logERKNS_12istring_baseE
                0x000000000801309c       0x68 bn_hw_log.o
                0x000000000801309c                bn::hw::log(bn::istring_base const&)
 .text._ZN2bn2hw6memory4initEv
                0x0000000008013104        0x4 bn_hw_memory.o
                0x0000000008013104                bn::hw::memory::init()
 .text._ZN2bn2hw6memory16ewram_heap_startEv
                0x0000000008013108        0x8 bn_hw_memory.o
                0x0000000008013108                bn::hw::memory::ewram_heap_start()
 .text._ZN2bn2hw6memory14ewram_heap_endEv
                0x0000000008013110        0x8 bn_hw_memory.o
                0x0000000008013110                bn::hw::memory::ewram_heap_end()
 .text._ZN2bn2hw4show5errorERKNS_11string_viewES4_S4_iS4_
                0x0000000008013118      0x29c bn_hw_show.o
                0x0000000008013118                bn::hw::show::error(bn::string_view const&, bn::string_view const&, bn::string_view const&, int, bn::string_view const&)
 .text._ZN2bn2hw4sram4initEv