Archive member included to satisfy reference by file (symbol)

C:/devkitPro/libgba/lib\libmm.a(mm_mas.o)
                              bn_hw_audio.o (mmStart)
C:/devkitPro/libgba/lib\libmm.a(mm_main.o)
                              C:/devkitPro/libgba/lib\libmm.a(mm_mas.o) (mmCallback)
C:/devkitPro/libgba/lib\libmm.a(mm_effect.o)
                              C:/devkitPro/libgba/lib\libmm.a(mm_main.o) (mmResetEffects)
C:/devkitPro/libgba/lib\libmm.a(mm_mas_arm.o)
                              C:/devkitPro/libgba/lib\libmm.a(mm_mas.o) (mmAllocChannel)
C:/devkitPro/libgba/lib\libmm.a(mm_mixer_gba.o)
                              bn_hw_audio.o (mmVBlank)
c:/devkitpro/devkitarm/bin/../lib/gcc/arm-none-eabi/11.1.0/thumb\libgcc.a(_call_via_rX.o)
                              C:/devkitPro/libgba/lib\libmm.a(mm_main.o) (_call_via_r1)
c:/devkitpro/devkitarm/bin/../lib/gcc/arm-none-eabi/11.1.0/thumb\libgcc.a(_aeabi_ldivmod.o)
                              bn_hw_text.o (__aeabi_ldivmod)
c:/devkitpro/devkitarm/bin/../lib/gcc/arm-none-eabi/11.1.0/thumb\libgcc.a(_aeabi_uldivmod.o)
                              bn_hw_text.o (__aeabi_uldivmod)
c:/devkitpro/devkitarm/bin/../lib/gcc/arm-none-eabi/11.1.0/thumb\libgcc.a(_udivmoddi4.o)
                              c:/devkitpro/devkitarm/bin/../lib/gcc/arm-none-eabi/11.1.0/thumb\libgcc.a(_aeabi_ldivmod.o) (__udivmoddi4)
c:/devkitpro/devkitarm/bin/../lib/gcc/arm-none-eabi/11.1.0/thumb\libgcc.a(_clzdi2.o)
                              c:/devkitpro/devkitarm/bin/../lib/gcc/arm-none-eabi/11.1.0/thumb\libgcc.a(_udivmoddi4.o) (__clzdi2)
c:/devkitpro/devkitarm/bin/../lib/gcc/arm-none-eabi/11.1.0/thumb\libgcc.a(_clzsi2.o)
                              c:/devkitpro/devkitarm/bin/../lib/gcc/arm-none-eabi/11.1.0/thumb\libgcc.a(_clzdi2.o) (__clzsi2)
c:/devkitpro/devkitarm/bin/../lib/gcc/arm-none-eabi/11.1.0/../../../../arm-none-eabi/lib/thumb\libg.a(lib_a-init.o)
                              c:/devkitpro/devkitarm/bin/../lib/gcc/arm-none-eabi/11.1.0/../../../../arm-none-eabi/lib/thumb/gba_crt0.o (__libc_init_array)
c:/devkitpro/devkitarm/bin/../lib/gcc/arm-none-eabi/11.1.0/../../../../arm-none-eabi/lib/thumb\libg.a(lib_a-memcpy-stub.o)
                              main.o (memcpy)
c:/devkitpro/devkitarm/bin/../lib/gcc/arm-none-eabi/11.1.0/../../../../arm-none-eabi/lib/thumb\libg.a(lib_a-memmove.o)
                              bn_display_manager.o (memmove)
c:/devkitpro/devkitarm/bin/../lib/gcc/arm-none-eabi/11.1.0/../../../../arm-none-eabi/lib/thumb\libg.a(lib_a-memset.o)
                              bn_bg_blocks_manager.o (memset)
c:/devkitpro/devkitarm/bin/../lib/gcc/arm-none-eabi/11.1.0/../../../../arm-none-eabi/lib/thumb\libsysbase.a(malloc_vars.o)
                              c:/devkitpro/devkitarm/bin/../lib/gcc/arm-none-eabi/11.1.0/../../../../arm-none-eabi/lib/thumb/gba_crt0.o (fake_heap_end)

Discarded input sections

 .text          0x0000000000000000        0x0 c:/devkitpro/devkitarm/bin/../lib/gcc/arm-none-eabi/11.1.0/../../../../arm-none-eabi/lib/thumb/gba_crt0.o
 .data          0x0000000000000000        0x0 c:/devkitpro/devkitarm/bin/../lib/gcc/arm-none-eabi/11.1.0/../../../../arm-none-eabi/lib/thumb/gba_crt0.o
 .bss           0x0000000000000000        0x0 c:/devkitpro/devkitarm/bin/../lib/gcc/arm-none-eabi/11.1.0/../../../../arm-none-eabi/lib/thumb/gba_crt0.o
 .text          0x0000000000000000        0x0 c:/devkitpro/devkitarm/bin/../lib/gcc/arm-none-eabi/11.1.0/thumb/crti.o
 .data          0x0000000000000000        0x0 c:/devkitpro/devkitarm/bin/../lib/gcc/arm-none-eabi/11.1.0/thumb/crti.o
 .bss           0x0000000000000000        0x0 c:/devkitpro/devkitarm/bin/../lib/gcc/arm-none-eabi/11.1.0/thumb/crti.o
 .text          0x0000000000000000        0x0 c:/devkitpro/devkitarm/bin/../lib/gcc/arm-none-eabi/11.1.0/thumb/crtbegin.o
 .data          0x0000000000000000        0x0 c:/devkitpro/devkitarm/bin/../lib/gcc/arm-none-eabi/11.1.0/thumb/crtbegin.o
 .bss           0x0000000000000000        0x0 c:/devkitpro/devkitarm/bin/../lib/gcc/arm-none-eabi/11.1.0/thumb/crtbegin.o
 .rodata.all_implied_fbits
                0x0000000000000000       0x24 c:/devkitpro/devkitarm/bin/../lib/gcc/arm-none-eabi/11.1.0/thumb/crtbegin.o
 .data.__dso_handle
                0x0000000000000000        0x4 c:/devkitpro/devkitarm/bin/../lib/gcc/arm-none-eabi/11.1.0/thumb/crtbegin.o
 .text          0x0000000000000000        0x0 _bn_audio_soundbank.bin.o
 .data          0x0000000000000000        0x0 _bn_audio_soundbank.bin.o
 .bss           0x0000000000000000        0x0 _bn_audio_soundbank.bin.o
 .text          0x0000000000000000        0x0 background_bn_graphics.o
 .data          0x0000000000000000        0x0 background_bn_graphics.o
 .bss           0x0000000000000000        0x0 background_bn_graphics.o
 .text          0x0000000000000000        0x0 bullet_bn_graphics.o
 .data          0x0000000000000000        0x0 bullet_bn_graphics.o
 .bss           0x0000000000000000        0x0 bullet_bn_graphics.o
[...]
Memory Configuration

Name             Origin             Length             Attributes
rom              0x0000000008000000 0x0000000002000000
iwram            0x0000000003000000 0x0000000000008000
ewram            0x0000000002000000 0x0000000000040000
*default*        0x0000000000000000 0xffffffffffffffff

Linker script and memory map

                0x0000000008000000                __text_start = ORIGIN (rom)
                0x0000000002040000                __eheap_end = (ORIGIN (ewram) + LENGTH (ewram))
                0x0000000003000000                __iwram_start = ORIGIN (iwram)
                0x0000000003008000                __iwram_top = (ORIGIN (iwram) + LENGTH (iwram))
                0x0000000003007fa0                __sp_irq = (__iwram_top - 0x60)
                0x0000000003007f00                __sp_usr = (__sp_irq - 0xa0)
                0x0000000003007ff8                __irq_flags = 0x3007ff8
                0x0000000008000000                . = __text_start

.crt0           0x0000000008000000      0x210
 *(.crt0)
 .crt0          0x0000000008000000      0x210 c:/devkitpro/devkitarm/bin/../lib/gcc/arm-none-eabi/11.1.0/../../../../arm-none-eabi/lib/thumb/gba_crt0.o
                0x0000000008000000                _start
                0x00000000080000c4                __boot_method
                0x00000000080000c5                __slave_number
                0x00000000080000e0                start_vector
                0x0000000008000210                . = ALIGN (0x4)

.init           0x0000000008000210        0xc
 *(SORT_NONE(.init))
 .init          0x0000000008000210        0x4 c:/devkitpro/devkitarm/bin/../lib/gcc/arm-none-eabi/11.1.0/thumb/crti.o
                0x0000000008000210                _init
 .init          0x0000000008000214        0x8 c:/devkitpro/devkitarm/bin/../lib/gcc/arm-none-eabi/11.1.0/thumb/crtn.o

.plt            0x000000000800021c        0x0
 *(.plt)
                0x000000000800021c                . = ALIGN (0x4)

.text           0x0000000008000220    0x18230
 *(EXCLUDE_FILE(*.iwram*) .text*)
 .text.__do_global_dtors_aux
                0x0000000008000220       0x2c c:/devkitpro/devkitarm/bin/../lib/gcc/arm-none-eabi/11.1.0/thumb/crtbegin.o
 .text.frame_dummy
                0x000000000800024c       0x24 c:/devkitpro/devkitarm/bin/../lib/gcc/arm-none-eabi/11.1.0/thumb/crtbegin.o
 .text._ZN12_GLOBAL__N_119music_scene_optionsERN2bn21sprite_text_generatorE
                0x0000000008000270      0x1b0 main.o
 .text._ZN12_GLOBAL__N_121music_scene_mountainsERN2bn21sprite_text_generatorE
                0x0000000008000420      0x1b0 main.o
 .text._ZN12_GLOBAL__N_120music_scene_paradiseERN2bn21sprite_text_generatorE
                0x00000000080005d0      0x1b0 main.o
 .text.startup.main
                0x0000000008000780     0x1b34 main.o
                0x0000000008000780                main
 .text._ZN4info15_update_spritesEv
                0x00000000080022b4       0x98 info.o
                0x00000000080022b4                info::_update_sprites()
 .text._ZN4info15set_show_alwaysEb
                0x000000000800234c       0x28 info.o
                0x000000000800234c                info::set_show_always(bool)
 .text._ZN4info6updateEv
                0x0000000008002374       0x30 info.o
                0x0000000008002374                info::update()
 .text._ZN3_bn6assert9show_argsIJA16_ciEEEvPKcS4_S4_iDpRKT_
                0x00000000080023a4       0x58 info.o
                0x00000000080023a4                void _bn::assert::show_args<char [16], int>(char const*, char const*, char const*, int, char const (&) [16], int const&)
 .text._ZN4infoC2ERKN2bn11string_viewERKNS0_4spanIS2_EERNS0_21sprite_text_generatorE
                0x00000000080023fc      0x160 info.o
                0x00000000080023fc                info::info(bn::string_view const&, bn::span<bn::string_view const> const&, bn::sprite_text_generator&)
                0x00000000080023fc                info::info(bn::string_view const&, bn::span<bn::string_view const> const&, bn::sprite_text_generator&)
 .text._ZN3_bn6assert9show_argsIJA15_ciEEEvPKcS4_S4_iDpRKT_
                0x000000000800255c       0x58 stats.o
                0x000000000800255c                void _bn::assert::show_args<char [15], int>(char const*, char const*, char const*, int, char const (&) [15], int const&)
 .text._ZN2bn13audio_manager4initEPFvvES2_
                0x00000000080025b4        0xc bn_audio_manager.o
                0x00000000080025b4                bn::audio_manager::init(void (*)(), void (*)())
 .text._ZN2bn13audio_manager7disableEv
                0x00000000080025c0        0xc bn_audio_manager.o
                0x00000000080025c0                bn::audio_manager::disable()
 .text._ZN2bn13audio_manager22disable_vblank_handlerEv
                0x00000000080025cc        0xc bn_audio_manager.o
                0x00000000080025cc                bn::audio_manager::disable_vblank_handler()
 .text._ZN3_bn6assert9show_argsIJA19_ciEEEvPKcS4_S4_iDpRKT_
                0x00000000080025d8       0x58 bn_audio_manager.o
                0x00000000080025d8                void _bn::assert::show_args<char [19], int>(char const*, char const*, char const*, int, char const (&) [19], int const&)
 .text._ZN2bn13audio_manager6commitEv
                0x0000000008002630       0xe0 bn_audio_manager.o
                0x0000000008002630                bn::audio_manager::commit()
 .text._ZN3_bn6assert9show_argsIJA33_cEEEvPKcS4_S4_iDpRKT_
                0x0000000008002710       0x50 bn_audio_manager.o
                0x0000000008002710                void _bn::assert::show_args<char [33]>(char const*, char const*, char const*, int, char const (&) [33])
 .text._ZN3_bn6assert9show_argsIJA25_cEEEvPKcS4_S4_iDpRKT_
                0x0000000008002760       0x50 bn_audio_manager.o
                0x0000000008002760                void _bn::assert::show_args<char [25]>(char const*, char const*, char const*, int, char const (&) [25])
 .text._ZN2bn5music6volumeEv
                0x00000000080027b0       0x40 bn_audio_manager.o
                0x00000000080027b0                bn::music::volume()
 .text._ZN3_bn6assert9show_argsIJA21_cEEEvPKcS4_S4_iDpRKT_
                0x00000000080027f0       0x50 bn_audio_manager.o
                0x00000000080027f0                void _bn::assert::show_args<char [21]>(char const*, char const*, char const*, int, char const (&) [21])
 .text._ZN3_bn6assert9show_argsIJA15_cEEEvPKcS4_S4_iDpRKT_
                0x0000000008002840       0x50 bn_audio_manager.o
                0x0000000008002840                void _bn::assert::show_args<char [15]>(char const*, char const*, char const*, int, char const (&) [15])
 .text._ZNK2bn10sound_item4playEv
                0x0000000008002890       0x58 bn_audio_manager.o
                0x0000000008002890                bn::sound_item::play() const
 .text._ZN2bn13audio_manager10play_musicENS_10music_itemENS_7fixed_tILi12EEEb
                0x00000000080028e8       0x68 bn_audio_manager.o
                0x00000000080028e8                bn::audio_manager::play_music(bn::music_item, bn::fixed_t<12>, bool)
 .text._ZN2bn13audio_manager10play_soundEiNS_10sound_itemENS_7fixed_tILi12EEES3_S3_
                0x0000000008002950       0xc0 bn_audio_manager.o
                0x0000000008002950                bn::audio_manager::play_sound(int, bn::sound_item, bn::fixed_t<12>, bn::fixed_t<12>, bn::fixed_t<12>)
 .text._ZN2bn13audio_manager10stop_musicEv
                0x0000000008002a10       0x74 bn_audio_manager.o
                0x0000000008002a10                bn::audio_manager::stop_music()
 .text._ZN2bn5music4stopEv
                0x0000000008002a84        0xc bn_audio_manager.o
                0x0000000008002a84                bn::music::stop()
 .text._ZN2bn13audio_manager4stopEv
                0x0000000008002a90       0x6c bn_audio_manager.o
                0x0000000008002a90                bn::audio_manager::stop()
 .text._ZN2bn13audio_manager16set_music_volumeENS_7fixed_tILi12EEE
                0x0000000008002afc       0x8c bn_audio_manager.o
                0x0000000008002afc                bn::audio_manager::set_music_volume(bn::fixed_t<12>)
 .text._ZN3_bn6assert9show_argsIJA27_cN2bn7fixed_tILi12EEEEEEvPKcS7_S7_iDpRKT_
                0x0000000008002b88      0x11c bn_audio_manager.o
                0x0000000008002b88                void _bn::assert::show_args<char [27], bn::fixed_t<12> >(char const*, char const*, char const*, int, char const (&) [27], bn::fixed_t<12> const&)
 .text._ZN3_bn6assert9show_argsIJA25_cN2bn7fixed_tILi12EEEEEEvPKcS7_S7_iDpRKT_
                0x0000000008002ca4      0x11c bn_audio_manager.o
                0x0000000008002ca4                void _bn::assert::show_args<char [25], bn::fixed_t<12> >(char const*, char const*, char const*, int, char const (&) [25], bn::fixed_t<12> const&)
 .text._ZN2bn5music10set_volumeENS_7fixed_tILi12EEE
                0x0000000008002dc0       0x44 bn_audio_manager.o
                0x0000000008002dc0                bn::music::set_volume(bn::fixed_t<12>)
 .text._ZN2bn5sound4playENS_10sound_itemENS_7fixed_tILi12EEES3_S3_
                0x0000000008002e04       0xb4 bn_audio_manager.o
                0x0000000008002e04                bn::sound::play(bn::sound_item, bn::fixed_t<12>, bn::fixed_t<12>, bn::fixed_t<12>)
 .text._ZNK2bn10sound_item4playENS_7fixed_tILi12EEES2_S2_
                0x0000000008002eb8       0x10 bn_audio_manager.o
                0x0000000008002eb8                bn::sound_item::play(bn::fixed_t<12>, bn::fixed_t<12>, bn::fixed_t<12>) const
 .text._ZNK2bn10music_item4playENS_7fixed_tILi12EEE
                0x0000000008002ec8       0x48 bn_audio_manager.o
                0x0000000008002ec8                bn::music_item::play(bn::fixed_t<12>) const
 .text._ZNK2bn10sound_item4playENS_7fixed_tILi12EEE
                0x0000000008002f10       0x50 bn_audio_manager.o
                0x0000000008002f10                bn::sound_item::play(bn::fixed_t<12>) const
 .text.startup._GLOBAL__sub_I__ZN2bn5music7playingEv
                0x0000000008002f60       0x24 bn_audio_manager.o
 .text._ZN2bn13ostringstream11append_argsIiJA4_ctEEEvRKT_DpRKT0_.isra.0
                0x0000000008002f84       0x24 bn_bg_blocks_manager.o
 .text._ZN2bn13ostringstream11append_argsIiJA4_ciEEEvRKT_DpRKT0_.isra.0
                0x0000000008002fa8       0x24 bn_bg_blocks_manager.o
 .text._ZN2bn17bg_blocks_manager15decrease_usagesEi.part.0
                0x0000000008002fcc       0xc0 bn_bg_blocks_manager.o
 .text._ZNK2bn18regular_bg_map_ptr2idEv
                0x000000000800308c       0x18 bn_bg_blocks_manager.o
                0x000000000800308c                bn::regular_bg_map_ptr::id() const
 .text._ZN2bn18regular_bg_map_ptr8_destroyEv
                0x00000000080030a4       0x2c bn_bg_blocks_manager.o
                0x00000000080030a4                bn::regular_bg_map_ptr::_destroy()
 .text._ZNK2bn20regular_bg_tiles_ptr3cbbEv
                0x00000000080030d0       0x18 bn_bg_blocks_manager.o
                0x00000000080030d0                bn::regular_bg_tiles_ptr::cbb() const
 .text._ZNK2bn17affine_bg_map_ptr2idEv
                0x00000000080030e8       0x18 bn_bg_blocks_manager.o
                0x00000000080030e8                bn::affine_bg_map_ptr::id() const
 .text._ZN2bn17affine_bg_map_ptr8_destroyEv
                0x0000000008003100       0x2c bn_bg_blocks_manager.o
                0x0000000008003100                bn::affine_bg_map_ptr::_destroy()
 .text._ZNK2bn19affine_bg_tiles_ptr3cbbEv
                0x000000000800312c       0x18 bn_bg_blocks_manager.o
                0x000000000800312c                bn::affine_bg_tiles_ptr::cbb() const
 .text._ZN2bn17bg_blocks_manager15decrease_usagesEi
                0x0000000008003144       0x28 bn_bg_blocks_manager.o
                0x0000000008003144                bn::bg_blocks_manager::decrease_usages(int)
 .text._ZN2bn17bg_blocks_manager11must_commitEi
                0x000000000800316c       0x18 bn_bg_blocks_manager.o
                0x000000000800316c                bn::bg_blocks_manager::must_commit(int)
 .text._ZN3_bn6assert9show_argsIJA27_ciEEEvPKcS4_S4_iDpRKT_
                0x0000000008003184       0x58 bn_bg_blocks_manager.o
                0x0000000008003184                void _bn::assert::show_args<char [27], int>(char const*, char const*, char const*, int, char const (&) [27], int const&)
 .text._ZN3_bn6assert9show_argsIJA17_ciEEEvPKcS4_S4_iDpRKT_
                0x00000000080031dc       0x58 bn_bg_blocks_manager.o
                0x00000000080031dc                void _bn::assert::show_args<char [17], int>(char const*, char const*, char const*, int, char const (&) [17], int const&)
 .text._ZNK2bn17affine_bg_map_ptr10dimensionsEv
                0x0000000008003234       0x20 bn_bg_blocks_manager.o
                0x0000000008003234                bn::affine_bg_map_ptr::dimensions() const
 .text._ZNK2bn18regular_bg_map_ptr10dimensionsEv
                0x0000000008003254       0x20 bn_bg_blocks_manager.o
                0x0000000008003254                bn::regular_bg_map_ptr::dimensions() const
 .text._ZN3_bn6assert9show_argsIJA26_cEEEvPKcS4_S4_iDpRKT_
                0x0000000008003274       0x50 bn_bg_blocks_manager.o
                0x0000000008003274                void _bn::assert::show_args<char [26]>(char const*, char const*, char const*, int, char const (&) [26])
 .text._ZN3_bn6assert9show_argsIJA22_ciA4_ciEEEvPKcS5_S5_iDpRKT_
                0x00000000080032c4       0x5c bn_bg_blocks_manager.o
                0x00000000080032c4                void _bn::assert::show_args<char [22], int, char [4], int>(char const*, char const*, char const*, int, char const (&) [22], int const&, char const (&) [4], int const&)
 .text._ZN3_bn6assert9show_argsIJA22_cEEEvPKcS4_S4_iDpRKT_
                0x0000000008003320       0x50 bn_bg_blocks_manager.o
                0x0000000008003320                void _bn::assert::show_args<char [22]>(char const*, char const*, char const*, int, char const (&) [22])
 .text._ZN2bn8optionalINS_14bg_palette_ptrEEdeEv
                0x0000000008003370       0x34 bn_bg_blocks_manager.o
                0x0000000008003370                bn::optional<bn::bg_palette_ptr>::operator*()
 .text._ZN2bn8optionalINS_14bg_palette_ptrEEptEv
                0x00000000080033a4       0x34 bn_bg_blocks_manager.o
                0x00000000080033a4                bn::optional<bn::bg_palette_ptr>::operator->()
 .text._ZNK2bn18regular_bg_map_ptr5tilesEv
                0x00000000080033d8       0x48 bn_bg_blocks_manager.o
                0x00000000080033d8                bn::regular_bg_map_ptr::tiles() const
 .text._ZNK2bn17affine_bg_map_ptr5tilesEv
                0x0000000008003420       0x48 bn_bg_blocks_manager.o
                0x0000000008003420                bn::affine_bg_map_ptr::tiles() const
 .text._ZNK2bn18regular_bg_map_ptr3bppEv
                0x0000000008003468       0x4c bn_bg_blocks_manager.o
                0x0000000008003468                bn::regular_bg_map_ptr::bpp() const
 .text._ZN2bn17bg_blocks_manager21update_affine_map_rowEiii
                0x00000000080034b4       0xfc bn_bg_blocks_manager.o
                0x00000000080034b4                bn::bg_blocks_manager::update_affine_map_row(int, int, int)
 .text._ZN2bn17bg_blocks_manager23set_affine_map_positionEiii
                0x00000000080035b0      0x180 bn_bg_blocks_manager.o
                0x00000000080035b0                bn::bg_blocks_manager::set_affine_map_position(int, int, int)
 .text._ZN2bn17bg_blocks_manager21update_affine_map_colEiii
                0x0000000008003730      0x240 bn_bg_blocks_manager.o
                0x0000000008003730                bn::bg_blocks_manager::update_affine_map_col(int, int, int)
 .text._ZN2bn17bg_blocks_manager10log_statusEv
                0x0000000008003970      0x420 bn_bg_blocks_manager.o
                0x0000000008003970                bn::bg_blocks_manager::log_status()
 .text._ZN2bn17bg_blocks_manager22update_regular_map_rowEiii
                0x0000000008003d90      0x250 bn_bg_blocks_manager.o
                0x0000000008003d90                bn::bg_blocks_manager::update_regular_map_row(int, int, int)
 .text._ZN2bn17bg_blocks_manager22update_regular_map_colEiii
                0x0000000008003fe0      0x2c0 bn_bg_blocks_manager.o
                0x0000000008003fe0                bn::bg_blocks_manager::update_regular_map_col(int, int, int)
 .text._ZN2bn17bg_blocks_manager24set_regular_map_positionEiii
                0x00000000080042a0      0x398 bn_bg_blocks_manager.o
                0x00000000080042a0                bn::bg_blocks_manager::set_regular_map_position(int, int, int)
 .text._ZN2bn17bg_blocks_manager12_GLOBAL__N_112_commit_itemERKNS1_9item_typeE
                0x0000000008004638      0x2d8 bn_bg_blocks_manager.o
 .text._ZN2bn17bg_blocks_manager6commitEv
                0x0000000008004910       0x60 bn_bg_blocks_manager.o
                0x0000000008004910                bn::bg_blocks_manager::commit()
 .text._ZN3_bn6assert9show_argsIJA58_ciA4_ciEEEvPKcS5_S5_iDpRKT_
                0x0000000008004970       0x5c bn_bg_blocks_manager.o
                0x0000000008004970                void _bn::assert::show_args<char [58], int, char [4], int>(char const*, char const*, char const*, int, char const (&) [58], int const&, char const (&) [4], int const&)
 .text._ZN3_bn6assert9show_argsIJA22_ciEEEvPKcS4_S4_iDpRKT_
                0x00000000080049cc       0x58 bn_bg_blocks_manager.o
                0x00000000080049cc                void _bn::assert::show_args<char [22], int>(char const*, char const*, char const*, int, char const (&) [22], int const&)
 .text._ZN3_bn6assert9show_argsIJA44_cPKtA4_cS4_EEEvPKcS7_S7_iDpRKT_
                0x0000000008004a24       0x6c bn_bg_blocks_manager.o
                0x0000000008004a24                void _bn::assert::show_args<char [44], unsigned short const*, char [4], unsigned short const*>(char const*, char const*, char const*, int, char const (&) [44], unsigned short const* const&, char const (&) [4], unsigned short const* const&)
 .text._ZN3_bn6assert9show_argsIJA46_ciA4_ciEEEvPKcS5_S5_iDpRKT_
                0x0000000008004a90       0x5c bn_bg_blocks_manager.o
                0x0000000008004a90                void _bn::assert::show_args<char [46], int, char [4], int>(char const*, char const*, char const*, int, char const (&) [46], int const&, char const (&) [4], int const&)
 .text._ZN3_bn6assert9show_argsIJA37_cbA4_cbEEEvPKcS5_S5_iDpRKT_
                0x0000000008004aec       0x84 bn_bg_blocks_manager.o
                0x0000000008004aec                void _bn::assert::show_args<char [37], bool, char [4], bool>(char const*, char const*, char const*, int, char const (&) [37], bool const&, char const (&) [4], bool const&)
 .text._ZN3_bn6assert9show_argsIJA19_cEEEvPKcS4_S4_iDpRKT_
                0x0000000008004b70       0x50 bn_bg_blocks_manager.o
                0x0000000008004b70                void _bn::assert::show_args<char [19]>(char const*, char const*, char const*, int, char const (&) [19])
 .text._ZN2bn17bg_blocks_manager12_GLOBAL__N_116_find_tiles_implEPKtNS_16compression_typeEib
                0x0000000008004bc0      0x1f4 bn_bg_blocks_manager.o
 .text._ZN3_bn6assert9show_argsIJA34_ciA4_ctEEEvPKcS5_S5_iDpRKT_
                0x0000000008004db4       0x5c bn_bg_blocks_manager.o
                0x0000000008004db4                void _bn::assert::show_args<char [34], int, char [4], unsigned short>(char const*, char const*, char const*, int, char const (&) [34], int const&, char const (&) [4], unsigned short const&)
 .text._ZN3_bn6assert9show_argsIJA36_ciA4_ctEEEvPKcS5_S5_iDpRKT_
                0x0000000008004e10       0x5c bn_bg_blocks_manager.o
                0x0000000008004e10                void _bn::assert::show_args<char [36], int, char [4], unsigned short>(char const*, char const*, char const*, int, char const (&) [36], int const&, char const (&) [4], unsigned short const&)
 .text._ZN3_bn6assert9show_argsIJA54_ciA4_ciEEEvPKcS5_S5_iDpRKT_
                0x0000000008004e6c       0x5c bn_bg_blocks_manager.o
                0x0000000008004e6c                void _bn::assert::show_args<char [54], int, char [4], int>(char const*, char const*, char const*, int, char const (&) [54], int const&, char const (&) [4], int const&)
 .text._ZN3_bn6assert9show_argsIJA34_ciA4_ciEEEvPKcS5_S5_iDpRKT_
                0x0000000008004ec8       0x5c bn_bg_blocks_manager.o
                0x0000000008004ec8                void _bn::assert::show_args<char [34], int, char [4], int>(char const*, char const*, char const*, int, char const (&) [34], int const&, char const (&) [4], int const&)
 .text._ZN3_bn6assert9show_argsIJA38_ciA4_ciEEEvPKcS5_S5_iDpRKT_
                0x0000000008004f24       0x5c bn_bg_blocks_manager.o
                0x0000000008004f24                void _bn::assert::show_args<char [38], int, char [4], int>(char const*, char const*, char const*, int, char const (&) [38], int const&, char const (&) [4], int const&)
 .text._ZN2bn17bg_blocks_manager12_GLOBAL__N_122_find_regular_map_implERKNS_19regular_bg_map_itemERKNS_20regular_bg_tiles_ptrERKNS_14bg_palette_ptrE
                0x0000000008004f80      0x388 bn_bg_blocks_manager.o
 .text._ZN3_bn6assert9show_argsIJA32_cA15_cPKtA16_ciA17_ciA44_cEEEvPKcSA_SA_iDpRKT_
                0x0000000008005308       0x8c bn_bg_blocks_manager.o
                0x0000000008005308                void _bn::assert::show_args<char [32], char [15], unsigned short const*, char [16], int, char [17], int, char [44]>(char const*, char const*, char const*, int, char const (&) [32], char const (&) [15], unsigned short const* const&, char const (&) [16], int const&, char const (&) [17], int const&, char const (&) [44])
 .text._ZN3_bn6assert9show_argsIJA46_cEEEvPKcS4_S4_iDpRKT_
                0x0000000008005394       0x50 bn_bg_blocks_manager.o
                0x0000000008005394                void _bn::assert::show_args<char [46]>(char const*, char const*, char const*, int, char const (&) [46])
 .text._ZN3_bn6assert9show_argsIJA30_cA13_cPKtA14_ciA15_ciA17_ciA44_cEEEvPKcSB_SB_iDpRKT_
                0x00000000080053e4       0xa0 bn_bg_blocks_manager.o
                0x00000000080053e4                void _bn::assert::show_args<char [30], char [13], unsigned short const*, char [14], int, char [15], int, char [17], int, char [44]>(char const*, char const*, char const*, int, char const (&) [30], char const (&) [13], unsigned short const* const&, char const (&) [14], int const&, char const (&) [15], int const&, char const (&) [17], int const&, char const (&) [44])
 .text._ZN3_bn6assert9show_argsIJA20_ciEEEvPKcS4_S4_iDpRKT_
                0x0000000008005484       0x58 bn_bg_blocks_manager.o
                0x0000000008005484                void _bn::assert::show_args<char [20], int>(char const*, char const*, char const*, int, char const (&) [20], int const&)
 .text._ZN3_bn6assert9show_argsIJA17_cEEEvPKcS4_S4_iDpRKT_
                0x00000000080054dc       0x50 bn_bg_blocks_manager.o
                0x00000000080054dc                void _bn::assert::show_args<char [17]>(char const*, char const*, char const*, int, char const (&) [17])
 .text._ZN3_bn6assert9show_argsIJA16_ciA4_ciEEEvPKcS5_S5_iDpRKT_
                0x000000000800552c       0x5c bn_bg_blocks_manager.o
                0x000000000800552c                void _bn::assert::show_args<char [16], int, char [4], int>(char const*, char const*, char const*, int, char const (&) [16], int const&, char const (&) [4], int const&)
 .text._ZN3_bn6assert9show_argsIJA16_cEEEvPKcS4_S4_iDpRKT_
                0x0000000008005588       0x50 bn_bg_blocks_manager.o
                0x0000000008005588                void _bn::assert::show_args<char [16]>(char const*, char const*, char const*, int, char const (&) [16])
 .text._ZN2bn17bg_blocks_manager12_GLOBAL__N_110items_list12insert_afterEiRKNS1_9item_typeE.constprop.0
                0x00000000080055d8      0x2b8 bn_bg_blocks_manager.o
 .text._ZN2bn17bg_blocks_manager4initEv
                0x0000000008005890      0x178 bn_bg_blocks_manager.o
                0x0000000008005890                bn::bg_blocks_manager::init()
 .text._ZN2bn13ostringstream11append_argsIA4_cJiEEEvRKT_DpRKT0_
                0x0000000008005a08       0x18 bn_bg_blocks_manager.o
                0x0000000008005a08                void bn::ostringstream::append_args<char [4], int>(char const (&) [4], int const&)
 .text._ZN3_bn6assert9show_argsIJA39_cPKN2bn4tileEA4_ciEEEvPKcS9_S9_iDpRKT_
                0x0000000008005a20       0x64 bn_bg_blocks_manager.o
                0x0000000008005a20                void _bn::assert::show_args<char [39], bn::tile const*, char [4], int>(char const*, char const*, char const*, int, char const (&) [39], bn::tile const* const&, char const (&) [4], int const&)
 .text._ZN3_bn6assert9show_argsIJA25_ciEEEvPKcS4_S4_iDpRKT_
                0x0000000008005a84       0x58 bn_bg_blocks_manager.o
                0x0000000008005a84                void _bn::assert::show_args<char [25], int>(char const*, char const*, char const*, int, char const (&) [25], int const&)
 .text._ZN2bn14iunordered_mapIPKviNS_4hashIS2_EENS_8equal_toIS2_EEE5eraseERKNS7_14const_iteratorE.isra.0
                0x0000000008005adc      0x12c bn_bg_blocks_manager.o
 .text._ZN2bn17bg_blocks_manager12_GLOBAL__N_121_remove_adjacent_itemEiRNS1_9item_typeE
                0x0000000008005c08       0xe0 bn_bg_blocks_manager.o
 .text._ZN2bn17bg_blocks_manager6updateEv.part.0
                0x0000000008005ce8      0x1f8 bn_bg_blocks_manager.o
 .text._ZN2bn17bg_blocks_manager6updateEv
                0x0000000008005ee0       0x1c bn_bg_blocks_manager.o
                0x0000000008005ee0                bn::bg_blocks_manager::update()
 .text._ZN2bn17bg_blocks_manager12_GLOBAL__N_112_create_itemEiibONS1_11create_dataE
                0x0000000008005efc      0x550 bn_bg_blocks_manager.o
 .text._ZN2bn17bg_blocks_manager12_GLOBAL__N_112_create_implILNS1_11create_typeE2EEEiONS1_11create_dataE
                0x000000000800644c       0xfc bn_bg_blocks_manager.o
 .text._ZN2bn17bg_blocks_manager18create_regular_mapERKNS_19regular_bg_map_itemEONS_20regular_bg_tiles_ptrEONS_14bg_palette_ptrEb
                0x0000000008006548      0x2cc bn_bg_blocks_manager.o
                0x0000000008006548                bn::bg_blocks_manager::create_regular_map(bn::regular_bg_map_item const&, bn::regular_bg_tiles_ptr&&, bn::bg_palette_ptr&&, bool)
 .text._ZN2bn17bg_blocks_manager12_GLOBAL__N_112_create_implILNS1_11create_typeE0EEEiONS1_11create_dataE.constprop.0
                0x0000000008006814      0x19c bn_bg_blocks_manager.o
 .text._ZN2bn17bg_blocks_manager20create_regular_tilesERKNS_21regular_bg_tiles_itemEb
                0x00000000080069b0      0x14c bn_bg_blocks_manager.o
                0x00000000080069b0                bn::bg_blocks_manager::create_regular_tiles(bn::regular_bg_tiles_item const&, bool)
 .text._ZN2bn18regular_bg_map_ptr6createERKNS_15regular_bg_itemE
                0x0000000008006afc       0x70 bn_bg_blocks_manager.o
                0x0000000008006afc                bn::regular_bg_map_ptr::create(bn::regular_bg_item const&)
 .text.startup._GLOBAL__sub_I__ZN2bn7bg_maps16used_cells_countEv
                0x0000000008006b6c       0x88 bn_bg_blocks_manager.o
 .text.exit._GLOBAL__sub_D__ZN2bn7bg_maps16used_cells_countEv
                0x0000000008006bf4       0x80 bn_bg_blocks_manager.o
 .text._ZN2bn11bgs_manager12_GLOBAL__N_129_check_unique_regular_big_mapERNS1_9item_typeE.part.0
                0x0000000008006c74       0x54 bn_bgs_manager.o
 .text._ZN2bn13ostringstream11append_argsIiJA4_ciEEEvRKT_DpRKT0_.isra.0
                0x0000000008006cc8       0x24 bn_bgs_manager.o
 .text._ZNK2bn14regular_bg_ptr1xEv
                0x0000000008006cec        0x8 bn_bgs_manager.o
                0x0000000008006cec                bn::regular_bg_ptr::x() const
 .text._ZN2bn11bgs_manager5hw_idEPv
                0x0000000008006cf4       0x24 bn_bgs_manager.o
                0x0000000008006cf4                bn::bgs_manager::hw_id(void*)
 .text._ZN2bn11bgs_manager11hw_positionEPv
                0x0000000008006d18        0x4 bn_bgs_manager.o
                0x0000000008006d18                bn::bgs_manager::hw_position(void*)
 .text._ZN2bn11bgs_manager14mat_attributesEPv
                0x0000000008006d1c        0x4 bn_bgs_manager.o
                0x0000000008006d1c                bn::bgs_manager::mat_attributes(void*)
 .text._ZN2bn11bgs_manager36fill_hblank_effect_regular_positionsEiPKNS_7fixed_tILi12EEEPt
                0x0000000008006d20       0x38 bn_bgs_manager.o
                0x0000000008006d20                bn::bgs_manager::fill_hblank_effect_regular_positions(int, bn::fixed_t<12> const*, unsigned short*)
 .text._ZN2bn11bgs_manager45fill_hblank_effect_pivot_horizontal_positionsEPvPKNS_7fixed_tILi12EEEPj
                0x0000000008006d58       0x24 bn_bgs_manager.o
                0x0000000008006d58                bn::bgs_manager::fill_hblank_effect_pivot_horizontal_positions(void*, bn::fixed_t<12> const*, unsigned int*)
 .text._ZN2bn11bgs_manager43fill_hblank_effect_pivot_vertical_positionsEPvPKNS_7fixed_tILi12EEEPj
                0x0000000008006d7c       0x24 bn_bgs_manager.o
                0x0000000008006d7c                bn::bgs_manager::fill_hblank_effect_pivot_vertical_positions(void*, bn::fixed_t<12> const*, unsigned int*)
 .text._ZN2bn11bgs_manager6commitEv
                0x0000000008006da0       0xf8 bn_bgs_manager.o
                0x0000000008006da0                bn::bgs_manager::commit()
 .text._ZN2bn11bgs_manager4stopEv
                0x0000000008006e98       0x28 bn_bgs_manager.o
                0x0000000008006e98                bn::bgs_manager::stop()
 .text._ZN3_bn6assert9show_argsIJA18_ciEEEvPKcS4_S4_iDpRKT_
                0x0000000008006ec0       0x58 bn_bgs_manager.o
                0x0000000008006ec0                void _bn::assert::show_args<char [18], int>(char const*, char const*, char const*, int, char const (&) [18], int const&)
 .text._ZN3_bn6assert9show_argsIJA23_cEEEvPKcS4_S4_iDpRKT_
                0x0000000008006f18       0x50 bn_bgs_manager.o
                0x0000000008006f18                void _bn::assert::show_args<char [23]>(char const*, char const*, char const*, int, char const (&) [23])
 .text._ZN2bn11bgs_manager15commit_big_mapsEv
                0x0000000008006f68      0x2f8 bn_bgs_manager.o
                0x0000000008006f68                bn::bgs_manager::commit_big_maps()
 .text._ZN2bn11bgs_manager10affine_mapEPv
                0x0000000008007260       0x34 bn_bgs_manager.o
                0x0000000008007260                bn::bgs_manager::affine_map(void*)
 .text._ZN2bn11bgs_manager11regular_mapEPv
                0x0000000008007294       0x34 bn_bgs_manager.o
                0x0000000008007294                bn::bgs_manager::regular_map(void*)
 .text._ZN3_bn6assert9show_argsIJA30_cEEEvPKcS4_S4_iDpRKT_
                0x00000000080072c8       0x50 bn_bgs_manager.o
                0x00000000080072c8                void _bn::assert::show_args<char [30]>(char const*, char const*, char const*, int, char const (&) [30])
 .text._ZN2bn18regular_bg_builder11release_mapEv
                0x0000000008007318       0x50 bn_bgs_manager.o
                0x0000000008007318                bn::regular_bg_builder::release_map()
 .text._ZN2bn11bgs_manager6updateEv
                0x0000000008007368      0x168 bn_bgs_manager.o
                0x0000000008007368                bn::bgs_manager::update()
 .text._ZN3_bn6assert9show_argsIJA60_ciA4_ciEEEvPKcS5_S5_iDpRKT_
                0x00000000080074d0       0x5c bn_bgs_manager.o
                0x00000000080074d0                void _bn::assert::show_args<char [60], int, char [4], int>(char const*, char const*, char const*, int, char const (&) [60], int const&, char const (&) [4], int const&)
 .text._ZN2bn14regular_bg_ptr5set_xENS_7fixed_tILi12EEE
                0x000000000800752c       0xb4 bn_bgs_manager.o
                0x000000000800752c                bn::regular_bg_ptr::set_x(bn::fixed_t<12>)
 .text._ZN2bn11bgs_manager12_GLOBAL__N_19item_type26update_regular_hw_positionEv
                0x00000000080075e0       0xe0 bn_bgs_manager.o
 .text._ZN2bn11bgs_manager12_GLOBAL__N_19item_type18update_regular_mapEv
                0x00000000080076c0      0x1b8 bn_bgs_manager.o
 .text._ZN3_bn6assert9show_argsIJA59_ciA4_ciEEEvPKcS5_S5_iDpRKT_
                0x0000000008007878       0x5c bn_bgs_manager.o
                0x0000000008007878                void _bn::assert::show_args<char [59], int, char [4], int>(char const*, char const*, char const*, int, char const (&) [59], int const&, char const (&) [4], int const&)
 .text._ZN3_bn6assert9show_argsIJA57_ciA4_ciEEEvPKcS5_S5_iDpRKT_
                0x00000000080078d4       0x5c bn_bgs_manager.o
                0x00000000080078d4                void _bn::assert::show_args<char [57], int, char [4], int>(char const*, char const*, char const*, int, char const (&) [57], int const&, char const (&) [4], int const&)
 .text._ZN2bn11bgs_manager12_GLOBAL__N_19item_type18update_affine_hw_yEv
                0x0000000008007930       0x84 bn_bgs_manager.o
 .text._ZN2bn11bgs_manager14update_camerasEv
                0x00000000080079b4      0x19c bn_bgs_manager.o
                0x00000000080079b4                bn::bgs_manager::update_cameras()
 .text._ZN3_bn6assert9show_argsIJA24_cEEEvPKcS4_S4_iDpRKT_
                0x0000000008007b50       0x50 bn_bgs_manager.o
                0x0000000008007b50                void _bn::assert::show_args<char [24]>(char const*, char const*, char const*, int, char const (&) [24])
 .text._ZN2bn11bgs_manager37fill_hblank_effect_regular_attributesEPvPKNS_21regular_bg_attributesEPt
                0x0000000008007ba0      0x118 bn_bgs_manager.o
                0x0000000008007ba0                bn::bgs_manager::fill_hblank_effect_regular_attributes(void*, bn::regular_bg_attributes const*, unsigned short*)
 .text._ZN2bn11bgs_manager36fill_hblank_effect_affine_attributesEPvPKNS_20affine_bg_attributesEPt
                0x0000000008007cb8      0x118 bn_bgs_manager.o
                0x0000000008007cb8                bn::bgs_manager::fill_hblank_effect_affine_attributes(void*, bn::affine_bg_attributes const*, unsigned short*)
 .text._ZN3_bn6assert9show_argsIJA18_cEEEvPKcS4_S4_iDpRKT_
                0x0000000008007dd0       0x50 bn_bgs_manager.o
                0x0000000008007dd0                void _bn::assert::show_args<char [18]>(char const*, char const*, char const*, int, char const (&) [18])
 .text._ZN2bn11bgs_manager12_GLOBAL__N_112_insert_itemERNS1_9item_typeE
                0x0000000008007e20       0xf4 bn_bgs_manager.o
 .text._ZN3_bn6assert9show_argsIJA13_cEEEvPKcS4_S4_iDpRKT_
                0x0000000008007f14       0x50 bn_bgs_manager.o
                0x0000000008007f14                void _bn::assert::show_args<char [13]>(char const*, char const*, char const*, int, char const (&) [13])
 .text._ZN2bn11bgs_manager6createEONS_18regular_bg_builderE.part.0
                0x0000000008007f64      0x1d8 bn_bgs_manager.o
 .text._ZNK2bn15regular_bg_item9create_bgENS_7fixed_tILi12EEES2_
                0x000000000800813c       0xbc bn_bgs_manager.o
                0x000000000800813c                bn::regular_bg_item::create_bg(bn::fixed_t<12>, bn::fixed_t<12>) const
 .text._ZN3_bn6assert9show_argsIJA14_cEEEvPKcS4_S4_iDpRKT_
                0x00000000080081f8       0x50 bn_bgs_manager.o
                0x00000000080081f8                void _bn::assert::show_args<char [14]>(char const*, char const*, char const*, int, char const (&) [14])
 .text._ZN3_bn6assert9show_argsIJA23_ciA4_ciEEEvPKcS5_S5_iDpRKT_
                0x0000000008008248       0x5c bn_bgs_manager.o
                0x0000000008008248                void _bn::assert::show_args<char [23], int, char [4], int>(char const*, char const*, char const*, int, char const (&) [23], int const&, char const (&) [4], int const&)
 .text._ZN2bn5eraseERNS_7ivectorIPNS_11bgs_manager12_GLOBAL__N_19item_typeEEERKS4_.constprop.0.isra.0
                0x00000000080082a4      0x144 bn_bgs_manager.o
 .text._ZN2bn11bgs_manager15decrease_usagesEPv
                0x00000000080083e8      0x130 bn_bgs_manager.o
                0x00000000080083e8                bn::bgs_manager::decrease_usages(void*)
 .text._ZN2bn14regular_bg_ptr8_destroyEv
                0x0000000008008518       0x10 bn_bgs_manager.o
                0x0000000008008518                bn::regular_bg_ptr::_destroy()
 .text._ZN2bn14regular_bg_ptr12set_priorityEi
                0x0000000008008528       0x64 bn_bgs_manager.o
                0x0000000008008528                bn::regular_bg_ptr::set_priority(int)
 .text.startup._GLOBAL__sub_I__ZN2bn3bgs16used_items_countEv
                0x000000000800858c       0x64 bn_bgs_manager.o
 .text.exit._GLOBAL__sub_D__ZN2bn3bgs16used_items_countEv
                0x00000000080085f0       0x38 bn_bgs_manager.o
 .text._ZNK2bn10camera_ptr8positionEv
                0x0000000008008628       0x14 bn_cameras_manager.o
                0x0000000008008628                bn::camera_ptr::position() const
 .text._ZN2bn15cameras_manager6updateEv
                0x000000000800863c       0x28 bn_cameras_manager.o
                0x000000000800863c                bn::cameras_manager::update()
 .text._ZN3_bn6assert9show_argsIJA31_cEEEvPKcS4_S4_iDpRKT_
                0x0000000008008664       0x50 bn_cameras_manager.o
                0x0000000008008664                void _bn::assert::show_args<char [31]>(char const*, char const*, char const*, int, char const (&) [31])
 .text._ZN2bn15cameras_manager4initEv
                0x00000000080086b4       0x50 bn_cameras_manager.o
                0x00000000080086b4                bn::cameras_manager::init()
 .text._ZN2bn10camera_ptr8_destroyEv
                0x0000000008008704       0x5c bn_cameras_manager.o
                0x0000000008008704                bn::camera_ptr::_destroy()
 .text.startup._GLOBAL__sub_I__ZN2bn7cameras16used_items_countEv
                0x0000000008008760       0x2c bn_cameras_manager.o
 .text._ZN2bn4core12_GLOBAL__N_118hp_vblank_functionEv
                0x000000000800878c       0x24 bn_core.o
 .text._ZN2bn4core12_GLOBAL__N_111update_implEv
                0x00000000080087b0       0x80 bn_core.o
 .text._ZN2bn4core12_GLOBAL__N_14stopEb
                0x0000000008008830       0x48 bn_core.o
 .text._ZN2bn11string_viewC2EPKc
                0x0000000008008878       0x1c bn_core.o
                0x0000000008008878                bn::string_view::string_view(char const*)
                0x0000000008008878                bn::string_view::string_view(char const*)
 .text._ZN2bn4core6updateEv
                0x0000000008008894       0x74 bn_core.o
                0x0000000008008894                bn::core::update()
 .text._ZN2bn4core4initERKNS_11string_viewE
                0x0000000008008908       0xc0 bn_core.o
                0x0000000008008908                bn::core::init(bn::string_view const&)
 .text._ZN2bn4core4initEv
                0x00000000080089c8       0x18 bn_core.o
                0x00000000080089c8                bn::core::init()
 .text._ZN3_bn6assert4showEPKcS2_S2_iRKN2bn12istring_baseE
                0x00000000080089e0       0x58 bn_core.o
                0x00000000080089e0                _bn::assert::show(char const*, char const*, char const*, int, bn::istring_base const&)
 .text.startup._GLOBAL__sub_I__ZN2bn4core4initEv
                0x0000000008008a38       0x24 bn_core.o
 .text._ZN2bn15display_manager8set_modeEi
                0x0000000008008a5c       0x1c bn_display_manager.o
                0x0000000008008a5c                bn::display_manager::set_mode(int)
 .text._ZN2bn15display_manager14set_bg_enabledEib
                0x0000000008008a78       0x1c bn_display_manager.o
                0x0000000008008a78                bn::display_manager::set_bg_enabled(int, bool)
 .text._ZN2bn15display_manager36fill_mosaic_hblank_effect_attributesEPKNS_17mosaic_attributesEPt
                0x0000000008008a94       0xb4 bn_display_manager.o
                0x0000000008008a94                bn::display_manager::fill_mosaic_hblank_effect_attributes(bn::mosaic_attributes const*, unsigned short*)
 .text._ZN2bn15display_manager23set_blending_bg_enabledEib
                0x0000000008008b48       0x14 bn_display_manager.o
                0x0000000008008b48                bn::display_manager::set_blending_bg_enabled(int, bool)
 .text._ZN2bn15display_manager27blending_transparency_alphaEv
                0x0000000008008b5c        0xc bn_display_manager.o
                0x0000000008008b5c                bn::display_manager::blending_transparency_alpha()
 .text._ZN2bn15display_manager24blending_intensity_alphaEv
                0x0000000008008b68        0xc bn_display_manager.o
                0x0000000008008b68                bn::display_manager::blending_intensity_alpha()
 .text._ZN2bn15display_manager51fill_blending_transparency_hblank_effect_attributesEPKNS_32blending_transparency_attributesEPt
                0x0000000008008b74       0x3c bn_display_manager.o
                0x0000000008008b74                bn::display_manager::fill_blending_transparency_hblank_effect_attributes(bn::blending_transparency_attributes const*, unsigned short*)
 .text._ZN2bn15display_manager21blending_fade_enabledEv
                0x0000000008008bb0       0x10 bn_display_manager.o
                0x0000000008008bb0                bn::display_manager::blending_fade_enabled()
 .text._ZN2bn15display_manager39fill_blending_fade_hblank_effect_alphasEPKNS_19blending_fade_alphaEPt
                0x0000000008008bc0       0x24 bn_display_manager.o
                0x0000000008008bc0                bn::display_manager::fill_blending_fade_hblank_effect_alphas(bn::blending_fade_alpha const*, unsigned short*)
 .text._ZN2bn15display_manager26update_windows_visible_bgsEv
                0x0000000008008be4       0x10 bn_display_manager.o
                0x0000000008008be4                bn::display_manager::update_windows_visible_bgs()
 .text._ZN2bn15display_manager36rect_window_hw_horizontal_boundariesEi
                0x0000000008008bf4       0x18 bn_display_manager.o
                0x0000000008008bf4                bn::display_manager::rect_window_hw_horizontal_boundaries(int)
 .text._ZN2bn15display_manager34rect_window_hw_vertical_boundariesEi
                0x0000000008008c0c       0x18 bn_display_manager.o
                0x0000000008008c0c                bn::display_manager::rect_window_hw_vertical_boundaries(int)
 .text._ZN2bn15display_manager52fill_rect_window_hblank_effect_horizontal_boundariesERKNS_4pairIiiEEPKNS1_INS_7fixed_tILi12EEES6_EEPt
                0x0000000008008c24      0x13c bn_display_manager.o
                0x0000000008008c24                bn::display_manager::fill_rect_window_hblank_effect_horizontal_boundaries(bn::pair<int, int> const&, bn::pair<bn::fixed_t<12>, bn::fixed_t<12> > const*, unsigned short*)
 .text._ZN2bn15display_manager50fill_rect_window_hblank_effect_vertical_boundariesERKNS_4pairIiiEEPKNS1_INS_7fixed_tILi12EEES6_EEPt
                0x0000000008008d60      0x13c bn_display_manager.o
                0x0000000008008d60                bn::display_manager::fill_rect_window_hblank_effect_vertical_boundaries(bn::pair<int, int> const&, bn::pair<bn::fixed_t<12>, bn::fixed_t<12> > const*, unsigned short*)
 .text._ZN2bn15display_manager36fill_green_swap_hblank_effect_statesEPKbPt
                0x0000000008008e9c       0x38 bn_display_manager.o
                0x0000000008008e9c                bn::display_manager::fill_green_swap_hblank_effect_states(bool const*, unsigned short*)
 .text._ZN2bn15display_manager6commitEv
                0x0000000008008ed4      0x2b0 bn_display_manager.o
                0x0000000008008ed4                bn::display_manager::commit()
 .text._ZN2bn15display_manager4stopEv
                0x0000000008009184       0x2c bn_display_manager.o
                0x0000000008009184                bn::display_manager::stop()
 .text._ZN2bn15display_manager12_GLOBAL__N_134_update_rect_windows_hw_boundariesEi
                0x00000000080091b0       0x8c bn_display_manager.o
 .text._ZN2bn15display_manager4initEv
                0x000000000800923c       0x48 bn_display_manager.o
                0x000000000800923c                bn::display_manager::init()
 .text._ZN2bn15display_manager14update_camerasEv
                0x0000000008009284       0x40 bn_display_manager.o
                0x0000000008009284                bn::display_manager::update_cameras()
 .text._ZN2bn15display_manager6updateEv
                0x00000000080092c4      0x108 bn_display_manager.o
                0x00000000080092c4                bn::display_manager::update()
 .text._ZN2bn15display_manager21set_show_bg_in_windowEiPvb
                0x00000000080093cc      0x178 bn_display_manager.o
                0x00000000080093cc                bn::display_manager::set_show_bg_in_window(int, void*, bool)
 .text._ZN2bn15display_manager26set_show_bg_in_all_windowsEPvb
                0x0000000008009544       0x20 bn_display_manager.o
                0x0000000008009544                bn::display_manager::set_show_bg_in_all_windows(void*, bool)
 .text.startup._GLOBAL__sub_I__ZNK2bn6window7show_bgERKNS_14regular_bg_ptrE
                0x0000000008009564       0x8c bn_display_manager.o
 .text.exit._GLOBAL__sub_D__ZNK2bn6window7show_bgERKNS_14regular_bg_ptrE
                0x00000000080095f0       0x48 bn_display_manager.o
 .text._ZN2bn12gpio_manager4initEv
                0x0000000008009638       0x10 bn_gpio_manager.o
                0x0000000008009638                bn::gpio_manager::init()
 .text._ZN2bn12gpio_manager6commitEv
                0x0000000008009648       0x30 bn_gpio_manager.o
                0x0000000008009648                bn::gpio_manager::commit()
 .text._ZN2bn12gpio_manager4stopEv
                0x0000000008009678       0x1c bn_gpio_manager.o
                0x0000000008009678                bn::gpio_manager::stop()
 .text._ZN2bn7type_idINS_4pairIiiEEEENS_9type_id_tEv
                0x0000000008009694        0x8 bn_hblank_effects_manager.o
                0x0000000008009694                bn::type_id_t bn::type_id<bn::pair<int, int> >()
 .text._ZN2bn7type_idINS_33regular_bg_attributes_hbe_handler15last_value_typeEEENS_9type_id_tEv
                0x000000000800969c        0x8 bn_hblank_effects_manager.o
                0x000000000800969c                bn::type_id_t bn::type_id<bn::regular_bg_attributes_hbe_handler::last_value_type>()
 .text._ZN2bn7type_idINS_32affine_bg_attributes_hbe_handler15last_value_typeEEENS_9type_id_tEv
                0x00000000080096a4        0x8 bn_hblank_effects_manager.o
                0x00000000080096a4                bn::type_id_t bn::type_id<bn::affine_bg_attributes_hbe_handler::last_value_type>()
 .text._ZN2bn7type_idIiEENS_9type_id_tEv
                0x00000000080096ac        0x8 bn_hblank_effects_manager.o
                0x00000000080096ac                bn::type_id_t bn::type_id<int>()
 .text._ZN2bn7type_idINS_47affine_bg_pivot_horizontal_position_hbe_handler15last_value_typeEEENS_9type_id_tEv
                0x00000000080096b4        0x8 bn_hblank_effects_manager.o
                0x00000000080096b4                bn::type_id_t bn::type_id<bn::affine_bg_pivot_horizontal_position_hbe_handler::last_value_type>()
 .text._ZN2bn7type_idINS_45affine_bg_pivot_vertical_position_hbe_handler15last_value_typeEEENS_9type_id_tEv
                0x00000000080096bc        0x8 bn_hblank_effects_manager.o
                0x00000000080096bc                bn::type_id_t bn::type_id<bn::affine_bg_pivot_vertical_position_hbe_handler::last_value_type>()
 .text._ZN2bn7type_idINS_35sprite_first_attributes_hbe_handler15last_value_typeEEENS_9type_id_tEv
                0x00000000080096c4        0x8 bn_hblank_effects_manager.o
                0x00000000080096c4                bn::type_id_t bn::type_id<bn::sprite_first_attributes_hbe_handler::last_value_type>()
 .text._ZN2bn7type_idINS_35sprite_second_attributes_last_valueEEENS_9type_id_tEv
                0x00000000080096cc        0x8 bn_hblank_effects_manager.o
                0x00000000080096cc                bn::type_id_t bn::type_id<bn::sprite_second_attributes_last_value>()
 .text._ZN2bn7type_idINS_17sprite_shape_sizeEEENS_9type_id_tEv
                0x00000000080096d4        0x8 bn_hblank_effects_manager.o
                0x00000000080096d4                bn::type_id_t bn::type_id<bn::sprite_shape_size>()
 .text._ZN2bn4iany5resetEv.part.0
                0x00000000080096dc       0x24 bn_hblank_effects_manager.o
 .text._ZN2bn22hblank_effects_manager7disableEv
                0x0000000008009700       0x24 bn_hblank_effects_manager.o
                0x0000000008009700                bn::hblank_effects_manager::disable()
 .text._ZN2bn22hblank_effects_manager6commitEv
                0x0000000008009724       0x74 bn_hblank_effects_manager.o
                0x0000000008009724                bn::hblank_effects_manager::commit()
 .text._ZN3_bn6assert9show_argsIJA66_cEEEvPKcS4_S4_iDpRKT_
                0x0000000008009798       0x50 bn_hblank_effects_manager.o
                0x0000000008009798                void _bn::assert::show_args<char [66]>(char const*, char const*, char const*, int, char const (&) [66])
 .text._ZN3_bn6assert9show_argsIJA63_cEEEvPKcS4_S4_iDpRKT_
                0x00000000080097e8       0x50 bn_hblank_effects_manager.o
                0x00000000080097e8                void _bn::assert::show_args<char [63]>(char const*, char const*, char const*, int, char const (&) [63])
 .text._ZN3_bn6assert9show_argsIJA34_cEEEvPKcS4_S4_iDpRKT_
                0x0000000008009838       0x50 bn_hblank_effects_manager.o
                0x0000000008009838                void _bn::assert::show_args<char [34]>(char const*, char const*, char const*, int, char const (&) [34])
 .text._ZN2bn22hblank_effects_manager12_GLOBAL__N_19item_type18_check_update_implINS_32affine_bg_attributes_hbe_handlerEEEbv
                0x0000000008009888      0x1bc bn_hblank_effects_manager.o
 .text._ZN2bn22hblank_effects_manager12_GLOBAL__N_19item_type18_check_update_implINS_33regular_bg_attributes_hbe_handlerEEEbv
                0x0000000008009a44      0x1dc bn_hblank_effects_manager.o
 .text._ZN2bn22hblank_effects_manager12_GLOBAL__N_19item_type12check_updateEv
                0x0000000008009c20     0x27d0 bn_hblank_effects_manager.o
 .text._ZN2bn22hblank_effects_manager6updateEv
                0x000000000800c3f0      0x248 bn_hblank_effects_manager.o
                0x000000000800c3f0                bn::hblank_effects_manager::update()
 .text._ZN2bn22hblank_effects_manager4initEv
                0x000000000800c638       0xd0 bn_hblank_effects_manager.o
                0x000000000800c638                bn::hblank_effects_manager::init()
 .text._ZN3_bn6assert9show_argsIJA39_cPKN2bn5colorEA4_ciEEEvPKcS9_S9_iDpRKT_
                0x000000000800c708       0x64 bn_hblank_effects_manager.o
                0x000000000800c708                void _bn::assert::show_args<char [39], bn::color const*, char [4], int>(char const*, char const*, char const*, int, char const (&) [39], bn::color const* const&, char const (&) [4], int const&)
 .text.startup._GLOBAL__sub_I__ZN2bn4hbes10used_countEv
                0x000000000800c76c       0xf8 bn_hblank_effects_manager.o
 .text.exit._GLOBAL__sub_D__ZN2bn4hbes10used_countEv
                0x000000000800c864       0x28 bn_hblank_effects_manager.o
 .text._ZN2bn12hdma_manager7disableEv
                0x000000000800c88c       0x30 bn_hdma_manager.o
                0x000000000800c88c                bn::hdma_manager::disable()
 .text._ZN2bn12hdma_manager10force_stopEv
                0x000000000800c8bc       0x3c bn_hdma_manager.o
                0x000000000800c8bc                bn::hdma_manager::force_stop()
 .text._ZN2bn12hdma_manager6updateEv
                0x000000000800c8f8       0x6c bn_hdma_manager.o
                0x000000000800c8f8                bn::hdma_manager::update()
 .text._ZN2bn12hdma_manager6commitEv
                0x000000000800c964       0xd0 bn_hdma_manager.o
                0x000000000800c964                bn::hdma_manager::commit()
 .text.startup._GLOBAL__sub_I__ZN2bn4hdma7runningEv
                0x000000000800ca34       0x34 bn_hdma_manager.o
 .text._ZN2bn6keypad9a_pressedEv
                0x000000000800ca68       0x10 bn_keypad_manager.o
                0x000000000800ca68                bn::keypad::a_pressed()
 .text._ZN2bn6keypad14select_pressedEv
                0x000000000800ca78       0x10 bn_keypad_manager.o
                0x000000000800ca78                bn::keypad::select_pressed()
 .text._ZN2bn6keypad13start_pressedEv
                0x000000000800ca88       0x10 bn_keypad_manager.o
                0x000000000800ca88                bn::keypad::start_pressed()
 .text._ZN2bn14keypad_manager4stopEv
                0x000000000800ca98        0x4 bn_keypad_manager.o
                0x000000000800ca98                bn::keypad_manager::stop()
 .text._ZN3_bn6assert9show_argsIJA19_ciA4_ciEEEvPKcS5_S5_iDpRKT_
                0x000000000800ca9c       0x6c bn_keypad_manager.o
                0x000000000800ca9c                void _bn::assert::show_args<char [19], int, char [4], int>(char const*, char const*, char const*, int, char const (&) [19], int const&, char const (&) [4], int const&)
 .text._ZN2bn14keypad_manager6updateEv
                0x000000000800cb08       0xa8 bn_keypad_manager.o
                0x000000000800cb08                bn::keypad_manager::update()
 .text._ZN3_bn6assert9show_argsIJA24_ciEEEvPKcS4_S4_iDpRKT_
                0x000000000800cbb0       0x58 bn_keypad_manager.o
                0x000000000800cbb0                void _bn::assert::show_args<char [24], int>(char const*, char const*, char const*, int, char const (&) [24], int const&)
 .text._ZN2bn14keypad_manager4initERKNS_11string_viewE
                0x000000000800cc08       0x58 bn_keypad_manager.o
                0x000000000800cc08                bn::keypad_manager::init(bn::string_view const&)
 .text._ZN2bn12link_manager4initEv
                0x000000000800cc60       0xdc bn_link_manager.o
                0x000000000800cc60                bn::link_manager::init()
 .text._ZN2bn12link_manager7disableEv
                0x000000000800cd3c       0x90 bn_link_manager.o
                0x000000000800cd3c                bn::link_manager::disable()
 .text._ZN2bn12link_manager6commitEv
                0x000000000800cdcc       0x40 bn_link_manager.o
                0x000000000800cdcc                bn::link_manager::commit()
 .text.startup._GLOBAL__sub_I__ZN2bn4link4sendEi
                0x000000000800ce0c       0x48 bn_link_manager.o
 .text._ZN2bn3logERKNS_12istring_baseE
                0x000000000800ce54        0xc bn_log.o
                0x000000000800ce54                bn::log(bn::istring_base const&)
 .text._ZN2bn14memory_manager4initEv
                0x000000000800ce60       0xfc bn_memory_manager.o
                0x000000000800ce60                bn::memory_manager::init()
 .text.startup._GLOBAL__sub_I__Znwj
                0x000000000800cf5c       0x54 bn_memory_manager.o
 .text.exit._GLOBAL__sub_D__Znwj
                0x000000000800cfb0       0xa0 bn_memory_manager.o
 .text._ZN2bn2hw8palettes9grayscaleEiiPNS_5colorE
                0x000000000800d050       0x40 bn_palettes_manager.o
                0x000000000800d050                bn::hw::palettes::grayscale(int, int, bn::color*)
 .text._ZN2bn11bg_palettes21set_transparent_colorENS_5colorE
                0x000000000800d090       0x40 bn_palettes_manager.o
                0x000000000800d090                bn::bg_palettes::set_transparent_color(bn::color)
 .text._ZN2bn14bg_palette_ptrC2ERKS0_
                0x000000000800d0d0       0x28 bn_palettes_manager.o
                0x000000000800d0d0                bn::bg_palette_ptr::bg_palette_ptr(bn::bg_palette_ptr const&)
                0x000000000800d0d0                bn::bg_palette_ptr::bg_palette_ptr(bn::bg_palette_ptr const&)
 .text._ZNK2bn14bg_palette_ptr3bppEv
                0x000000000800d0f8       0x24 bn_palettes_manager.o
                0x000000000800d0f8                bn::bg_palette_ptr::bpp() const
 .text._ZN2bn18sprite_palette_ptrC2ERKS0_
                0x000000000800d11c       0x1c bn_palettes_manager.o
                0x000000000800d11c                bn::sprite_palette_ptr::sprite_palette_ptr(bn::sprite_palette_ptr const&)
                0x000000000800d11c                bn::sprite_palette_ptr::sprite_palette_ptr(bn::sprite_palette_ptr const&)
 .text._ZNK2bn18sprite_palette_ptr3bppEv
                0x000000000800d138       0x1c bn_palettes_manager.o
                0x000000000800d138                bn::sprite_palette_ptr::bpp() const
 .text._ZN2bn13palettes_bank11colors_hashERKNS_4spanIKNS_5colorEEE
                0x000000000800d154       0x28 bn_palettes_manager.o
                0x000000000800d154                bn::palettes_bank::colors_hash(bn::span<bn::color const> const&)
 .text._ZNK2bn13palettes_bank10log_statusEv
                0x000000000800d17c      0x148 bn_palettes_manager.o
                0x000000000800d17c                bn::palettes_bank::log_status() const
 .text._ZNK2bn13palettes_bank20retrieve_commit_dataEv
                0x000000000800d2c4       0x60 bn_palettes_manager.o
                0x000000000800d2c4                bn::palettes_bank::retrieve_commit_data() const
 .text._ZNK2bn13palettes_bank12_same_colorsERKNS_4spanIKNS_5colorEEEi
                0x000000000800d324       0x50 bn_palettes_manager.o
                0x000000000800d324                bn::palettes_bank::_same_colors(bn::span<bn::color const> const&, int) const
 .text._ZN2bn13palettes_bank10find_bpp_4ERKNS_4spanIKNS_5colorEEEt
                0x000000000800d374       0xe8 bn_palettes_manager.o
                0x000000000800d374                bn::palettes_bank::find_bpp_4(bn::span<bn::color const> const&, unsigned short)
 .text._ZNK2bn13palettes_bank21_apply_global_effectsEiPNS_5colorE
                0x000000000800d45c       0xe8 bn_palettes_manager.o
                0x000000000800d45c                bn::palettes_bank::_apply_global_effects(int, bn::color*) const
 .text._ZNK2bn13palettes_bank25fill_hblank_effect_colorsEPKNS_5colorEPt
                0x000000000800d544       0x38 bn_palettes_manager.o
                0x000000000800d544                bn::palettes_bank::fill_hblank_effect_colors(bn::color const*, unsigned short*) const
 .text._ZNK2bn13palettes_bank25fill_hblank_effect_colorsEiPKNS_5colorEPt
                0x000000000800d57c       0xc0 bn_palettes_manager.o
                0x000000000800d57c                bn::palettes_bank::fill_hblank_effect_colors(int, bn::color const*, unsigned short*) const
 .text._ZNK2bn13palettes_bank7palette13apply_effectsEiPNS_5colorE
                0x000000000800d63c       0x74 bn_palettes_manager.o
                0x000000000800d63c                bn::palettes_bank::palette::apply_effects(int, bn::color*) const
 .text._ZN2bn13palettes_bank15_update_paletteEi
                0x000000000800d6b0       0x58 bn_palettes_manager.o
                0x000000000800d6b0                bn::palettes_bank::_update_palette(int)
 .text._ZN2bn13palettes_bankC2Ev
                0x000000000800d708       0xa8 bn_palettes_manager.o
                0x000000000800d708                bn::palettes_bank::palettes_bank()
                0x000000000800d708                bn::palettes_bank::palettes_bank()
 .text._ZN2bn16palettes_manager20sprite_palettes_bankEv
                0x000000000800d7b0        0x8 bn_palettes_manager.o
                0x000000000800d7b0                bn::palettes_manager::sprite_palettes_bank()
 .text._ZN2bn16palettes_manager16bg_palettes_bankEv
                0x000000000800d7b8        0x8 bn_palettes_manager.o
                0x000000000800d7b8                bn::palettes_manager::bg_palettes_bank()
 .text._ZN2bn16palettes_manager4stopEv
                0x000000000800d7c0       0x20 bn_palettes_manager.o
                0x000000000800d7c0                bn::palettes_manager::stop()
 .text._ZN3_bn6assert9show_argsIJA43_ciS2_EEEvPKcS4_S4_iDpRKT_
                0x000000000800d7e0       0x60 bn_palettes_manager.o
                0x000000000800d7e0                void _bn::assert::show_args<char [43], int, char [43]>(char const*, char const*, char const*, int, char const (&) [43], int const&, char const (&) [43])
 .text._ZN2bn13palettes_bank6updateEv
                0x000000000800d840      0x10c bn_palettes_manager.o
                0x000000000800d840                bn::palettes_bank::update()
 .text._ZN2bn16palettes_manager6updateEv
                0x000000000800d94c       0x20 bn_palettes_manager.o
                0x000000000800d94c                bn::palettes_manager::update()
 .text._ZN2bn16palettes_manager6commitEv
                0x000000000800d96c       0xb4 bn_palettes_manager.o
                0x000000000800d96c                bn::palettes_manager::commit()
 .text._ZN2bn13palettes_bank12create_bpp_8ERKNS_4spanIKNS_5colorEEENS_16compression_typeEb
                0x000000000800da20      0x1cc bn_palettes_manager.o
                0x000000000800da20                bn::palettes_bank::create_bpp_8(bn::span<bn::color const> const&, bn::compression_type, bool)
 .text._ZNK2bn15bg_palette_item10uncompressENS_4spanINS_5colorEEE
                0x000000000800dbec      0x120 bn_palettes_manager.o
                0x000000000800dbec                bn::bg_palette_item::uncompress(bn::span<bn::color>) const
 .text._ZNK2bn19sprite_palette_item10uncompressENS_4spanINS_5colorEEE
                0x000000000800dd0c      0x120 bn_palettes_manager.o
                0x000000000800dd0c                bn::sprite_palette_item::uncompress(bn::span<bn::color>) const
 .text._ZN2bn14iunordered_mapItsNS_13palettes_bank15identity_hasherENS_8equal_toItEEE21insert_or_assign_hashEjONS_4pairIKtsEE
                0x000000000800de2c      0x134 bn_palettes_manager.o
                0x000000000800de2c                bn::iunordered_map<unsigned short, short, bn::palettes_bank::identity_hasher, bn::equal_to<unsigned short> >::insert_or_assign_hash(unsigned int, bn::pair<unsigned short const, short>&&)
 .text._ZN2bn13palettes_bank12create_bpp_4ERKNS_4spanIKNS_5colorEEEtb
                0x000000000800df60      0x15c bn_palettes_manager.o
                0x000000000800df60                bn::palettes_bank::create_bpp_4(bn::span<bn::color const> const&, unsigned short, bool)
 .text._ZN2bn12_GLOBAL__N_112_create_implERKNS_15bg_palette_itemEb
                0x000000000800e0bc       0x94 bn_palettes_manager.o
 .text._ZN2bn14bg_palette_ptr6createERKNS_15bg_palette_itemE
                0x000000000800e150       0x54 bn_palettes_manager.o
                0x000000000800e150                bn::bg_palette_ptr::create(bn::bg_palette_item const&)
 .text._ZNK2bn15bg_palette_item14create_paletteEv
                0x000000000800e1a4       0x10 bn_palettes_manager.o
                0x000000000800e1a4                bn::bg_palette_item::create_palette() const
 .text._ZN2bn12_GLOBAL__N_112_create_implERKNS_19sprite_palette_itemEb
                0x000000000800e1b4       0x7c bn_palettes_manager.o
 .text._ZNK2bn19sprite_palette_item14create_paletteEv
                0x000000000800e230       0x48 bn_palettes_manager.o
                0x000000000800e230                bn::sprite_palette_item::create_palette() const
 .text._ZN2bn14iunordered_mapItsNS_13palettes_bank15identity_hasherENS_8equal_toItEEE5eraseERKNS5_14const_iteratorE.isra.0
                0x000000000800e278      0x12c bn_palettes_manager.o
 .text._ZN2bn13palettes_bank15decrease_usagesEi.part.0
                0x000000000800e3a4       0xd0 bn_palettes_manager.o
 .text._ZN2bn18sprite_palette_ptr8_destroyEv
                0x000000000800e474       0x28 bn_palettes_manager.o
                0x000000000800e474                bn::sprite_palette_ptr::_destroy()
 .text._ZN2bn14bg_palette_ptr8_destroyEv
                0x000000000800e49c       0x30 bn_palettes_manager.o
                0x000000000800e49c                bn::bg_palette_ptr::_destroy()
 .text._ZN2bn14bg_palette_ptraSERKS0_
                0x000000000800e4cc       0x5c bn_palettes_manager.o
                0x000000000800e4cc                bn::bg_palette_ptr::operator=(bn::bg_palette_ptr const&)
 .text.startup._GLOBAL__sub_I__ZN2bn11bg_palettes17used_colors_countEv
                0x000000000800e528       0x20 bn_palettes_manager.o
 .text._ZNK2bn21sprite_affine_mat_ptr15horizontal_flipEv
                0x000000000800e548       0x20 bn_sprite_affine_mats_manager.o
                0x000000000800e548                bn::sprite_affine_mat_ptr::horizontal_flip() const
 .text._ZNK2bn21sprite_affine_mat_ptr13vertical_flipEv
                0x000000000800e568       0x20 bn_sprite_affine_mats_manager.o
                0x000000000800e568                bn::sprite_affine_mat_ptr::vertical_flip() const
 .text._ZNK2bn21sprite_affine_mat_ptr16flipped_identityEv
                0x000000000800e588       0x18 bn_sprite_affine_mats_manager.o
                0x000000000800e588                bn::sprite_affine_mat_ptr::flipped_identity() const
 .text._ZN2bn26sprite_affine_mats_manager13attach_spriteEiRNS_24intrusive_list_node_typeE
                0x000000000800e5a0       0x2c bn_sprite_affine_mats_manager.o
                0x000000000800e5a0                bn::sprite_affine_mats_manager::attach_sprite(int, bn::intrusive_list_node_type&)
 .text._ZN2bn26sprite_affine_mats_manager18sprite_double_sizeEiii
                0x000000000800e5cc      0x14c bn_sprite_affine_mats_manager.o
                0x000000000800e5cc                bn::sprite_affine_mats_manager::sprite_double_size(int, int, int)
 .text._ZN2bn26sprite_affine_mats_manager20retrieve_commit_dataEv
                0x000000000800e718       0x44 bn_sprite_affine_mats_manager.o
                0x000000000800e718                bn::sprite_affine_mats_manager::retrieve_commit_data()
 .text._ZN3_bn6assert9show_argsIJA37_cEEEvPKcS4_S4_iDpRKT_
                0x000000000800e75c       0x50 bn_sprite_affine_mats_manager.o
                0x000000000800e75c                void _bn::assert::show_args<char [37]>(char const*, char const*, char const*, int, char const (&) [37])
 .text._ZN2bn26sprite_affine_mats_manager15decrease_usagesEi.part.0
                0x000000000800e7ac       0x64 bn_sprite_affine_mats_manager.o
 .text._ZN2bn21sprite_affine_mat_ptr8_destroyEv
                0x000000000800e810       0x2c bn_sprite_affine_mats_manager.o
                0x000000000800e810                bn::sprite_affine_mat_ptr::_destroy()
 .text._ZN2bn26sprite_affine_mats_manager6updateEv
                0x000000000800e83c       0xa0 bn_sprite_affine_mats_manager.o
                0x000000000800e83c                bn::sprite_affine_mats_manager::update()
 .text._ZN2bn26sprite_affine_mats_manager4initEPv
                0x000000000800e8dc       0x64 bn_sprite_affine_mats_manager.o
                0x000000000800e8dc                bn::sprite_affine_mats_manager::init(void*)
 .text._ZN2bn26sprite_affine_mats_manager14dettach_spriteEiRNS_24intrusive_list_node_typeE
                0x000000000800e940       0x4c bn_sprite_affine_mats_manager.o
                0x000000000800e940                bn::sprite_affine_mats_manager::dettach_sprite(int, bn::intrusive_list_node_type&)
 .text.startup._GLOBAL__sub_I__ZN2bn18sprite_affine_mats10used_countEv
                0x000000000800e98c       0x98 bn_sprite_affine_mats_manager.o
 .text.exit._GLOBAL__sub_D__ZN2bn18sprite_affine_mats10used_countEv
                0x000000000800ea24       0x3c bn_sprite_affine_mats_manager.o
 .text._ZN3_bn6assert9show_argsIJA54_cEEEvPKcS4_S4_iDpRKT_
                0x000000000800ea60       0x50 bn_sprite_text_generator.o
                0x000000000800ea60                void _bn::assert::show_args<char [54]>(char const*, char const*, char const*, int, char const (&) [54])
 .text._ZN2bn14utf8_characterC2ERKc
                0x000000000800eab0      0x144 bn_sprite_text_generator.o
                0x000000000800eab0                bn::utf8_character::utf8_character(char const&)
                0x000000000800eab0                bn::utf8_character::utf8_character(char const&)
 .text._ZN2bn21sprite_text_generator15set_bg_priorityEi
                0x000000000800ebf4       0x40 bn_sprite_text_generator.o
                0x000000000800ebf4                bn::sprite_text_generator::set_bg_priority(int)
 .text._ZN3_bn6assert9show_argsIJA28_cN2bn11string_viewEEEEvPKcS6_S6_iDpRKT_
                0x000000000800ec34       0x58 bn_sprite_text_generator.o
                0x000000000800ec34                void _bn::assert::show_args<char [28], bn::string_view>(char const*, char const*, char const*, int, char const (&) [28], bn::string_view const&)
 .text._ZN3_bn6assert9show_argsIJA20_ccA9_cN2bn11string_viewEA2_cEEEvPKcS8_S8_iDpRKT_
                0x000000000800ec8c       0x70 bn_sprite_text_generator.o
                0x000000000800ec8c                void _bn::assert::show_args<char [20], char, char [9], bn::string_view, char [2]>(char const*, char const*, char const*, int, char const (&) [20], char const&, char const (&) [9], bn::string_view const&, char const (&) [2])
 .text._ZNK2bn21sprite_text_generator5widthERKNS_11string_viewE
                0x000000000800ecfc      0x424 bn_sprite_text_generator.o
                0x000000000800ecfc                bn::sprite_text_generator::width(bn::string_view const&) const
 .text._ZN2bn21sprite_text_generator5_initEv
                0x000000000800f120      0x204 bn_sprite_text_generator.o
                0x000000000800f120                bn::sprite_text_generator::_init()
 .text._ZN2bn21sprite_text_generatorC2ERKNS_11sprite_fontE
                0x000000000800f324       0x50 bn_sprite_text_generator.o
                0x000000000800f324                bn::sprite_text_generator::sprite_text_generator(bn::sprite_font const&)
                0x000000000800f324                bn::sprite_text_generator::sprite_text_generator(bn::sprite_font const&)
 .text._ZN3_bn6assert9show_argsIJA25_ciA4_ciEEEvPKcS5_S5_iDpRKT_
                0x000000000800f374       0x64 bn_sprite_text_generator.o
                0x000000000800f374                void _bn::assert::show_args<char [25], int, char [4], int>(char const*, char const*, char const*, int, char const (&) [25], int const&, char const (&) [4], int const&)
 .text._ZN3_bn6assert9show_argsIJA55_cEEEvPKcS4_S4_iDpRKT_
                0x000000000800f3d8       0x50 bn_sprite_text_generator.o
                0x000000000800f3d8                void _bn::assert::show_args<char [55]>(char const*, char const*, char const*, int, char const (&) [55])
 .text._ZN2bn12_GLOBAL__N_113_build_spriteILNS_11sprite_sizeE2ELb0EEEPNS_4tileERKNS_21sprite_text_generatorERKNS_18sprite_palette_ptrERKNS_11fixed_pointERNS_7ivectorINS_10sprite_ptrEEE
                0x000000000800f428      0x230 bn_sprite_text_generator.o
 .text._ZN2bn12_GLOBAL__N_113_build_spriteILNS_11sprite_sizeE1ELb0EEEPNS_4tileERKNS_21sprite_text_generatorERKNS_18sprite_palette_ptrERKNS_11fixed_pointERNS_7ivectorINS_10sprite_ptrEEE
                0x000000000800f658      0x22c bn_sprite_text_generator.o
 .text._ZN2bn12_GLOBAL__N_19_generateILb0EEEbRKNS_21sprite_text_generatorERKNS_11fixed_pointERKNS_11string_viewERKNS_14iunordered_mapIiiNS_4hashIiEENS_8equal_toIiEEEEiibRNS_7ivectorINS_10sprite_ptrEEE.isra.0
                0x000000000800f884     0x1648 bn_sprite_text_generator.o
 .text._ZNK2bn21sprite_text_generator8generateENS_7fixed_tILi12EEES2_RKNS_11string_viewERNS_7ivectorINS_10sprite_ptrEEE
                0x0000000008010ecc       0x4c bn_sprite_text_generator.o
                0x0000000008010ecc                bn::sprite_text_generator::generate(bn::fixed_t<12>, bn::fixed_t<12>, bn::string_view const&, bn::ivector<bn::sprite_ptr>&) const
 .text._ZNK2bn16sprite_tiles_ptr2idEv
                0x0000000008010f18       0x18 bn_sprite_tiles_manager.o
                0x0000000008010f18                bn::sprite_tiles_ptr::id() const
 .text._ZNK2bn16sprite_tiles_ptr11tiles_countEv
                0x0000000008010f30       0x18 bn_sprite_tiles_manager.o
                0x0000000008010f30                bn::sprite_tiles_ptr::tiles_count() const
 .text._ZN2bn20sprite_tiles_manager10log_statusEv
                0x0000000008010f48      0x1f4 bn_sprite_tiles_manager.o
                0x0000000008010f48                bn::sprite_tiles_manager::log_status()
 .text._ZN2bn20sprite_tiles_manager6commitEv
                0x000000000801113c       0xd8 bn_sprite_tiles_manager.o
                0x000000000801113c                bn::sprite_tiles_manager::commit()
 .text._ZN2bn14iunordered_mapIPKNS_4tileEiNS_4hashIS3_EENS_8equal_toIS3_EEE5eraseERKNS8_14const_iteratorE.isra.0
                0x0000000008011214      0x12c bn_sprite_tiles_manager.o
 .text._ZN3_bn6assert9show_argsIJA44_cPKN2bn4tileEA4_cS6_EEEvPKcS9_S9_iDpRKT_
                0x0000000008011340       0x6c bn_sprite_tiles_manager.o
                0x0000000008011340                void _bn::assert::show_args<char [44], bn::tile const*, char [4], bn::tile const*>(char const*, char const*, char const*, int, char const (&) [44], bn::tile const* const&, char const (&) [4], bn::tile const* const&)
 .text._ZN3_bn6assert9show_argsIJA46_ciA4_cjEEEvPKcS5_S5_iDpRKT_
                0x00000000080113ac       0x6c bn_sprite_tiles_manager.o
                0x00000000080113ac                void _bn::assert::show_args<char [46], int, char [4], unsigned int>(char const*, char const*, char const*, int, char const (&) [46], int const&, char const (&) [4], unsigned int const&)
 .text._ZN3_bn6assert9show_argsIJA28_cA15_cPKN2bn4tileEA16_ciA47_cEEEvPKcSB_SB_iDpRKT_
                0x0000000008011418       0x7c bn_sprite_tiles_manager.o
                0x0000000008011418                void _bn::assert::show_args<char [28], char [15], bn::tile const*, char [16], int, char [47]>(char const*, char const*, char const*, int, char const (&) [28], char const (&) [15], bn::tile const* const&, char const (&) [16], int const&, char const (&) [47])
 .text._ZN3_bn6assert9show_argsIJA44_ciA47_cEEEvPKcS5_S5_iDpRKT_
                0x0000000008011494       0x60 bn_sprite_tiles_manager.o
                0x0000000008011494                void _bn::assert::show_args<char [44], int, char [47]>(char const*, char const*, char const*, int, char const (&) [44], int const&, char const (&) [47])
 .text._ZN2bn20sprite_tiles_manager12_GLOBAL__N_112_create_itemEiPKNS_4tileENS_16compression_typeEib
                0x00000000080114f4      0x2dc bn_sprite_tiles_manager.o
 .text._ZN2bn20sprite_tiles_manager12_GLOBAL__N_116_erase_free_itemEi
                0x00000000080117d0       0xe4 bn_sprite_tiles_manager.o
 .text._ZN2bn20sprite_tiles_manager15decrease_usagesEi.part.0
                0x00000000080118b4      0x10c bn_sprite_tiles_manager.o
 .text._ZN2bn16sprite_tiles_ptr8_destroyEv
                0x00000000080119c0       0x28 bn_sprite_tiles_manager.o
                0x00000000080119c0                bn::sprite_tiles_ptr::_destroy()
 .text._ZN2bn20sprite_tiles_manager12_GLOBAL__N_117_insert_free_itemEiPt
                0x00000000080119e8       0xd0 bn_sprite_tiles_manager.o
 .text._ZN2bn20sprite_tiles_manager12_GLOBAL__N_114_allocate_implEi
                0x0000000008011ab8      0x104 bn_sprite_tiles_manager.o
 .text._ZN2bn20sprite_tiles_manager6updateEv.part.0
                0x0000000008011bbc      0x254 bn_sprite_tiles_manager.o
 .text._ZN2bn20sprite_tiles_manager6updateEv
                0x0000000008011e10       0x1c bn_sprite_tiles_manager.o
                0x0000000008011e10                bn::sprite_tiles_manager::update()
 .text._ZN2bn20sprite_tiles_manager12_GLOBAL__N_112_create_implEPKNS_4tileENS_16compression_typeEi
                0x0000000008011e2c      0x1f0 bn_sprite_tiles_manager.o
 .text._ZN2bn16sprite_tiles_ptr4vramEv
                0x000000000801201c       0x4c bn_sprite_tiles_manager.o
                0x000000000801201c                bn::sprite_tiles_ptr::vram()
 .text._ZN2bn20sprite_tiles_manager8allocateEiNS_8bpp_modeE
                0x0000000008012068       0xc4 bn_sprite_tiles_manager.o
                0x0000000008012068                bn::sprite_tiles_manager::allocate(int, bn::bpp_mode)
 .text._ZN2bn16sprite_tiles_ptr8allocateEiNS_8bpp_modeE
                0x000000000801212c       0x18 bn_sprite_tiles_manager.o
                0x000000000801212c                bn::sprite_tiles_ptr::allocate(int, bn::bpp_mode)
 .text._ZN2bn20sprite_tiles_manager4initEv
                0x0000000008012144      0x148 bn_sprite_tiles_manager.o
                0x0000000008012144                bn::sprite_tiles_manager::init()
 .text._ZN2bn20sprite_tiles_manager12_GLOBAL__N_110_find_implEPKNS_4tileENS_16compression_typeEi
                0x000000000801228c      0x26c bn_sprite_tiles_manager.o
 .text._ZN2bn20sprite_tiles_manager6createERKNS_4spanIKNS_4tileEEENS_16compression_typeE
                0x00000000080124f8      0x12c bn_sprite_tiles_manager.o
                0x00000000080124f8                bn::sprite_tiles_manager::create(bn::span<bn::tile const> const&, bn::compression_type)
 .text._ZNK2bn17sprite_tiles_item12create_tilesEv
                0x0000000008012624       0xb4 bn_sprite_tiles_manager.o
                0x0000000008012624                bn::sprite_tiles_item::create_tiles() const
 .text._ZNK2bn17sprite_tiles_item12create_tilesEi
                0x00000000080126d8      0x104 bn_sprite_tiles_manager.o
                0x00000000080126d8                bn::sprite_tiles_item::create_tiles(int) const
 .text._ZN2bn16sprite_tiles_ptr6createERKNS_17sprite_tiles_itemEi
                0x00000000080127dc      0x104 bn_sprite_tiles_manager.o
                0x00000000080127dc                bn::sprite_tiles_ptr::create(bn::sprite_tiles_item const&, int)
 .text.startup._GLOBAL__sub_I__ZN2bn12sprite_tiles16used_tiles_countEv
                0x00000000080128e0       0xf0 bn_sprite_tiles_manager.o
 .text._ZN2bn15sprites_manager12_GLOBAL__N_125_update_indexes_to_commitERKNS_20sprites_manager_itemE
                0x00000000080129d0       0x48 bn_sprites_manager.o
 .text._ZN2bn13ostringstream11append_argsIiJA4_ciEEEvRKT_DpRKT0_.isra.0
                0x0000000008012a18       0x24 bn_sprites_manager.o
 .text._ZN2bn10sprite_ptrC2ERKS0_
                0x0000000008012a3c        0xc bn_sprites_manager.o
                0x0000000008012a3c                bn::sprite_ptr::sprite_ptr(bn::sprite_ptr const&)
                0x0000000008012a3c                bn::sprite_ptr::sprite_ptr(bn::sprite_ptr const&)
 .text._ZNK2bn10sprite_ptr1xEv
                0x0000000008012a48        0x8 bn_sprites_manager.o
                0x0000000008012a48                bn::sprite_ptr::x() const
 .text._ZNK2bn10sprite_ptr8positionEv
                0x0000000008012a50        0x8 bn_sprites_manager.o
                0x0000000008012a50                bn::sprite_ptr::position() const
 .text._ZN2bn10sprite_ptr12set_positionERKNS_11fixed_pointE
                0x0000000008012a58       0x74 bn_sprites_manager.o
                0x0000000008012a58                bn::sprite_ptr::set_position(bn::fixed_point const&)
 .text._ZN2bn10sprite_ptr11set_visibleEb
                0x0000000008012acc       0x64 bn_sprites_manager.o
                0x0000000008012acc                bn::sprite_ptr::set_visible(bool)
 .text._ZN2bn15sprites_manager4initEv
                0x0000000008012b30       0x34 bn_sprites_manager.o
                0x0000000008012b30                bn::sprites_manager::init()
 .text._ZN2bn15sprites_manager5hw_idEPv
                0x0000000008012b64       0x24 bn_sprites_manager.o
                0x0000000008012b64                bn::sprites_manager::hw_id(void*)
 .text._ZN2bn15sprites_manager5shapeEPv
                0x0000000008012b88        0x8 bn_sprites_manager.o
                0x0000000008012b88                bn::sprites_manager::shape(void*)
 .text._ZN2bn15sprites_manager4sizeEPv
                0x0000000008012b90        0x8 bn_sprites_manager.o
                0x0000000008012b90                bn::sprites_manager::size(void*)
 .text._ZN2bn15sprites_manager10shape_sizeEPv
                0x0000000008012b98       0x14 bn_sprites_manager.o
                0x0000000008012b98                bn::sprites_manager::shape_size(void*)
 .text._ZN2bn15sprites_manager11hw_positionEPv
                0x0000000008012bac        0x4 bn_sprites_manager.o
                0x0000000008012bac                bn::sprites_manager::hw_position(void*)
 .text._ZN2bn15sprites_manager9view_modeEPv
                0x0000000008012bb0        0xc bn_sprites_manager.o
                0x0000000008012bb0                bn::sprites_manager::view_mode(void*)
 .text._ZN2bn15sprites_manager10affine_matEPv
                0x0000000008012bbc        0x4 bn_sprites_manager.o
                0x0000000008012bbc                bn::sprites_manager::affine_mat(void*)
 .text._ZN2bn15sprites_manager39fill_hblank_effect_horizontal_positionsEPviPKNS_7fixed_tILi12EEEPt
                0x0000000008012bc0       0x48 bn_sprites_manager.o
                0x0000000008012bc0                bn::sprites_manager::fill_hblank_effect_horizontal_positions(void*, int, bn::fixed_t<12> const*, unsigned short*)
 .text._ZN2bn15sprites_manager37fill_hblank_effect_vertical_positionsEPviPKNS_7fixed_tILi12EEEPt
                0x0000000008012c08       0x48 bn_sprites_manager.o
                0x0000000008012c08                bn::sprites_manager::fill_hblank_effect_vertical_positions(void*, int, bn::fixed_t<12> const*, unsigned short*)
 .text._ZN2bn15sprites_manager35fill_hblank_effect_first_attributesEiNS_12sprite_shapeENS_8bpp_modeEiPKNS_23sprite_first_attributesEPt
                0x0000000008012c50      0x108 bn_sprites_manager.o
                0x0000000008012c50                bn::sprites_manager::fill_hblank_effect_first_attributes(int, bn::sprite_shape, bn::bpp_mode, int, bn::sprite_first_attributes const*, unsigned short*)
 .text._ZN2bn15sprites_manager44fill_hblank_effect_regular_second_attributesEPviNS_11sprite_sizeEPKNS_32sprite_regular_second_attributesEPt
                0x0000000008012d58       0x60 bn_sprites_manager.o
                0x0000000008012d58                bn::sprites_manager::fill_hblank_effect_regular_second_attributes(void*, int, bn::sprite_size, bn::sprite_regular_second_attributes const*, unsigned short*)
 .text._ZN2bn15sprites_manager43fill_hblank_effect_affine_second_attributesEPviNS_11sprite_sizeEPKNS_31sprite_affine_second_attributesEPt
                0x0000000008012db8       0x58 bn_sprites_manager.o
                0x0000000008012db8                bn::sprites_manager::fill_hblank_effect_affine_second_attributes(void*, int, bn::sprite_size, bn::sprite_affine_second_attributes const*, unsigned short*)
 .text._ZN2bn15sprites_manager14update_camerasEv
                0x0000000008012e10       0x2c bn_sprites_manager.o
                0x0000000008012e10                bn::sprites_manager::update_cameras()
 .text._ZN2bn15sprites_manager6updateEv
                0x0000000008012e3c       0xa8 bn_sprites_manager.o
                0x0000000008012e3c                bn::sprites_manager::update()
 .text._ZNK2bn17sprite_shape_size11tiles_countENS_8bpp_modeE
                0x0000000008012ee4      0x120 bn_sprites_manager.o
                0x0000000008012ee4                bn::sprite_shape_size::tiles_count(bn::bpp_mode) const
 .text._ZN2bn15sprites_manager6commitEv
                0x0000000008013004       0x88 bn_sprites_manager.o
                0x0000000008013004                bn::sprites_manager::commit()
 .text._ZN2bn15sprites_manager7paletteEPv
                0x000000000801308c       0x34 bn_sprites_manager.o
                0x000000000801308c                bn::sprites_manager::palette(void*)
 .text._ZN2bn15sprites_manager12_GLOBAL__N_123_update_item_dimensionsERNS_20sprites_manager_itemE
                0x00000000080130c0       0xd0 bn_sprites_manager.o
 .text._ZN2bn15sprites_manager12_GLOBAL__N_118_remove_affine_matERNS_20sprites_manager_itemE
                0x0000000008013190       0xc8 bn_sprites_manager.o
 .text._ZN2bn15sprites_manager40remove_identity_affine_mat_if_not_neededEPv
                0x0000000008013258       0x18 bn_sprites_manager.o
                0x0000000008013258                bn::sprites_manager::remove_identity_affine_mat_if_not_needed(void*)
 .text._ZN2bn20sprites_manager_itemC2EONS_14sprite_builderEONS_16sprite_tiles_ptrEONS_18sprite_palette_ptrE
                0x0000000008013270      0x464 bn_sprites_manager.o
                0x0000000008013270                bn::sprites_manager_item::sprites_manager_item(bn::sprite_builder&&, bn::sprite_tiles_ptr&&, bn::sprite_palette_ptr&&)
                0x0000000008013270                bn::sprites_manager_item::sprites_manager_item(bn::sprite_builder&&, bn::sprite_tiles_ptr&&, bn::sprite_palette_ptr&&)
 .text._ZN2bn14sprite_builder11set_z_orderEi
                0x00000000080136d4       0x48 bn_sprites_manager.o
                0x00000000080136d4                bn::sprite_builder::set_z_order(int)
 .text._ZN2bn14sprite_builderC2ERKNS_17sprite_shape_sizeENS_16sprite_tiles_ptrENS_18sprite_palette_ptrE
                0x000000000801371c      0x118 bn_sprites_manager.o
                0x000000000801371c                bn::sprite_builder::sprite_builder(bn::sprite_shape_size const&, bn::sprite_tiles_ptr, bn::sprite_palette_ptr)
                0x000000000801371c                bn::sprite_builder::sprite_builder(bn::sprite_shape_size const&, bn::sprite_tiles_ptr, bn::sprite_palette_ptr)
 .text._ZN2bn14sprite_builder15set_bg_priorityEi
                0x0000000008013834       0x38 bn_sprites_manager.o
                0x0000000008013834                bn::sprite_builder::set_bg_priority(int)
 .text._ZN2bn14sprite_builder13release_tilesEv
                0x000000000801386c       0x58 bn_sprites_manager.o
                0x000000000801386c                bn::sprite_builder::release_tiles()
 .text._ZN2bn14sprite_builder15release_paletteEv
                0x00000000080138c4       0x54 bn_sprites_manager.o
                0x00000000080138c4                bn::sprite_builder::release_palette()
 .text._ZN3_bn6assert9show_argsIJA27_ciA4_ciEEEvPKcS5_S5_iDpRKT_
                0x0000000008013918       0x5c bn_sprites_manager.o
                0x0000000008013918                void _bn::assert::show_args<char [27], int, char [4], int>(char const*, char const*, char const*, int, char const (&) [27], int const&, char const (&) [4], int const&)
 .text._ZN2bn15sprites_manager35fill_hblank_effect_third_attributesENS_17sprite_shape_sizeEPKNS_23sprite_third_attributesEPt
                0x0000000008013974       0xb8 bn_sprites_manager.o
                0x0000000008013974                bn::sprites_manager::fill_hblank_effect_third_attributes(bn::sprite_shape_size, bn::sprite_third_attributes const*, unsigned short*)
 .text._ZN2bn14sorted_sprites6sorter6insertERNS_20sprites_manager_itemE
                0x0000000008013a2c      0x198 bn_sprites_manager.o
                0x0000000008013a2c                bn::sorted_sprites::sorter::insert(bn::sprites_manager_item&)
 .text._ZN2bn15sprites_manager6createERKNS_11fixed_pointERKNS_17sprite_shape_sizeEONS_16sprite_tiles_ptrEONS_18sprite_palette_ptrE
                0x0000000008013bc4      0x1d4 bn_sprites_manager.o
                0x0000000008013bc4                bn::sprites_manager::create(bn::fixed_point const&, bn::sprite_shape_size const&, bn::sprite_tiles_ptr&&, bn::sprite_palette_ptr&&)
 .text._ZN2bn10sprite_ptr6createENS_7fixed_tILi12EEES2_RKNS_11sprite_itemE
                0x0000000008013d98       0x54 bn_sprites_manager.o
                0x0000000008013d98                bn::sprite_ptr::create(bn::fixed_t<12>, bn::fixed_t<12>, bn::sprite_item const&)
 .text._ZNK2bn11sprite_item13create_spriteENS_7fixed_tILi12EEES2_
                0x0000000008013dec       0x1c bn_sprites_manager.o
                0x0000000008013dec                bn::sprite_item::create_sprite(bn::fixed_t<12>, bn::fixed_t<12>) const
 .text._ZN2bn15sprites_manager6createEONS_14sprite_builderE
                0x0000000008013e08       0xec bn_sprites_manager.o
                0x0000000008013e08                bn::sprites_manager::create(bn::sprite_builder&&)
 .text._ZN2bn10sprite_ptr6createEONS_14sprite_builderE
                0x0000000008013ef4       0x14 bn_sprites_manager.o
                0x0000000008013ef4                bn::sprite_ptr::create(bn::sprite_builder&&)
 .text._ZN2bn15sprites_manager15decrease_usagesEPv.part.0
                0x0000000008013f08      0x18c bn_sprites_manager.o
 .text._ZN2bn10sprite_ptr8_destroyEv
                0x0000000008014094       0x1c bn_sprites_manager.o
                0x0000000008014094                bn::sprite_ptr::_destroy()
 .text.startup._GLOBAL__sub_I__ZN2bn7sprites16used_items_countEv
                0x00000000080140b0       0x9c bn_sprites_manager.o
 .text.exit._GLOBAL__sub_D__ZN2bn7sprites16used_items_countEv
                0x000000000801414c       0x68 bn_sprites_manager.o
 .text._ZN2bn13ostringstreamC2ERNS_12istring_baseE
                0x00000000080141b4        0x8 bn_sstream.o
                0x00000000080141b4                bn::ostringstream::ostringstream(bn::istring_base&)
                0x00000000080141b4                bn::ostringstream::ostringstream(bn::istring_base&)
 .text._ZNK2bn13ostringstream4sizeEv
                0x00000000080141bc        0x8 bn_sstream.o
                0x00000000080141bc                bn::ostringstream::size() const
 .text._ZN3_bn6assert9show_argsIJA26_ciEEEvPKcS4_S4_iDpRKT_
                0x00000000080141c4       0xf8 bn_sstream.o
                0x00000000080141c4                void _bn::assert::show_args<char [26], int>(char const*, char const*, char const*, int, char const (&) [26], int const&)
 .text._ZN2bn13ostringstream6appendEi
                0x00000000080142bc       0xa0 bn_sstream.o
                0x00000000080142bc                bn::ostringstream::append(int)
 .text._ZN3_bn6assert9show_argsIJA29_ciA4_ciEEEvPKcS5_S5_iDpRKT_
                0x000000000801435c       0x68 bn_sstream.o
                0x000000000801435c                void _bn::assert::show_args<char [29], int, char [4], int>(char const*, char const*, char const*, int, char const (&) [29], int const&, char const (&) [4], int const&)
 .text._ZN2bn13ostringstream6appendEPKc
                0x00000000080143c4       0xa0 bn_sstream.o
                0x00000000080143c4                bn::ostringstream::append(char const*)
 .text._ZN2bn13ostringstream6appendERKNS_11string_viewE
                0x0000000008014464       0x98 bn_sstream.o
                0x0000000008014464                bn::ostringstream::append(bn::string_view const&)
 .text._ZN2bn13ostringstream6appendEj
                0x00000000080144fc       0xa0 bn_sstream.o
                0x00000000080144fc                bn::ostringstream::append(unsigned int)
 .text._ZN2bn13ostringstream6appendEPKv
                0x000000000801459c      0x118 bn_sstream.o
                0x000000000801459c                bn::ostringstream::append(void const*)
 .text._ZN2bn7istring6appendEPKc.isra.0
                0x00000000080146b4       0xa0 bn_sstream.o
 .text._ZN2bn13ostringstream6appendEc
                0x0000000008014754       0x48 bn_sstream.o
                0x0000000008014754                bn::ostringstream::append(char)
 .text._ZN2bn13ostringstream16_append_fractionEji
                0x000000000801479c      0x108 bn_sstream.o
                0x000000000801479c                bn::ostringstream::_append_fraction(unsigned int, int)
 .text._ZN2bn5timerC2Ev
                0x00000000080148a4       0x18 bn_timer.o
                0x00000000080148a4                bn::timer::timer()
                0x00000000080148a4                bn::timer::timer()
 .text._ZNK2bn5timer13elapsed_ticksEv
                0x00000000080148bc       0x38 bn_timer.o
                0x00000000080148bc                bn::timer::elapsed_ticks() const
 .text._ZN2bn5timer7restartEv
                0x00000000080148f4       0x18 bn_timer.o
                0x00000000080148f4                bn::timer::restart()
 .text._ZN2bn2hw5audio12_GLOBAL__N_137_update_frame_with_hp_vblank_functionEv
                0x000000000801490c       0x28 bn_hw_audio.o
 .text._ZN2bn2hw5audio4initEPFvvES3_
                0x0000000008014934       0x64 bn_hw_audio.o
                0x0000000008014934                bn::hw::audio::init(void (*)(), void (*)())
 .text._ZN2bn2hw5audio7disableEv
                0x0000000008014998       0x34 bn_hw_audio.o
                0x0000000008014998                bn::hw::audio::disable()
 .text._ZN2bn2hw5audio13music_playingEv
                0x00000000080149cc       0x10 bn_hw_audio.o
                0x00000000080149cc                bn::hw::audio::music_playing()
 .text._ZN2bn2hw5audio10play_musicEiib
                0x00000000080149dc       0x2c bn_hw_audio.o
                0x00000000080149dc                bn::hw::audio::play_music(int, int, bool)
 .text._ZN2bn2hw5audio10stop_musicEv
                0x0000000008014a08        0xc bn_hw_audio.o
                0x0000000008014a08                bn::hw::audio::stop_music()
 .text._ZN2bn2hw5audio11pause_musicEv
                0x0000000008014a14        0xc bn_hw_audio.o
                0x0000000008014a14                bn::hw::audio::pause_music()
 .text._ZN2bn2hw5audio12resume_musicEv
                0x0000000008014a20        0xc bn_hw_audio.o
                0x0000000008014a20                bn::hw::audio::resume_music()
 .text._ZN2bn2hw5audio14music_positionEv
                0x0000000008014a2c        0xc bn_hw_audio.o
                0x0000000008014a2c                bn::hw::audio::music_position()
 .text._ZN2bn2hw5audio18set_music_positionEi
                0x0000000008014a38        0xc bn_hw_audio.o
                0x0000000008014a38                bn::hw::audio::set_music_position(int)
 .text._ZN2bn2hw5audio16set_music_volumeEi
                0x0000000008014a44        0xc bn_hw_audio.o
                0x0000000008014a44                bn::hw::audio::set_music_volume(int)
 .text._ZN2bn2hw5audio22disable_vblank_handlerEv
                0x0000000008014a50       0x14 bn_hw_audio.o